/workspace/Code/vendor/chexfound/layers/swiglu_ffn.py:45: UserWarning: xFormers is disabled (SwiGLU)
  warnings.warn("xFormers is disabled (SwiGLU)")
/workspace/Code/vendor/chexfound/layers/swiglu_ffn.py:51: UserWarning: xFormers is not available (SwiGLU)
  warnings.warn("xFormers is not available (SwiGLU)")
/workspace/Code/vendor/chexfound/layers/attention.py:29: UserWarning: xFormers is disabled (Attention)
  warnings.warn("xFormers is disabled (Attention)")
/workspace/Code/vendor/chexfound/layers/attention.py:33: UserWarning: xFormers is not available (Attention)
  warnings.warn("xFormers is not available (Attention)")
/workspace/Code/vendor/chexfound/layers/block.py:35: UserWarning: xFormers is disabled (Block)
  warnings.warn("xFormers is disabled (Block)")
/workspace/Code/vendor/chexfound/layers/block.py:40: UserWarning: xFormers is not available (Block)
  warnings.warn("xFormers is not available (Block)")
loaded /workspace/Code/runs/ordfused_chexfound_vitl16/fold0_best.pt (fold 0, best {'score': 0.8206741573033708, 'tau': 0.37999999999999995, 'acc': 0.8651685393258427, 'dice': 0.7168539325842697, 'gate_mean': 0.4556798040866852, 'epoch': 7})
loaded /workspace/Code/runs/ordfused_chexfound_vitl16/fold1_best.pt (fold 1, best {'score': 0.8179775280898876, 'tau': 0.3449999999999999, 'acc': 0.8651685393258427, 'dice': 0.7078651685393258, 'gate_mean': 0.5045424699783325, 'epoch': 12})
loaded /workspace/Code/runs/ordfused_chexfound_vitl16/fold2_best.pt (fold 2, best {'score': 0.7617977528089886, 'tau': 0.055, 'acc': 0.8089887640449438, 'dice': 0.651685393258427, 'gate_mean': 0.4980451166629791, 'epoch': 20})
loaded /workspace/Code/runs/ordfused_chexfound_vitl16/fold3_best.pt (fold 3, best {'score': 0.7518181818181817, 'tau': 0.49499999999999994, 'acc': 0.7954545454545454, 'dice': 0.65, 'gate_mean': 0.540022611618042, 'epoch': 9})
loaded /workspace/Code/runs/ordfused_chexfound_vitl16/fold4_best.pt (fold 4, best {'score': 0.8022471910112359, 'tau': 0.61, 'acc': 0.8426966292134831, 'dice': 0.7078651685393258, 'gate_mean': 0.4173102080821991, 'epoch': 9})
[ordfused_chexfound_vitl16] OOF tau*=0.390 accuracy=0.7905
[ordfused_chexfound_vitl16] TEST score=0.7996 acc=0.8559 dice=0.6685 (tau from OOF)
wrote /workspace/Code/../submissions/submission_ordfused_chexfound_vitl16.csv
