/workspace/Code/vendor/chexfound/layers/swiglu_ffn.py:45: UserWarning: xFormers is disabled (SwiGLU)
  warnings.warn("xFormers is disabled (SwiGLU)")
/workspace/Code/vendor/chexfound/layers/swiglu_ffn.py:51: UserWarning: xFormers is not available (SwiGLU)
  warnings.warn("xFormers is not available (SwiGLU)")
/workspace/Code/vendor/chexfound/layers/attention.py:29: UserWarning: xFormers is disabled (Attention)
  warnings.warn("xFormers is disabled (Attention)")
/workspace/Code/vendor/chexfound/layers/attention.py:33: UserWarning: xFormers is not available (Attention)
  warnings.warn("xFormers is not available (Attention)")
/workspace/Code/vendor/chexfound/layers/block.py:35: UserWarning: xFormers is disabled (Block)
  warnings.warn("xFormers is disabled (Block)")
/workspace/Code/vendor/chexfound/layers/block.py:40: UserWarning: xFormers is not available (Block)
  warnings.warn("xFormers is not available (Block)")
loaded /workspace/Code/runs/ordfused_eva_x_base/fold0_best.pt (fold 0, best {'score': 0.8148314606741573, 'tau': 0.7849999999999999, 'acc': 0.8539325842696629, 'dice': 0.7235955056179776, 'gate_mean': 0.6232022643089294, 'epoch': 17})
loaded /workspace/Code/runs/ordfused_eva_x_base/fold1_best.pt (fold 1, best {'score': 0.840449438202247, 'tau': 0.43999999999999995, 'acc': 0.8876404494382022, 'dice': 0.7303370786516854, 'gate_mean': 0.7099353671073914, 'epoch': 16})
loaded /workspace/Code/runs/ordfused_eva_x_base/fold2_best.pt (fold 2, best {'score': 0.7869662921348315, 'tau': 0.35999999999999993, 'acc': 0.8314606741573034, 'dice': 0.6831460674157303, 'gate_mean': 0.6052759885787964, 'epoch': 17})
loaded /workspace/Code/runs/ordfused_eva_x_base/fold3_best.pt (fold 3, best {'score': 0.7940909090909091, 'tau': 0.72, 'acc': 0.8295454545454546, 'dice': 0.7113636363636364, 'gate_mean': 0.6821239590644836, 'epoch': 13})
loaded /workspace/Code/runs/ordfused_eva_x_base/fold4_best.pt (fold 4, best {'score': 0.7667415730337077, 'tau': 0.635, 'acc': 0.797752808988764, 'dice': 0.69438202247191, 'gate_mean': 0.7988338470458984, 'epoch': 11})
loaded /workspace/Code/runs/ordfused_rad_dino/fold0_best.pt (fold 0, best {'score': 0.830561797752809, 'tau': 0.4149999999999999, 'acc': 0.8764044943820225, 'dice': 0.7235955056179776, 'gate_mean': 0.47004759311676025, 'epoch': 14})
loaded /workspace/Code/runs/ordfused_rad_dino/fold1_best.pt (fold 1, best {'score': 0.7910112359550562, 'tau': 0.39499999999999996, 'acc': 0.8314606741573034, 'dice': 0.6966292134831461, 'gate_mean': 0.5579496026039124, 'epoch': 12})
loaded /workspace/Code/runs/ordfused_rad_dino/fold2_best.pt (fold 2, best {'score': 0.7784269662921348, 'tau': 0.4699999999999999, 'acc': 0.8202247191011236, 'dice': 0.6808988764044944, 'gate_mean': 0.3643648028373718, 'epoch': 11})
loaded /workspace/Code/runs/ordfused_rad_dino/fold3_best.pt (fold 3, best {'score': 0.7713636363636363, 'tau': 0.72, 'acc': 0.8068181818181818, 'dice': 0.6886363636363636, 'gate_mean': 0.35943344235420227, 'epoch': 11})
loaded /workspace/Code/runs/ordfused_rad_dino/fold4_best.pt (fold 4, best {'score': 0.7712359550561796, 'tau': 0.61, 'acc': 0.8089887640449438, 'dice': 0.6831460674157303, 'gate_mean': 0.3495756983757019, 'epoch': 11})
loaded /workspace/Code/runs/ordfused_chexfound_vitl16/fold0_best.pt (fold 0, best {'score': 0.8206741573033708, 'tau': 0.37999999999999995, 'acc': 0.8651685393258427, 'dice': 0.7168539325842697, 'gate_mean': 0.4556798040866852, 'epoch': 7})
loaded /workspace/Code/runs/ordfused_chexfound_vitl16/fold1_best.pt (fold 1, best {'score': 0.8179775280898876, 'tau': 0.3449999999999999, 'acc': 0.8651685393258427, 'dice': 0.7078651685393258, 'gate_mean': 0.5045424699783325, 'epoch': 12})
loaded /workspace/Code/runs/ordfused_chexfound_vitl16/fold2_best.pt (fold 2, best {'score': 0.7617977528089886, 'tau': 0.055, 'acc': 0.8089887640449438, 'dice': 0.651685393258427, 'gate_mean': 0.4980451166629791, 'epoch': 20})
loaded /workspace/Code/runs/ordfused_chexfound_vitl16/fold3_best.pt (fold 3, best {'score': 0.7518181818181817, 'tau': 0.49499999999999994, 'acc': 0.7954545454545454, 'dice': 0.65, 'gate_mean': 0.540022611618042, 'epoch': 9})
loaded /workspace/Code/runs/ordfused_chexfound_vitl16/fold4_best.pt (fold 4, best {'score': 0.8022471910112359, 'tau': 0.61, 'acc': 0.8426966292134831, 'dice': 0.7078651685393258, 'gate_mean': 0.4173102080821991, 'epoch': 9})
[ordfused] OOF tau*=0.560 accuracy=0.8221
[ordfused] TEST score=0.7495 acc=0.7928 dice=0.6486 (tau from OOF)
wrote /workspace/Code/../submissions/submission_ordfused.csv
