model=resnet50d device=cuda fold_arg=all
cavity  large  medium  none  small
fold                              
0          12      12    49     16
1          11      13    49     16
2          11      13    50     15
3          11      12    49     16
4          12      11    50     16
[resnet50d] fold 0: 23.5M params, train=355 val=89 pos_weight=1.261
[resnet50d] fold0 ep00  loss=0.7714  score=0.7294 acc=0.7753 dice=0.6225 tau*=0.655  (60.1s)
[resnet50d] fold0 ep01  loss=0.3398  score=0.7375 acc=0.7753 dice=0.6494 tau*=0.510  (47.1s)
[resnet50d] fold0 ep02  loss=0.1884  score=0.7699 acc=0.8090 dice=0.6787 tau*=0.765  (48.3s)
[resnet50d] fold0 ep03  loss=0.1802  score=0.7542 acc=0.7865 dice=0.6787 tau*=0.615  (47.1s)
[resnet50d] fold0 ep04  loss=0.1233  score=0.7344 acc=0.7640 dice=0.6652 tau*=0.825  (46.9s)
[resnet50d] fold0 ep05  loss=0.0669  score=0.7744 acc=0.8202 dice=0.6674 tau*=0.265  (48.8s)
[resnet50d] fold0 ep06  loss=0.0370  score=0.7600 acc=0.7978 dice=0.6719 tau*=0.655  (51.4s)
[resnet50d] fold0 ep07  loss=0.0400  score=0.7573 acc=0.7978 dice=0.6629 tau*=0.915  (49.8s)
[resnet50d] fold0 ep08  loss=0.0362  score=0.7897 acc=0.8315 dice=0.6921 tau*=0.745  (50.5s)
[resnet50d] fold0 ep09  loss=0.0979  score=0.7501 acc=0.7865 dice=0.6652 tau*=0.560  (51.3s)
[resnet50d] fold0 ep10  loss=0.0943  score=0.7281 acc=0.7753 dice=0.6180 tau*=0.860  (46.6s)
[resnet50d] fold0 ep11  loss=0.0944  score=0.7757 acc=0.8202 dice=0.6719 tau*=0.580  (46.9s)
[resnet50d] fold0 ep12  loss=0.0465  score=0.7672 acc=0.8090 dice=0.6697 tau*=0.860  (50.5s)
[resnet50d] fold0 ep13  loss=0.0272  score=0.7420 acc=0.7865 dice=0.6382 tau*=0.235  (47.0s)
[resnet50d] fold0 ep14  loss=0.0376  score=0.7155 acc=0.7640 dice=0.6022 tau*=0.225  (45.9s)
[resnet50d] fold0 ep15  loss=0.0290  score=0.7488 acc=0.7865 dice=0.6607 tau*=0.640  (47.6s)
[resnet50d] fold0 ep16  loss=0.0214  score=0.7488 acc=0.7865 dice=0.6607 tau*=0.645  (47.8s)
[resnet50d] fold0 ep17  loss=0.0067  score=0.7474 acc=0.7865 dice=0.6562 tau*=0.880  (48.4s)
[resnet50d] fold0 ep18  loss=0.0108  score=0.7645 acc=0.8090 dice=0.6607 tau*=0.565  (46.4s)
[resnet50d] fold0 ep19  loss=0.0153  score=0.7757 acc=0.8202 dice=0.6719 tau*=0.430  (47.0s)
[resnet50d] fold0 ep20  loss=0.0059  score=0.7645 acc=0.8090 dice=0.6607 tau*=0.300  (46.9s)
[resnet50d] fold0 ep21  loss=0.0047  score=0.7672 acc=0.8090 dice=0.6697 tau*=0.550  (47.1s)
[resnet50d] fold0 ep22  loss=0.0045  score=0.7699 acc=0.8090 dice=0.6787 tau*=0.675  (47.7s)
[resnet50d] fold0 ep23  loss=0.0040  score=0.7757 acc=0.8202 dice=0.6719 tau*=0.470  (48.7s)
[resnet50d] fold0 ep24  loss=0.0141  score=0.7658 acc=0.8090 dice=0.6652 tau*=0.495  (46.9s)
[resnet50d] fold0 BEST: {'score': 0.7896629213483146, 'tau': 0.7449999999999999, 'acc': 0.8314606741573034, 'dice': 0.6921348314606741, 'epoch': 8}  -> /workspace/Code/runs/resnet50d/fold0_best.pt
Warning: You are sending unauthenticated requests to the HF Hub. Please set a HF_TOKEN to enable higher rate limits and faster downloads.
[resnet50d] fold 1: 23.5M params, train=355 val=89 pos_weight=1.261
[resnet50d] fold1 ep00  loss=0.7083  score=0.6989 acc=0.7191 dice=0.6517 tau*=0.560  (44.2s)
[resnet50d] fold1 ep01  loss=0.3450  score=0.7416 acc=0.7753 dice=0.6629 tau*=0.655  (44.4s)
[resnet50d] fold1 ep02  loss=0.1815  score=0.7573 acc=0.7978 dice=0.6629 tau*=0.735  (46.5s)
[resnet50d] fold1 ep03  loss=0.1139  score=0.7627 acc=0.7978 dice=0.6809 tau*=0.885  (47.1s)
[resnet50d] fold1 ep04  loss=0.0838  score=0.8063 acc=0.8427 dice=0.7213 tau*=0.775  (44.3s)
[resnet50d] fold1 ep05  loss=0.1082  score=0.7501 acc=0.7865 dice=0.6652 tau*=0.835  (45.4s)
[resnet50d] fold1 ep06  loss=0.0682  score=0.7375 acc=0.7753 dice=0.6494 tau*=0.840  (45.9s)
[resnet50d] fold1 ep07  loss=0.0543  score=0.7627 acc=0.7978 dice=0.6809 tau*=0.830  (46.8s)
[resnet50d] fold1 ep08  loss=0.0646  score=0.7726 acc=0.8090 dice=0.6876 tau*=0.910  (45.8s)
[resnet50d] fold1 ep09  loss=0.0823  score=0.7461 acc=0.7865 dice=0.6517 tau*=0.135  (43.4s)
[resnet50d] fold1 ep10  loss=0.0549  score=0.7515 acc=0.7865 dice=0.6697 tau*=0.630  (46.7s)
[resnet50d] fold1 ep11  loss=0.0422  score=0.7204 acc=0.7528 dice=0.6449 tau*=0.950  (44.7s)
[resnet50d] fold1 ep12  loss=0.0603  score=0.7052 acc=0.7416 dice=0.6202 tau*=0.455  (44.8s)
[resnet50d] fold1 ep13  loss=0.0819  score=0.7061 acc=0.7303 dice=0.6494 tau*=0.950  (46.0s)
[resnet50d] fold1 ep14  loss=0.0337  score=0.7528 acc=0.7865 dice=0.6742 tau*=0.920  (48.2s)
[resnet50d] fold1 ep15  loss=0.0266  score=0.7389 acc=0.7753 dice=0.6539 tau*=0.830  (44.5s)
[resnet50d] fold1 ep16  loss=0.0154  score=0.7335 acc=0.7753 dice=0.6360 tau*=0.470  (47.4s)
[resnet50d] fold1 ep17  loss=0.0238  score=0.7389 acc=0.7753 dice=0.6539 tau*=0.745  (46.4s)
[resnet50d] fold1 ep18  loss=0.0158  score=0.7488 acc=0.7865 dice=0.6607 tau*=0.600  (46.1s)
[resnet50d] fold1 ep19  loss=0.0067  score=0.7501 acc=0.7865 dice=0.6652 tau*=0.710  (44.3s)
[resnet50d] fold1 ep20  loss=0.0200  score=0.7501 acc=0.7865 dice=0.6652 tau*=0.520  (44.2s)
[resnet50d] fold1 ep21  loss=0.0051  score=0.7600 acc=0.7978 dice=0.6719 tau*=0.645  (43.8s)
[resnet50d] fold1 ep22  loss=0.0066  score=0.7501 acc=0.7865 dice=0.6652 tau*=0.660  (45.6s)
[resnet50d] fold1 ep23  loss=0.0018  score=0.7600 acc=0.7978 dice=0.6719 tau*=0.600  (46.0s)
[resnet50d] fold1 ep24  loss=0.0053  score=0.7600 acc=0.7978 dice=0.6719 tau*=0.565  (47.0s)
[resnet50d] fold1 BEST: {'score': 0.8062921348314604, 'tau': 0.7749999999999999, 'acc': 0.8426966292134831, 'dice': 0.7213483146067414, 'epoch': 4}  -> /workspace/Code/runs/resnet50d/fold1_best.pt
[resnet50d] fold 2: 23.5M params, train=355 val=89 pos_weight=1.247
[resnet50d] fold2 ep00  loss=0.6956  score=0.6517 acc=0.6854 dice=0.5730 tau*=0.610  (45.9s)
[resnet50d] fold2 ep01  loss=0.3473  score=0.7321 acc=0.7753 dice=0.6315 tau*=0.455  (49.6s)
[resnet50d] fold2 ep02  loss=0.2179  score=0.7276 acc=0.7640 dice=0.6427 tau*=0.310  (47.0s)
[resnet50d] fold2 ep03  loss=0.1569  score=0.7546 acc=0.7978 dice=0.6539 tau*=0.455  (50.9s)
[resnet50d] fold2 ep04  loss=0.1053  score=0.7263 acc=0.7640 dice=0.6382 tau*=0.525  (48.0s)
[resnet50d] fold2 ep05  loss=0.0921  score=0.7308 acc=0.7753 dice=0.6270 tau*=0.485  (48.3s)
[resnet50d] fold2 ep06  loss=0.0611  score=0.7492 acc=0.7978 dice=0.6360 tau*=0.175  (45.6s)
[resnet50d] fold2 ep07  loss=0.0539  score=0.7447 acc=0.7865 dice=0.6472 tau*=0.235  (48.2s)
[resnet50d] fold2 ep08  loss=0.0189  score=0.7587 acc=0.7978 dice=0.6674 tau*=0.490  (48.4s)
[resnet50d] fold2 ep09  loss=0.0200  score=0.7587 acc=0.7978 dice=0.6674 tau*=0.570  (48.5s)
[resnet50d] fold2 ep10  loss=0.0438  score=0.7362 acc=0.7753 dice=0.6449 tau*=0.395  (47.6s)
[resnet50d] fold2 ep11  loss=0.0362  score=0.7294 acc=0.7753 dice=0.6225 tau*=0.100  (46.6s)
[resnet50d] fold2 ep12  loss=0.0158  score=0.7209 acc=0.7640 dice=0.6202 tau*=0.060  (45.8s)
[resnet50d] fold2 ep13  loss=0.0123  score=0.7303 acc=0.7640 dice=0.6517 tau*=0.850  (46.3s)
[resnet50d] fold2 ep14  loss=0.0106  score=0.7308 acc=0.7753 dice=0.6270 tau*=0.145  (48.5s)
[resnet50d] fold2 ep15  loss=0.0238  score=0.7492 acc=0.7978 dice=0.6360 tau*=0.055  (49.0s)
[resnet50d] fold2 ep16  loss=0.0102  score=0.7196 acc=0.7640 dice=0.6157 tau*=0.100  (47.9s)
[resnet50d] fold2 ep17  loss=0.0065  score=0.7065 acc=0.7416 dice=0.6247 tau*=0.465  (46.5s)
[resnet50d] fold2 ep18  loss=0.0120  score=0.7308 acc=0.7753 dice=0.6270 tau*=0.140  (46.9s)
[resnet50d] fold2 ep19  loss=0.0161  score=0.7308 acc=0.7753 dice=0.6270 tau*=0.150  (48.5s)
[resnet50d] fold2 ep20  loss=0.0026  score=0.7222 acc=0.7640 dice=0.6247 tau*=0.130  (46.3s)
[resnet50d] fold2 ep21  loss=0.0051  score=0.7308 acc=0.7753 dice=0.6270 tau*=0.070  (47.1s)
[resnet50d] fold2 ep22  loss=0.0040  score=0.7308 acc=0.7753 dice=0.6270 tau*=0.065  (48.2s)
[resnet50d] fold2 ep23  loss=0.0080  score=0.7308 acc=0.7753 dice=0.6270 tau*=0.080  (47.8s)
[resnet50d] fold2 ep24  loss=0.0101  score=0.7209 acc=0.7640 dice=0.6202 tau*=0.065  (53.0s)
[resnet50d] fold2 BEST: {'score': 0.7586516853932583, 'tau': 0.48999999999999994, 'acc': 0.797752808988764, 'dice': 0.6674157303370787, 'epoch': 8}  -> /workspace/Code/runs/resnet50d/fold2_best.pt
[resnet50d] fold 3: 23.5M params, train=356 val=88 pos_weight=1.253
[resnet50d] fold3 ep00  loss=0.6947  score=0.6564 acc=0.6932 dice=0.5705 tau*=0.555  (47.0s)
[resnet50d] fold3 ep01  loss=0.3316  score=0.7132 acc=0.7500 dice=0.6273 tau*=0.310  (47.6s)
[resnet50d] fold3 ep02  loss=0.1732  score=0.7218 acc=0.7614 dice=0.6295 tau*=0.195  (45.3s)
[resnet50d] fold3 ep03  loss=0.1535  score=0.7173 acc=0.7500 dice=0.6409 tau*=0.780  (45.2s)
[resnet50d] fold3 ep04  loss=0.1272  score=0.7500 acc=0.7841 dice=0.6705 tau*=0.625  (46.2s)
[resnet50d] fold3 ep05  loss=0.0778  score=0.6927 acc=0.7159 dice=0.6386 tau*=0.890  (48.5s)
[resnet50d] fold3 ep06  loss=0.0871  score=0.7359 acc=0.7727 dice=0.6500 tau*=0.935  (49.7s)
[resnet50d] fold3 ep07  loss=0.0805  score=0.7445 acc=0.7841 dice=0.6523 tau*=0.465  (48.8s)
[resnet50d] fold3 ep08  loss=0.0709  score=0.7241 acc=0.7500 dice=0.6636 tau*=0.910  (46.9s)
[resnet50d] fold3 ep09  loss=0.0284  score=0.7259 acc=0.7614 dice=0.6432 tau*=0.645  (49.3s)
[resnet50d] fold3 ep10  loss=0.0251  score=0.7445 acc=0.7841 dice=0.6523 tau*=0.910  (45.4s)
[resnet50d] fold3 ep11  loss=0.0298  score=0.7473 acc=0.7841 dice=0.6614 tau*=0.910  (49.6s)
[resnet50d] fold3 ep12  loss=0.0285  score=0.7400 acc=0.7727 dice=0.6636 tau*=0.870  (46.1s)
[resnet50d] fold3 ep13  loss=0.0073  score=0.7300 acc=0.7614 dice=0.6568 tau*=0.920  (48.5s)
[resnet50d] fold3 ep14  loss=0.0123  score=0.7218 acc=0.7614 dice=0.6295 tau*=0.390  (47.1s)
[resnet50d] fold3 ep15  loss=0.0284  score=0.7300 acc=0.7614 dice=0.6568 tau*=0.945  (49.1s)
[resnet50d] fold3 ep16  loss=0.0041  score=0.7145 acc=0.7500 dice=0.6318 tau*=0.925  (46.3s)
[resnet50d] fold3 ep17  loss=0.0080  score=0.7077 acc=0.7500 dice=0.6091 tau*=0.505  (47.6s)
[resnet50d] fold3 ep18  loss=0.0020  score=0.7177 acc=0.7614 dice=0.6159 tau*=0.490  (48.8s)
[resnet50d] fold3 ep19  loss=0.0050  score=0.7177 acc=0.7614 dice=0.6159 tau*=0.560  (50.4s)
[resnet50d] fold3 ep20  loss=0.0025  score=0.7177 acc=0.7614 dice=0.6159 tau*=0.685  (48.3s)
[resnet50d] fold3 ep21  loss=0.0022  score=0.7273 acc=0.7614 dice=0.6477 tau*=0.910  (46.3s)
[resnet50d] fold3 ep22  loss=0.0025  score=0.7273 acc=0.7614 dice=0.6477 tau*=0.915  (47.8s)
[resnet50d] fold3 ep23  loss=0.0091  score=0.7173 acc=0.7500 dice=0.6409 tau*=0.945  (46.7s)
[resnet50d] fold3 ep24  loss=0.0026  score=0.7177 acc=0.7614 dice=0.6159 tau*=0.620  (47.6s)
[resnet50d] fold3 BEST: {'score': 0.75, 'tau': 0.625, 'acc': 0.7840909090909091, 'dice': 0.6704545454545454, 'epoch': 4}  -> /workspace/Code/runs/resnet50d/fold3_best.pt
[resnet50d] fold 4: 23.5M params, train=355 val=89 pos_weight=1.247
[resnet50d] fold4 ep00  loss=0.7435  score=0.7416 acc=0.7753 dice=0.6629 tau*=0.705  (50.2s)
[resnet50d] fold4 ep01  loss=0.3559  score=0.7178 acc=0.7528 dice=0.6360 tau*=0.730  (43.0s)
[resnet50d] fold4 ep02  loss=0.1921  score=0.7600 acc=0.7978 dice=0.6719 tau*=0.580  (44.2s)
[resnet50d] fold4 ep03  loss=0.1272  score=0.7879 acc=0.8202 dice=0.7124 tau*=0.840  (44.0s)
[resnet50d] fold4 ep04  loss=0.0728  score=0.7555 acc=0.7865 dice=0.6831 tau*=0.915  (43.9s)
[resnet50d] fold4 ep05  loss=0.0640  score=0.7937 acc=0.8315 dice=0.7056 tau*=0.765  (45.2s)
[resnet50d] fold4 ep06  loss=0.0743  score=0.7236 acc=0.7640 dice=0.6292 tau*=0.510  (44.8s)
[resnet50d] fold4 ep07  loss=0.0941  score=0.7429 acc=0.7753 dice=0.6674 tau*=0.480  (44.1s)
[resnet50d] fold4 ep08  loss=0.1608  score=0.7371 acc=0.7640 dice=0.6742 tau*=0.920  (44.5s)
[resnet50d] fold4 ep09  loss=0.0909  score=0.7982 acc=0.8427 dice=0.6944 tau*=0.675  (45.7s)
[resnet50d] fold4 ep10  loss=0.0538  score=0.7357 acc=0.7640 dice=0.6697 tau*=0.915  (46.5s)
[resnet50d] fold4 ep11  loss=0.0400  score=0.7501 acc=0.7865 dice=0.6652 tau*=0.950  (46.4s)
[resnet50d] fold4 ep12  loss=0.0380  score=0.7658 acc=0.8090 dice=0.6652 tau*=0.555  (45.0s)
[resnet50d] fold4 ep13  loss=0.0236  score=0.7555 acc=0.7865 dice=0.6831 tau*=0.950  (46.2s)
[resnet50d] fold4 ep14  loss=0.0203  score=0.7654 acc=0.7978 dice=0.6899 tau*=0.905  (43.9s)
[resnet50d] fold4 ep15  loss=0.0131  score=0.7555 acc=0.7865 dice=0.6831 tau*=0.945  (45.7s)
[resnet50d] fold4 ep16  loss=0.0040  score=0.7654 acc=0.7978 dice=0.6899 tau*=0.920  (46.0s)
[resnet50d] fold4 ep17  loss=0.0162  score=0.7654 acc=0.7978 dice=0.6899 tau*=0.900  (44.9s)
[resnet50d] fold4 ep18  loss=0.0036  score=0.7640 acc=0.7978 dice=0.6854 tau*=0.800  (47.1s)
[resnet50d] fold4 ep19  loss=0.0020  score=0.7654 acc=0.7978 dice=0.6899 tau*=0.880  (47.8s)
[resnet50d] fold4 ep20  loss=0.0085  score=0.7753 acc=0.8090 dice=0.6966 tau*=0.845  (42.7s)
[resnet50d] fold4 ep21  loss=0.0033  score=0.7555 acc=0.7865 dice=0.6831 tau*=0.890  (42.4s)
[resnet50d] fold4 ep22  loss=0.0044  score=0.7654 acc=0.7978 dice=0.6899 tau*=0.900  (44.5s)
[resnet50d] fold4 ep23  loss=0.0036  score=0.7654 acc=0.7978 dice=0.6899 tau*=0.795  (45.9s)
[resnet50d] fold4 ep24  loss=0.0022  score=0.7640 acc=0.7978 dice=0.6854 tau*=0.825  (44.2s)
[resnet50d] fold4 BEST: {'score': 0.7982022471910111, 'tau': 0.6749999999999999, 'acc': 0.8426966292134831, 'dice': 0.6943820224719102, 'epoch': 9}  -> /workspace/Code/runs/resnet50d/fold4_best.pt
[resnet50d] CV mean score=0.7806 +/- 0.0249
