OrdFused encoder=tf_efficientnetv2_s tabular=True device=cuda tab_dim=5 fold_arg=all
cavity  large  medium  none  small
fold                              
0          12      12    49     16
1          11      13    49     16
2          11      13    50     15
3          11      12    49     16
4          12      11    50     16
[ordfused/tf_efficientnetv2_s] fold 0 attempt 0: 20.4M params, train=355 val=89 tabular=True pos_weight=1.261 lr=3.0e-04 enc_mult=0.3 warmup=3
[ordfused/tf_efficientnetv2_s] fold0 ep00  loss=0.7531  score=0.6571 acc=0.6854 dice=0.5910 tau*=0.565 g=0.484  (45.3s)
[ordfused/tf_efficientnetv2_s] fold0 ep01  loss=0.6767  score=0.6449 acc=0.6854 dice=0.5506 tau*=0.485 g=0.490  (45.4s)
/opt/conda/lib/python3.11/site-packages/torch/optim/lr_scheduler.py:240: UserWarning: The epoch parameter in `scheduler.step()` was not necessary and is being deprecated where possible. Please use `scheduler.step()` to step the scheduler. During the deprecation, if epoch is different from None, the closed form is used instead of the new chainable form, where available. Please open an issue if you are unable to replicate your use case: https://github.com/pytorch/pytorch/issues/new/choose.
  warnings.warn(EPOCH_DEPRECATION_WARNING, UserWarning)
[ordfused/tf_efficientnetv2_s] fold0 ep02  loss=0.4916  score=0.6966 acc=0.7303 dice=0.6180 tau*=0.570 g=0.433  (44.6s)
[ordfused/tf_efficientnetv2_s] fold0 ep03  loss=0.3088  score=0.7560 acc=0.7978 dice=0.6584 tau*=0.570 g=0.289  (46.7s)
[ordfused/tf_efficientnetv2_s] fold0 ep04  loss=0.1850  score=0.7798 acc=0.8202 dice=0.6854 tau*=0.545 g=0.431  (47.2s)
[ordfused/tf_efficientnetv2_s] fold0 ep05  loss=0.0967  score=0.8036 acc=0.8427 dice=0.7124 tau*=0.690 g=0.139  (44.4s)
[ordfused/tf_efficientnetv2_s] fold0 ep06  loss=0.0656  score=0.7757 acc=0.8202 dice=0.6719 tau*=0.305 g=0.479  (46.9s)
[ordfused/tf_efficientnetv2_s] fold0 ep07  loss=0.0489  score=0.7982 acc=0.8427 dice=0.6944 tau*=0.515 g=0.378  (44.7s)
[ordfused/tf_efficientnetv2_s] fold0 ep08  loss=0.0199  score=0.7996 acc=0.8427 dice=0.6989 tau*=0.425 g=0.406  (46.7s)
[ordfused/tf_efficientnetv2_s] fold0 ep09  loss=0.0271  score=0.8292 acc=0.8764 dice=0.7191 tau*=0.440 g=0.474  (44.5s)
[ordfused/tf_efficientnetv2_s] fold0 ep10  loss=0.0157  score=0.7996 acc=0.8427 dice=0.6989 tau*=0.595 g=0.384  (46.4s)
[ordfused/tf_efficientnetv2_s] fold0 ep11  loss=0.0110  score=0.7604 acc=0.8090 dice=0.6472 tau*=0.180 g=0.474  (44.1s)
[ordfused/tf_efficientnetv2_s] fold0 ep12  loss=0.0135  score=0.7645 acc=0.8090 dice=0.6607 tau*=0.405 g=0.506  (44.3s)
[ordfused/tf_efficientnetv2_s] fold0 ep13  loss=0.0060  score=0.7856 acc=0.8315 dice=0.6787 tau*=0.225 g=0.520  (45.0s)
[ordfused/tf_efficientnetv2_s] fold0 ep14  loss=0.0159  score=0.7730 acc=0.8202 dice=0.6629 tau*=0.135 g=0.482  (46.4s)
[ordfused/tf_efficientnetv2_s] fold0 ep15  loss=0.0063  score=0.7942 acc=0.8427 dice=0.6809 tau*=0.330 g=0.458  (48.0s)
[ordfused/tf_efficientnetv2_s] fold0 ep16  loss=0.0094  score=0.8207 acc=0.8652 dice=0.7169 tau*=0.525 g=0.465  (47.4s)
[ordfused/tf_efficientnetv2_s] fold0 ep17  loss=0.0019  score=0.8207 acc=0.8652 dice=0.7169 tau*=0.285 g=0.505  (45.8s)
[ordfused/tf_efficientnetv2_s] fold0 ep18  loss=0.0022  score=0.8193 acc=0.8652 dice=0.7124 tau*=0.265 g=0.494  (47.0s)
[ordfused/tf_efficientnetv2_s] fold0 ep19  loss=0.0025  score=0.8108 acc=0.8539 dice=0.7101 tau*=0.420 g=0.496  (45.2s)
[ordfused/tf_efficientnetv2_s] fold0 ep20  loss=0.0018  score=0.8108 acc=0.8539 dice=0.7101 tau*=0.425 g=0.528  (46.3s)
[ordfused/tf_efficientnetv2_s] fold0 ep21  loss=0.0023  score=0.8193 acc=0.8652 dice=0.7124 tau*=0.240 g=0.543  (44.8s)
[ordfused/tf_efficientnetv2_s] fold0 ep22  loss=0.0014  score=0.8193 acc=0.8652 dice=0.7124 tau*=0.190 g=0.545  (47.1s)
[ordfused/tf_efficientnetv2_s] fold0 ep23  loss=0.0020  score=0.8306 acc=0.8764 dice=0.7236 tau*=0.455 g=0.518  (47.0s)
[ordfused/tf_efficientnetv2_s] fold0 ep24  loss=0.0008  score=0.8207 acc=0.8652 dice=0.7169 tau*=0.300 g=0.562  (43.4s)
[ordfused/tf_efficientnetv2_s] fold0 ep25  loss=0.0024  score=0.8207 acc=0.8652 dice=0.7169 tau*=0.310 g=0.583  (47.5s)
[ordfused/tf_efficientnetv2_s] fold0 ep26  loss=0.0017  score=0.8207 acc=0.8652 dice=0.7169 tau*=0.410 g=0.562  (47.4s)
[ordfused/tf_efficientnetv2_s] fold0 ep27  loss=0.0023  score=0.8207 acc=0.8652 dice=0.7169 tau*=0.205 g=0.588  (44.7s)
[ordfused/tf_efficientnetv2_s] fold0 ep28  loss=0.0017  score=0.8207 acc=0.8652 dice=0.7169 tau*=0.255 g=0.571  (46.9s)
[ordfused/tf_efficientnetv2_s] fold0 ep29  loss=0.0023  score=0.8207 acc=0.8652 dice=0.7169 tau*=0.475 g=0.565  (44.6s)
[ordfused/tf_efficientnetv2_s] fold0 BEST: {'score': 0.830561797752809, 'tau': 0.4549999999999999, 'acc': 0.8764044943820225, 'dice': 0.7235955056179776, 'gate_mean': 0.5181674957275391, 'epoch': 23}  -> /workspace/Code/runs/ordfused_tf_efficientnetv2_s/fold0_best.pt
Warning: You are sending unauthenticated requests to the HF Hub. Please set a HF_TOKEN to enable higher rate limits and faster downloads.
[ordfused/tf_efficientnetv2_s] fold 1 attempt 0: 20.4M params, train=355 val=89 tabular=True pos_weight=1.261 lr=3.0e-04 enc_mult=0.3 warmup=3
[ordfused/tf_efficientnetv2_s] fold1 ep00  loss=0.7496  score=0.6018 acc=0.6180 dice=0.5640 tau*=0.570 g=0.546  (42.6s)
[ordfused/tf_efficientnetv2_s] fold1 ep01  loss=0.6560  score=0.7137 acc=0.7528 dice=0.6225 tau*=0.505 g=0.513  (43.5s)
/opt/conda/lib/python3.11/site-packages/torch/optim/lr_scheduler.py:240: UserWarning: The epoch parameter in `scheduler.step()` was not necessary and is being deprecated where possible. Please use `scheduler.step()` to step the scheduler. During the deprecation, if epoch is different from None, the closed form is used instead of the new chainable form, where available. Please open an issue if you are unable to replicate your use case: https://github.com/pytorch/pytorch/issues/new/choose.
  warnings.warn(EPOCH_DEPRECATION_WARNING, UserWarning)
[ordfused/tf_efficientnetv2_s] fold1 ep02  loss=0.4538  score=0.7685 acc=0.8090 dice=0.6742 tau*=0.505 g=0.397  (40.6s)
[ordfused/tf_efficientnetv2_s] fold1 ep03  loss=0.3158  score=0.7784 acc=0.8202 dice=0.6809 tau*=0.505 g=0.349  (40.5s)
[ordfused/tf_efficientnetv2_s] fold1 ep04  loss=0.1573  score=0.8094 acc=0.8539 dice=0.7056 tau*=0.480 g=0.397  (44.0s)
[ordfused/tf_efficientnetv2_s] fold1 ep05  loss=0.0876  score=0.7726 acc=0.8090 dice=0.6876 tau*=0.515 g=0.454  (42.3s)
[ordfused/tf_efficientnetv2_s] fold1 ep06  loss=0.0637  score=0.8081 acc=0.8539 dice=0.7011 tau*=0.350 g=0.391  (44.5s)
[ordfused/tf_efficientnetv2_s] fold1 ep07  loss=0.0563  score=0.7969 acc=0.8427 dice=0.6899 tau*=0.310 g=0.505  (43.0s)
[ordfused/tf_efficientnetv2_s] fold1 ep08  loss=0.0312  score=0.7726 acc=0.8090 dice=0.6876 tau*=0.690 g=0.408  (43.3s)
[ordfused/tf_efficientnetv2_s] fold1 ep09  loss=0.0172  score=0.8067 acc=0.8539 dice=0.6966 tau*=0.210 g=0.346  (42.2s)
[ordfused/tf_efficientnetv2_s] fold1 ep10  loss=0.0161  score=0.7640 acc=0.7978 dice=0.6854 tau*=0.725 g=0.417  (43.8s)
[ordfused/tf_efficientnetv2_s] fold1 ep11  loss=0.0112  score=0.7928 acc=0.8427 dice=0.6764 tau*=0.110 g=0.455  (43.9s)
[ordfused/tf_efficientnetv2_s] fold1 ep12  loss=0.0100  score=0.8027 acc=0.8539 dice=0.6831 tau*=0.135 g=0.504  (41.6s)
[ordfused/tf_efficientnetv2_s] fold1 ep13  loss=0.0124  score=0.7726 acc=0.8090 dice=0.6876 tau*=0.670 g=0.531  (42.9s)
[ordfused/tf_efficientnetv2_s] fold1 ep14  loss=0.0055  score=0.7982 acc=0.8427 dice=0.6944 tau*=0.175 g=0.660  (41.3s)
[ordfused/tf_efficientnetv2_s] fold1 ep15  loss=0.0096  score=0.7969 acc=0.8427 dice=0.6899 tau*=0.175 g=0.589  (45.9s)
[ordfused/tf_efficientnetv2_s] fold1 ep16  loss=0.0163  score=0.7843 acc=0.8315 dice=0.6742 tau*=0.050 g=0.607  (42.4s)
[ordfused/tf_efficientnetv2_s] fold1 ep17  loss=0.0103  score=0.7699 acc=0.8090 dice=0.6787 tau*=0.315 g=0.616  (43.6s)
[ordfused/tf_efficientnetv2_s] fold1 ep18  loss=0.0022  score=0.7560 acc=0.7978 dice=0.6584 tau*=0.225 g=0.582  (41.8s)
[ordfused/tf_efficientnetv2_s] fold1 ep19  loss=0.0032  score=0.7645 acc=0.8090 dice=0.6607 tau*=0.120 g=0.625  (42.7s)
[ordfused/tf_efficientnetv2_s] fold1 ep20  loss=0.0037  score=0.7658 acc=0.8090 dice=0.6652 tau*=0.070 g=0.660  (42.5s)
[ordfused/tf_efficientnetv2_s] fold1 ep21  loss=0.0036  score=0.7533 acc=0.7978 dice=0.6494 tau*=0.100 g=0.602  (43.3s)
[ordfused/tf_efficientnetv2_s] fold1 ep22  loss=0.0068  score=0.7717 acc=0.8202 dice=0.6584 tau*=0.070 g=0.601  (43.2s)
[ordfused/tf_efficientnetv2_s] fold1 ep23  loss=0.0023  score=0.7618 acc=0.8090 dice=0.6517 tau*=0.120 g=0.576  (41.6s)
[ordfused/tf_efficientnetv2_s] fold1 ep24  loss=0.0062  score=0.7631 acc=0.8090 dice=0.6562 tau*=0.080 g=0.598  (43.7s)
[ordfused/tf_efficientnetv2_s] fold1 ep25  loss=0.0010  score=0.7546 acc=0.7978 dice=0.6539 tau*=0.180 g=0.585  (42.5s)
[ordfused/tf_efficientnetv2_s] fold1 ep26  loss=0.0010  score=0.7613 acc=0.7978 dice=0.6764 tau*=0.720 g=0.580  (40.9s)
[ordfused/tf_efficientnetv2_s] fold1 ep27  loss=0.0011  score=0.7600 acc=0.7978 dice=0.6719 tau*=0.495 g=0.591  (43.8s)
[ordfused/tf_efficientnetv2_s] fold1 ep28  loss=0.0011  score=0.7717 acc=0.8202 dice=0.6584 tau*=0.065 g=0.612  (41.0s)
[ordfused/tf_efficientnetv2_s] fold1 ep29  loss=0.0015  score=0.7515 acc=0.7865 dice=0.6697 tau*=0.575 g=0.614  (43.4s)
[ordfused/tf_efficientnetv2_s] fold1 BEST: {'score': 0.809438202247191, 'tau': 0.4799999999999999, 'acc': 0.8539325842696629, 'dice': 0.70561797752809, 'gate_mean': 0.39695122838020325, 'epoch': 4}  -> /workspace/Code/runs/ordfused_tf_efficientnetv2_s/fold1_best.pt
[ordfused/tf_efficientnetv2_s] fold 2 attempt 0: 20.4M params, train=355 val=89 tabular=True pos_weight=1.247 lr=3.0e-04 enc_mult=0.3 warmup=3
[ordfused/tf_efficientnetv2_s] fold2 ep00  loss=0.7573  score=0.5820 acc=0.5955 dice=0.5506 tau*=0.520 g=0.475  (44.5s)
[ordfused/tf_efficientnetv2_s] fold2 ep01  loss=0.6334  score=0.6966 acc=0.7303 dice=0.6180 tau*=0.525 g=0.578  (44.2s)
/opt/conda/lib/python3.11/site-packages/torch/optim/lr_scheduler.py:240: UserWarning: The epoch parameter in `scheduler.step()` was not necessary and is being deprecated where possible. Please use `scheduler.step()` to step the scheduler. During the deprecation, if epoch is different from None, the closed form is used instead of the new chainable form, where available. Please open an issue if you are unable to replicate your use case: https://github.com/pytorch/pytorch/issues/new/choose.
  warnings.warn(EPOCH_DEPRECATION_WARNING, UserWarning)
[ordfused/tf_efficientnetv2_s] fold2 ep02  loss=0.4486  score=0.7317 acc=0.7640 dice=0.6562 tau*=0.585 g=0.536  (45.0s)
[ordfused/tf_efficientnetv2_s] fold2 ep03  loss=0.3067  score=0.7317 acc=0.7640 dice=0.6562 tau*=0.650 g=0.414  (46.4s)
[ordfused/tf_efficientnetv2_s] fold2 ep04  loss=0.1762  score=0.7429 acc=0.7753 dice=0.6674 tau*=0.675 g=0.345  (45.8s)
[ordfused/tf_efficientnetv2_s] fold2 ep05  loss=0.0911  score=0.7164 acc=0.7528 dice=0.6315 tau*=0.470 g=0.452  (45.7s)
[ordfused/tf_efficientnetv2_s] fold2 ep06  loss=0.0562  score=0.7276 acc=0.7640 dice=0.6427 tau*=0.415 g=0.474  (43.9s)
[ordfused/tf_efficientnetv2_s] fold2 ep07  loss=0.0417  score=0.6872 acc=0.7303 dice=0.5865 tau*=0.180 g=0.405  (43.3s)
[ordfused/tf_efficientnetv2_s] fold2 ep08  loss=0.0316  score=0.6921 acc=0.7191 dice=0.6292 tau*=0.950 g=0.364  (49.8s)
[ordfused/tf_efficientnetv2_s] fold2 ep09  loss=0.0279  score=0.7488 acc=0.7865 dice=0.6607 tau*=0.365 g=0.564  (47.3s)
[ordfused/tf_efficientnetv2_s] fold2 ep10  loss=0.0283  score=0.7303 acc=0.7640 dice=0.6517 tau*=0.365 g=0.578  (48.5s)
[ordfused/tf_efficientnetv2_s] fold2 ep11  loss=0.0101  score=0.7290 acc=0.7640 dice=0.6472 tau*=0.395 g=0.475  (45.5s)
[ordfused/tf_efficientnetv2_s] fold2 ep12  loss=0.0174  score=0.7007 acc=0.7303 dice=0.6315 tau*=0.820 g=0.564  (46.4s)
[ordfused/tf_efficientnetv2_s] fold2 ep13  loss=0.0041  score=0.7276 acc=0.7640 dice=0.6427 tau*=0.175 g=0.592  (43.8s)
[ordfused/tf_efficientnetv2_s] fold2 ep14  loss=0.0051  score=0.7276 acc=0.7640 dice=0.6427 tau*=0.085 g=0.583  (44.4s)
[ordfused/tf_efficientnetv2_s] fold2 ep15  loss=0.0049  score=0.7151 acc=0.7528 dice=0.6270 tau*=0.405 g=0.504  (47.3s)
[ordfused/tf_efficientnetv2_s] fold2 ep16  loss=0.0049  score=0.7151 acc=0.7528 dice=0.6270 tau*=0.390 g=0.524  (46.0s)
[ordfused/tf_efficientnetv2_s] fold2 ep17  loss=0.0253  score=0.7488 acc=0.7865 dice=0.6607 tau*=0.140 g=0.649  (45.6s)
[ordfused/tf_efficientnetv2_s] fold2 ep18  loss=0.0120  score=0.7276 acc=0.7640 dice=0.6427 tau*=0.415 g=0.550  (43.3s)
[ordfused/tf_efficientnetv2_s] fold2 ep19  loss=0.0025  score=0.7276 acc=0.7640 dice=0.6427 tau*=0.440 g=0.535  (44.9s)
[ordfused/tf_efficientnetv2_s] fold2 ep20  loss=0.0025  score=0.7290 acc=0.7640 dice=0.6472 tau*=0.715 g=0.520  (43.6s)
[ordfused/tf_efficientnetv2_s] fold2 ep21  loss=0.0015  score=0.7290 acc=0.7640 dice=0.6472 tau*=0.590 g=0.530  (45.4s)
[ordfused/tf_efficientnetv2_s] fold2 ep22  loss=0.0022  score=0.7191 acc=0.7528 dice=0.6404 tau*=0.665 g=0.564  (47.9s)
[ordfused/tf_efficientnetv2_s] fold2 ep23  loss=0.0019  score=0.7204 acc=0.7528 dice=0.6449 tau*=0.835 g=0.553  (45.7s)
[ordfused/tf_efficientnetv2_s] fold2 ep24  loss=0.0012  score=0.7402 acc=0.7753 dice=0.6584 tau*=0.590 g=0.579  (45.2s)
[ordfused/tf_efficientnetv2_s] fold2 ep25  loss=0.0024  score=0.7402 acc=0.7753 dice=0.6584 tau*=0.525 g=0.583  (47.0s)
[ordfused/tf_efficientnetv2_s] fold2 ep26  loss=0.0012  score=0.7402 acc=0.7753 dice=0.6584 tau*=0.640 g=0.573  (44.7s)
[ordfused/tf_efficientnetv2_s] fold2 ep27  loss=0.0010  score=0.7402 acc=0.7753 dice=0.6584 tau*=0.770 g=0.545  (45.7s)
[ordfused/tf_efficientnetv2_s] fold2 ep28  loss=0.0060  score=0.7348 acc=0.7753 dice=0.6404 tau*=0.260 g=0.552  (45.3s)
[ordfused/tf_efficientnetv2_s] fold2 ep29  loss=0.0032  score=0.7402 acc=0.7753 dice=0.6584 tau*=0.765 g=0.540  (47.5s)
[ordfused/tf_efficientnetv2_s] fold2 BEST: {'score': 0.7487640449438202, 'tau': 0.36499999999999994, 'acc': 0.7865168539325843, 'dice': 0.6606741573033708, 'gate_mean': 0.5641661882400513, 'epoch': 9}  -> /workspace/Code/runs/ordfused_tf_efficientnetv2_s/fold2_best.pt
[ordfused/tf_efficientnetv2_s] fold 3 attempt 0: 20.4M params, train=356 val=88 tabular=True pos_weight=1.253 lr=3.0e-04 enc_mult=0.3 warmup=3
[ordfused/tf_efficientnetv2_s] fold3 ep00  loss=0.7720  score=0.5973 acc=0.6136 dice=0.5591 tau*=0.645 g=0.543  (46.8s)
[ordfused/tf_efficientnetv2_s] fold3 ep01  loss=0.6476  score=0.6905 acc=0.7273 dice=0.6045 tau*=0.495 g=0.551  (47.0s)
/opt/conda/lib/python3.11/site-packages/torch/optim/lr_scheduler.py:240: UserWarning: The epoch parameter in `scheduler.step()` was not necessary and is being deprecated where possible. Please use `scheduler.step()` to step the scheduler. During the deprecation, if epoch is different from None, the closed form is used instead of the new chainable form, where available. Please open an issue if you are unable to replicate your use case: https://github.com/pytorch/pytorch/issues/new/choose.
  warnings.warn(EPOCH_DEPRECATION_WARNING, UserWarning)
[ordfused/tf_efficientnetv2_s] fold3 ep02  loss=0.4806  score=0.7432 acc=0.7841 dice=0.6477 tau*=0.495 g=0.487  (46.0s)
[ordfused/tf_efficientnetv2_s] fold3 ep03  loss=0.3194  score=0.7727 acc=0.8068 dice=0.6932 tau*=0.670 g=0.340  (44.3s)
[ordfused/tf_efficientnetv2_s] fold3 ep04  loss=0.1935  score=0.7645 acc=0.8068 dice=0.6659 tau*=0.585 g=0.327  (47.4s)
[ordfused/tf_efficientnetv2_s] fold3 ep05  loss=0.1067  score=0.7773 acc=0.8182 dice=0.6818 tau*=0.635 g=0.209  (44.3s)
[ordfused/tf_efficientnetv2_s] fold3 ep06  loss=0.0769  score=0.7573 acc=0.7955 dice=0.6682 tau*=0.610 g=0.263  (44.9s)
[ordfused/tf_efficientnetv2_s] fold3 ep07  loss=0.0552  score=0.7827 acc=0.8182 dice=0.7000 tau*=0.845 g=0.281  (47.2s)
[ordfused/tf_efficientnetv2_s] fold3 ep08  loss=0.0278  score=0.7232 acc=0.7614 dice=0.6341 tau*=0.615 g=0.345  (46.0s)
[ordfused/tf_efficientnetv2_s] fold3 ep09  loss=0.0302  score=0.7632 acc=0.8068 dice=0.6614 tau*=0.355 g=0.352  (45.8s)
[ordfused/tf_efficientnetv2_s] fold3 ep10  loss=0.0125  score=0.7786 acc=0.8182 dice=0.6864 tau*=0.610 g=0.181  (48.2s)
[ordfused/tf_efficientnetv2_s] fold3 ep11  loss=0.0204  score=0.7586 acc=0.7955 dice=0.6727 tau*=0.755 g=0.352  (49.5s)
[ordfused/tf_efficientnetv2_s] fold3 ep12  loss=0.0088  score=0.7373 acc=0.7727 dice=0.6545 tau*=0.625 g=0.331  (46.3s)
[ordfused/tf_efficientnetv2_s] fold3 ep13  loss=0.0089  score=0.7559 acc=0.7955 dice=0.6636 tau*=0.365 g=0.333  (46.1s)
[ordfused/tf_efficientnetv2_s] fold3 ep14  loss=0.0045  score=0.7391 acc=0.7841 dice=0.6341 tau*=0.210 g=0.377  (43.4s)
[ordfused/tf_efficientnetv2_s] fold3 ep15  loss=0.0184  score=0.7250 acc=0.7727 dice=0.6136 tau*=0.155 g=0.388  (47.3s)
[ordfused/tf_efficientnetv2_s] fold3 ep16  loss=0.0066  score=0.7432 acc=0.7841 dice=0.6477 tau*=0.420 g=0.341  (46.5s)
[ordfused/tf_efficientnetv2_s] fold3 ep17  loss=0.0041  score=0.7645 acc=0.8068 dice=0.6659 tau*=0.355 g=0.317  (43.7s)
[ordfused/tf_efficientnetv2_s] fold3 ep18  loss=0.0052  score=0.7700 acc=0.8068 dice=0.6841 tau*=0.500 g=0.384  (52.9s)
[ordfused/tf_efficientnetv2_s] fold3 ep19  loss=0.0029  score=0.7659 acc=0.8068 dice=0.6705 tau*=0.310 g=0.395  (46.3s)
[ordfused/tf_efficientnetv2_s] fold3 ep20  loss=0.0064  score=0.7759 acc=0.8182 dice=0.6773 tau*=0.465 g=0.420  (46.2s)
[ordfused/tf_efficientnetv2_s] fold3 ep21  loss=0.0046  score=0.7745 acc=0.8182 dice=0.6727 tau*=0.540 g=0.395  (43.6s)
[ordfused/tf_efficientnetv2_s] fold3 ep22  loss=0.0008  score=0.7645 acc=0.8068 dice=0.6659 tau*=0.620 g=0.436  (43.9s)
[ordfused/tf_efficientnetv2_s] fold3 ep23  loss=0.0022  score=0.7745 acc=0.8182 dice=0.6727 tau*=0.555 g=0.455  (45.7s)
[ordfused/tf_efficientnetv2_s] fold3 ep24  loss=0.0019  score=0.7745 acc=0.8182 dice=0.6727 tau*=0.535 g=0.444  (47.1s)
[ordfused/tf_efficientnetv2_s] fold3 ep25  loss=0.0015  score=0.7659 acc=0.8068 dice=0.6705 tau*=0.575 g=0.461  (45.1s)
[ordfused/tf_efficientnetv2_s] fold3 ep26  loss=0.0032  score=0.7745 acc=0.8182 dice=0.6727 tau*=0.530 g=0.441  (45.3s)
[ordfused/tf_efficientnetv2_s] fold3 ep27  loss=0.0035  score=0.7759 acc=0.8182 dice=0.6773 tau*=0.355 g=0.448  (45.6s)
[ordfused/tf_efficientnetv2_s] fold3 ep28  loss=0.0028  score=0.7759 acc=0.8182 dice=0.6773 tau*=0.630 g=0.423  (44.7s)
[ordfused/tf_efficientnetv2_s] fold3 ep29  loss=0.0052  score=0.7745 acc=0.8182 dice=0.6727 tau*=0.505 g=0.415  (43.5s)
[ordfused/tf_efficientnetv2_s] fold3 BEST: {'score': 0.7827272727272727, 'tau': 0.845, 'acc': 0.8181818181818182, 'dice': 0.7000000000000001, 'gate_mean': 0.2806929349899292, 'epoch': 7}  -> /workspace/Code/runs/ordfused_tf_efficientnetv2_s/fold3_best.pt
[ordfused/tf_efficientnetv2_s] fold 4 attempt 0: 20.4M params, train=355 val=89 tabular=True pos_weight=1.247 lr=3.0e-04 enc_mult=0.3 warmup=3
[ordfused/tf_efficientnetv2_s] fold4 ep00  loss=0.7872  score=0.5717 acc=0.5730 dice=0.5685 tau*=0.780 g=0.500  (43.5s)
[ordfused/tf_efficientnetv2_s] fold4 ep01  loss=0.6452  score=0.6297 acc=0.6404 dice=0.6045 tau*=0.720 g=0.568  (42.2s)
/opt/conda/lib/python3.11/site-packages/torch/optim/lr_scheduler.py:240: UserWarning: The epoch parameter in `scheduler.step()` was not necessary and is being deprecated where possible. Please use `scheduler.step()` to step the scheduler. During the deprecation, if epoch is different from None, the closed form is used instead of the new chainable form, where available. Please open an issue if you are unable to replicate your use case: https://github.com/pytorch/pytorch/issues/new/choose.
  warnings.warn(EPOCH_DEPRECATION_WARNING, UserWarning)
[ordfused/tf_efficientnetv2_s] fold4 ep02  loss=0.4888  score=0.6876 acc=0.7079 dice=0.6404 tau*=0.690 g=0.483  (45.2s)
[ordfused/tf_efficientnetv2_s] fold4 ep03  loss=0.3548  score=0.7088 acc=0.7303 dice=0.6584 tau*=0.735 g=0.444  (44.2s)
[ordfused/tf_efficientnetv2_s] fold4 ep04  loss=0.2201  score=0.7528 acc=0.7865 dice=0.6742 tau*=0.705 g=0.242  (45.8s)
[ordfused/tf_efficientnetv2_s] fold4 ep05  loss=0.1124  score=0.7097 acc=0.7528 dice=0.6090 tau*=0.665 g=0.356  (41.3s)
[ordfused/tf_efficientnetv2_s] fold4 ep06  loss=0.0582  score=0.7330 acc=0.7640 dice=0.6607 tau*=0.840 g=0.375  (43.2s)
[ordfused/tf_efficientnetv2_s] fold4 ep07  loss=0.0439  score=0.7182 acc=0.7640 dice=0.6112 tau*=0.700 g=0.351  (41.4s)
[ordfused/tf_efficientnetv2_s] fold4 ep08  loss=0.0395  score=0.7402 acc=0.7753 dice=0.6584 tau*=0.860 g=0.382  (43.0s)
[ordfused/tf_efficientnetv2_s] fold4 ep09  loss=0.0254  score=0.7434 acc=0.7865 dice=0.6427 tau*=0.475 g=0.381  (45.9s)
[ordfused/tf_efficientnetv2_s] fold4 ep10  loss=0.0124  score=0.7335 acc=0.7753 dice=0.6360 tau*=0.410 g=0.506  (43.5s)
[ordfused/tf_efficientnetv2_s] fold4 ep11  loss=0.0113  score=0.7344 acc=0.7640 dice=0.6652 tau*=0.920 g=0.477  (42.3s)
[ordfused/tf_efficientnetv2_s] fold4 ep12  loss=0.0067  score=0.7515 acc=0.7865 dice=0.6697 tau*=0.900 g=0.494  (43.2s)
[ordfused/tf_efficientnetv2_s] fold4 ep13  loss=0.0108  score=0.7672 acc=0.8090 dice=0.6697 tau*=0.845 g=0.365  (43.7s)
[ordfused/tf_efficientnetv2_s] fold4 ep14  loss=0.0145  score=0.7546 acc=0.7978 dice=0.6539 tau*=0.695 g=0.448  (42.0s)
[ordfused/tf_efficientnetv2_s] fold4 ep15  loss=0.0053  score=0.7712 acc=0.8090 dice=0.6831 tau*=0.855 g=0.551  (45.8s)
[ordfused/tf_efficientnetv2_s] fold4 ep16  loss=0.0066  score=0.7600 acc=0.7978 dice=0.6719 tau*=0.705 g=0.576  (42.7s)
[ordfused/tf_efficientnetv2_s] fold4 ep17  loss=0.0035  score=0.7416 acc=0.7753 dice=0.6629 tau*=0.950 g=0.470  (50.0s)
[ordfused/tf_efficientnetv2_s] fold4 ep18  loss=0.0093  score=0.7573 acc=0.7978 dice=0.6629 tau*=0.520 g=0.566  (43.5s)
[ordfused/tf_efficientnetv2_s] fold4 ep19  loss=0.0030  score=0.7627 acc=0.7978 dice=0.6809 tau*=0.875 g=0.564  (41.4s)
[ordfused/tf_efficientnetv2_s] fold4 ep20  loss=0.0021  score=0.7587 acc=0.7978 dice=0.6674 tau*=0.790 g=0.504  (42.8s)
[ordfused/tf_efficientnetv2_s] fold4 ep21  loss=0.0013  score=0.7640 acc=0.7978 dice=0.6854 tau*=0.945 g=0.487  (43.0s)
[ordfused/tf_efficientnetv2_s] fold4 ep22  loss=0.0025  score=0.7726 acc=0.8090 dice=0.6876 tau*=0.755 g=0.533  (41.7s)
[ordfused/tf_efficientnetv2_s] fold4 ep23  loss=0.0023  score=0.7519 acc=0.7978 dice=0.6449 tau*=0.570 g=0.490  (44.9s)
[ordfused/tf_efficientnetv2_s] fold4 ep24  loss=0.0015  score=0.7631 acc=0.8090 dice=0.6562 tau*=0.385 g=0.519  (42.4s)
[ordfused/tf_efficientnetv2_s] fold4 ep25  loss=0.0050  score=0.7627 acc=0.7978 dice=0.6809 tau*=0.835 g=0.520  (42.1s)
[ordfused/tf_efficientnetv2_s] fold4 ep26  loss=0.0032  score=0.7672 acc=0.8090 dice=0.6697 tau*=0.515 g=0.555  (45.4s)
[ordfused/tf_efficientnetv2_s] fold4 ep27  loss=0.0023  score=0.7560 acc=0.7978 dice=0.6584 tau*=0.420 g=0.541  (40.5s)
[ordfused/tf_efficientnetv2_s] fold4 ep28  loss=0.0011  score=0.7613 acc=0.7978 dice=0.6764 tau*=0.845 g=0.533  (43.1s)
[ordfused/tf_efficientnetv2_s] fold4 ep29  loss=0.0023  score=0.7672 acc=0.8090 dice=0.6697 tau*=0.595 g=0.559  (42.2s)
[ordfused/tf_efficientnetv2_s] fold4 BEST: {'score': 0.7725842696629213, 'tau': 0.7549999999999999, 'acc': 0.8089887640449438, 'dice': 0.6876404494382022, 'gate_mean': 0.5332254767417908, 'epoch': 22}  -> /workspace/Code/runs/ordfused_tf_efficientnetv2_s/fold4_best.pt
[ordfused/tf_efficientnetv2_s] CV mean score=0.7888 +/- 0.0319  (mean gate=0.459)
