model=densenet201 device=cuda fold_arg=all
cavity  large  medium  none  small
fold                              
0          12      12    49     16
1          11      13    49     16
2          11      13    50     15
3          11      12    49     16
4          12      11    50     16
[densenet201] fold 0 attempt 0: 18.1M params, train=355 val=89 pos_weight=1.261 lr=3.0e-04 encoder_lr_mult=1.0 warmup_epochs=0
[densenet201] fold0 ep00  loss=0.7603  score=0.7996 acc=0.8427 dice=0.6989 tau*=0.510  (85.1s)
[densenet201] fold0 ep01  loss=0.5989  score=0.7897 acc=0.8315 dice=0.6921 tau*=0.910  (29.6s)
[densenet201] fold0 ep02  loss=0.5198  score=0.7038 acc=0.7416 dice=0.6157 tau*=0.050  (28.6s)
[densenet201] fold0 ep03  loss=0.4923  score=0.7969 acc=0.8427 dice=0.6899 tau*=0.635  (29.2s)
[densenet201] fold0 ep04  loss=0.4701  score=0.7676 acc=0.8202 dice=0.6449 tau*=0.595  (29.6s)
[densenet201] fold0 ep05  loss=0.3924  score=0.8418 acc=0.8876 dice=0.7348 tau*=0.930  (28.8s)
[densenet201] fold0 ep06  loss=0.3319  score=0.7811 acc=0.8202 dice=0.6899 tau*=0.795  (28.6s)
[densenet201] fold0 ep07  loss=0.3319  score=0.8602 acc=0.9101 dice=0.7438 tau*=0.795  (30.2s)
[densenet201] fold0 ep08  loss=0.2489  score=0.8139 acc=0.8652 dice=0.6944 tau*=0.460  (31.5s)
[densenet201] fold0 ep09  loss=0.2218  score=0.7955 acc=0.8427 dice=0.6854 tau*=0.050  (27.2s)
[densenet201] fold0 ep10  loss=0.1309  score=0.7528 acc=0.7865 dice=0.6742 tau*=0.785  (32.2s)
[densenet201] fold0 ep11  loss=0.2015  score=0.7739 acc=0.8090 dice=0.6921 tau*=0.090  (29.4s)
[densenet201] fold0 ep12  loss=0.1202  score=0.8022 acc=0.8427 dice=0.7079 tau*=0.925  (28.7s)
[densenet201] fold0 ep13  loss=0.2096  score=0.7092 acc=0.7416 dice=0.6337 tau*=0.940  (30.4s)
[densenet201] fold0 ep14  loss=0.0615  score=0.8081 acc=0.8539 dice=0.7011 tau*=0.765  (28.6s)
[densenet201] fold0 ep15  loss=0.0809  score=0.7712 acc=0.8090 dice=0.6831 tau*=0.830  (30.6s)
[densenet201] fold0 ep16  loss=0.0557  score=0.7555 acc=0.7865 dice=0.6831 tau*=0.855  (27.6s)
[densenet201] fold0 ep17  loss=0.0542  score=0.7604 acc=0.8090 dice=0.6472 tau*=0.625  (28.3s)
[densenet201] fold0 ep18  loss=0.0635  score=0.7838 acc=0.8202 dice=0.6989 tau*=0.820  (27.8s)
[densenet201] fold0 ep19  loss=0.0286  score=0.8009 acc=0.8427 dice=0.7034 tau*=0.635  (28.3s)
[densenet201] fold0 ep20  loss=0.0361  score=0.8022 acc=0.8427 dice=0.7079 tau*=0.700  (29.4s)
[densenet201] fold0 ep21  loss=0.0130  score=0.7996 acc=0.8427 dice=0.6989 tau*=0.480  (27.6s)
[densenet201] fold0 ep22  loss=0.0104  score=0.7883 acc=0.8315 dice=0.6876 tau*=0.550  (29.7s)
[densenet201] fold0 ep23  loss=0.0359  score=0.7996 acc=0.8427 dice=0.6989 tau*=0.705  (29.9s)
[densenet201] fold0 ep24  loss=0.0174  score=0.7910 acc=0.8315 dice=0.6966 tau*=0.745  (29.8s)
[densenet201] fold0 BEST: {'score': 0.8602247191011236, 'tau': 0.7949999999999999, 'acc': 0.9101123595505618, 'dice': 0.7438202247191011, 'epoch': 7}  -> runs_lungcrop/densenet201/fold0_best.pt
[densenet201] fold 1 attempt 0: 18.1M params, train=355 val=89 pos_weight=1.261 lr=3.0e-04 encoder_lr_mult=1.0 warmup_epochs=0
[densenet201] fold1 ep00  loss=0.6617  score=0.7146 acc=0.7416 dice=0.6517 tau*=0.750  (28.6s)
[densenet201] fold1 ep01  loss=0.6474  score=0.7038 acc=0.7416 dice=0.6157 tau*=0.715  (27.8s)
[densenet201] fold1 ep02  loss=0.6041  score=0.6310 acc=0.6742 dice=0.5303 tau*=0.940  (26.8s)
[densenet201] fold1 ep03  loss=0.5566  score=0.7488 acc=0.7865 dice=0.6607 tau*=0.800  (27.5s)
[densenet201] fold1 ep04  loss=0.4985  score=0.7515 acc=0.7865 dice=0.6697 tau*=0.595  (27.6s)
[densenet201] fold1 ep05  loss=0.4048  score=0.5721 acc=0.6180 dice=0.4652 tau*=0.950  (29.4s)
[densenet201] fold1 ep06  loss=0.3840  score=0.6885 acc=0.7303 dice=0.5910 tau*=0.125  (29.9s)
[densenet201] fold1 ep07  loss=0.3334  score=0.7137 acc=0.7528 dice=0.6225 tau*=0.785  (30.1s)
[densenet201] fold1 ep08  loss=0.3607  score=0.7730 acc=0.8202 dice=0.6629 tau*=0.770  (25.8s)
[densenet201] fold1 ep09  loss=0.3470  score=0.7613 acc=0.7978 dice=0.6764 tau*=0.885  (28.5s)
[densenet201] fold1 ep10  loss=0.2075  score=0.7685 acc=0.8090 dice=0.6742 tau*=0.440  (27.7s)
[densenet201] fold1 ep11  loss=0.1783  score=0.7389 acc=0.7753 dice=0.6539 tau*=0.430  (26.7s)
[densenet201] fold1 ep12  loss=0.1808  score=0.7784 acc=0.8202 dice=0.6809 tau*=0.095  (27.7s)
[densenet201] fold1 ep13  loss=0.1127  score=0.7474 acc=0.7865 dice=0.6562 tau*=0.385  (25.4s)
[densenet201] fold1 ep14  loss=0.1008  score=0.7604 acc=0.8090 dice=0.6472 tau*=0.120  (27.3s)
[densenet201] fold1 ep15  loss=0.0564  score=0.7052 acc=0.7416 dice=0.6202 tau*=0.070  (28.8s)
[densenet201] fold1 ep16  loss=0.1228  score=0.7501 acc=0.7865 dice=0.6652 tau*=0.870  (28.7s)
[densenet201] fold1 ep17  loss=0.0580  score=0.7375 acc=0.7753 dice=0.6494 tau*=0.925  (28.5s)
[densenet201] fold1 ep18  loss=0.0277  score=0.7546 acc=0.7978 dice=0.6539 tau*=0.145  (26.4s)
[densenet201] fold1 ep19  loss=0.0238  score=0.7613 acc=0.7978 dice=0.6764 tau*=0.760  (27.1s)
[densenet201] fold1 ep20  loss=0.0369  score=0.7685 acc=0.8090 dice=0.6742 tau*=0.840  (27.8s)
[densenet201] fold1 ep21  loss=0.0095  score=0.7560 acc=0.7978 dice=0.6584 tau*=0.480  (27.1s)
[densenet201] fold1 ep22  loss=0.0095  score=0.7560 acc=0.7978 dice=0.6584 tau*=0.130  (29.0s)
[densenet201] fold1 ep23  loss=0.0204  score=0.7658 acc=0.8090 dice=0.6652 tau*=0.110  (27.0s)
[densenet201] fold1 ep24  loss=0.0132  score=0.7560 acc=0.7978 dice=0.6584 tau*=0.080  (28.6s)
[densenet201] fold1 BEST: {'score': 0.7784269662921348, 'tau': 0.095, 'acc': 0.8202247191011236, 'dice': 0.6808988764044944, 'epoch': 12}  -> runs_lungcrop/densenet201/fold1_best.pt
[densenet201] fold 2 attempt 0: 18.1M params, train=355 val=89 pos_weight=1.247 lr=3.0e-04 encoder_lr_mult=1.0 warmup_epochs=0
[densenet201] fold2 ep00  loss=0.7046  score=0.6620 acc=0.7079 dice=0.5551 tau*=0.630  (29.3s)
[densenet201] fold2 ep01  loss=0.6175  score=0.6908 acc=0.7191 dice=0.6247 tau*=0.675  (29.4s)
[densenet201] fold2 ep02  loss=0.6376  score=0.7025 acc=0.7416 dice=0.6112 tau*=0.455  (27.8s)
[densenet201] fold2 ep03  loss=0.4628  score=0.6760 acc=0.7191 dice=0.5753 tau*=0.790  (28.5s)
[densenet201] fold2 ep04  loss=0.4501  score=0.7146 acc=0.7416 dice=0.6517 tau*=0.935  (29.0s)
[densenet201] fold2 ep05  loss=0.3252  score=0.7474 acc=0.7865 dice=0.6562 tau*=0.930  (28.0s)
[densenet201] fold2 ep06  loss=0.3569  score=0.7092 acc=0.7416 dice=0.6337 tau*=0.950  (27.7s)
[densenet201] fold2 ep07  loss=0.3901  score=0.6908 acc=0.7191 dice=0.6247 tau*=0.820  (30.0s)
[densenet201] fold2 ep08  loss=0.2600  score=0.7573 acc=0.7978 dice=0.6629 tau*=0.830  (27.1s)
[densenet201] fold2 ep09  loss=0.2252  score=0.7474 acc=0.7865 dice=0.6562 tau*=0.235  (30.3s)
[densenet201] fold2 ep10  loss=0.2725  score=0.7685 acc=0.8090 dice=0.6742 tau*=0.440  (27.8s)
[densenet201] fold2 ep11  loss=0.1974  score=0.7290 acc=0.7640 dice=0.6472 tau*=0.270  (27.0s)
[densenet201] fold2 ep12  loss=0.1420  score=0.7519 acc=0.7978 dice=0.6449 tau*=0.355  (30.5s)
[densenet201] fold2 ep13  loss=0.1332  score=0.6944 acc=0.7416 dice=0.5843 tau*=0.425  (27.4s)
[densenet201] fold2 ep14  loss=0.1133  score=0.7447 acc=0.7865 dice=0.6472 tau*=0.265  (28.5s)
[densenet201] fold2 ep15  loss=0.0558  score=0.7375 acc=0.7753 dice=0.6494 tau*=0.950  (26.9s)
[densenet201] fold2 ep16  loss=0.0348  score=0.7263 acc=0.7640 dice=0.6382 tau*=0.750  (29.4s)
[densenet201] fold2 ep17  loss=0.0309  score=0.7474 acc=0.7865 dice=0.6562 tau*=0.905  (28.6s)
[densenet201] fold2 ep18  loss=0.0417  score=0.7416 acc=0.7753 dice=0.6629 tau*=0.895  (29.4s)
[densenet201] fold2 ep19  loss=0.0547  score=0.7542 acc=0.7865 dice=0.6787 tau*=0.950  (28.0s)
[densenet201] fold2 ep20  loss=0.0359  score=0.7600 acc=0.7978 dice=0.6719 tau*=0.785  (28.1s)
[densenet201] fold2 ep21  loss=0.0342  score=0.7501 acc=0.7865 dice=0.6652 tau*=0.880  (29.4s)
[densenet201] fold2 ep22  loss=0.0096  score=0.7488 acc=0.7865 dice=0.6607 tau*=0.770  (28.2s)
[densenet201] fold2 ep23  loss=0.0248  score=0.7488 acc=0.7865 dice=0.6607 tau*=0.785  (29.4s)
[densenet201] fold2 ep24  loss=0.0053  score=0.7488 acc=0.7865 dice=0.6607 tau*=0.470  (31.5s)
[densenet201] fold2 BEST: {'score': 0.7685393258426965, 'tau': 0.43999999999999995, 'acc': 0.8089887640449438, 'dice': 0.6741573033707865, 'epoch': 10}  -> runs_lungcrop/densenet201/fold2_best.pt
[densenet201] fold 3 attempt 0: 18.1M params, train=356 val=88 pos_weight=1.253 lr=3.0e-04 encoder_lr_mult=1.0 warmup_epochs=0
[densenet201] fold3 ep00  loss=0.7562  score=0.7727 acc=0.8068 dice=0.6932 tau*=0.925  (27.2s)
[densenet201] fold3 ep01  loss=0.5804  score=0.7600 acc=0.7955 dice=0.6773 tau*=0.645  (29.9s)
[densenet201] fold3 ep02  loss=0.5766  score=0.7264 acc=0.7727 dice=0.6182 tau*=0.815  (28.5s)
[densenet201] fold3 ep03  loss=0.5434  score=0.7218 acc=0.7614 dice=0.6295 tau*=0.950  (29.5s)
[densenet201] fold3 ep04  loss=0.4110  score=0.7632 acc=0.8068 dice=0.6614 tau*=0.675  (28.0s)
[densenet201] fold3 ep05  loss=0.4448  score=0.7755 acc=0.8068 dice=0.7023 tau*=0.745  (27.1s)
[densenet201] fold3 ep06  loss=0.3687  score=0.7573 acc=0.7955 dice=0.6682 tau*=0.090  (27.9s)
[densenet201] fold3 ep07  loss=0.3950  score=0.7164 acc=0.7614 dice=0.6114 tau*=0.950  (26.2s)
[densenet201] fold3 ep08  loss=0.2722  score=0.7091 acc=0.7500 dice=0.6136 tau*=0.390  (30.6s)
[densenet201] fold3 ep09  loss=0.1742  score=0.7459 acc=0.7841 dice=0.6568 tau*=0.950  (29.4s)
[densenet201] fold3 ep10  loss=0.1655  score=0.6959 acc=0.7273 dice=0.6227 tau*=0.900  (33.5s)
[densenet201] fold3 ep11  loss=0.2189  score=0.7786 acc=0.8182 dice=0.6864 tau*=0.525  (30.6s)
[densenet201] fold3 ep12  loss=0.1667  score=0.7350 acc=0.7841 dice=0.6205 tau*=0.430  (29.5s)
[densenet201] fold3 ep13  loss=0.1087  score=0.7986 acc=0.8409 dice=0.7000 tau*=0.540  (29.8s)
[densenet201] fold3 ep14  loss=0.1118  score=0.7236 acc=0.7727 dice=0.6091 tau*=0.080  (38.5s)
[densenet201] fold3 ep15  loss=0.1374  score=0.7391 acc=0.7841 dice=0.6341 tau*=0.890  (33.9s)
[densenet201] fold3 ep16  loss=0.1039  score=0.7586 acc=0.7955 dice=0.6727 tau*=0.825  (31.0s)
[densenet201] fold3 ep17  loss=0.0718  score=0.7400 acc=0.7727 dice=0.6636 tau*=0.950  (33.7s)
[densenet201] fold3 ep18  loss=0.0425  score=0.7223 acc=0.7727 dice=0.6045 tau*=0.130  (30.8s)
[densenet201] fold3 ep19  loss=0.0977  score=0.7259 acc=0.7614 dice=0.6432 tau*=0.950  (32.5s)
[densenet201] fold3 ep20  loss=0.0064  score=0.7232 acc=0.7614 dice=0.6341 tau*=0.810  (30.3s)
[densenet201] fold3 ep21  loss=0.0315  score=0.7400 acc=0.7727 dice=0.6636 tau*=0.950  (33.2s)
[densenet201] fold3 ep22  loss=0.0353  score=0.7400 acc=0.7727 dice=0.6636 tau*=0.950  (31.6s)
[densenet201] fold3 ep23  loss=0.0221  score=0.7514 acc=0.7841 dice=0.6750 tau*=0.950  (32.0s)
[densenet201] fold3 ep24  loss=0.0206  score=0.7473 acc=0.7841 dice=0.6614 tau*=0.910  (34.7s)
[densenet201] fold3 BEST: {'score': 0.7986363636363636, 'tau': 0.5399999999999999, 'acc': 0.8409090909090909, 'dice': 0.7000000000000001, 'epoch': 13}  -> runs_lungcrop/densenet201/fold3_best.pt
[densenet201] fold 4 attempt 0: 18.1M params, train=355 val=89 pos_weight=1.247 lr=3.0e-04 encoder_lr_mult=1.0 warmup_epochs=0
[densenet201] fold4 ep00  loss=0.7166  score=0.6530 acc=0.6854 dice=0.5775 tau*=0.340  (33.9s)
[densenet201] fold4 ep01  loss=0.6570  score=0.6751 acc=0.6966 dice=0.6247 tau*=0.720  (29.7s)
[densenet201] fold4 ep02  loss=0.4987  score=0.6975 acc=0.7191 dice=0.6472 tau*=0.900  (29.4s)
[densenet201] fold4 ep03  loss=0.4940  score=0.6679 acc=0.6854 dice=0.6270 tau*=0.935  (30.9s)
[densenet201] fold4 ep04  loss=0.4665  score=0.6953 acc=0.7303 dice=0.6135 tau*=0.060  (30.6s)
[densenet201] fold4 ep05  loss=0.3511  score=0.7218 acc=0.7528 dice=0.6494 tau*=0.810  (31.1s)
[densenet201] fold4 ep06  loss=0.2488  score=0.7330 acc=0.7640 dice=0.6607 tau*=0.665  (28.2s)
[densenet201] fold4 ep07  loss=0.4195  score=0.7317 acc=0.7640 dice=0.6562 tau*=0.610  (33.3s)
[densenet201] fold4 ep08  loss=0.3246  score=0.7483 acc=0.7753 dice=0.6854 tau*=0.405  (30.5s)
[densenet201] fold4 ep09  loss=0.2698  score=0.7429 acc=0.7753 dice=0.6674 tau*=0.945  (36.3s)
[densenet201] fold4 ep10  loss=0.2052  score=0.7555 acc=0.7865 dice=0.6831 tau*=0.095  (30.2s)
[densenet201] fold4 ep11  loss=0.1499  score=0.6589 acc=0.6966 dice=0.5708 tau*=0.950  (30.1s)
[densenet201] fold4 ep12  loss=0.1759  score=0.7106 acc=0.7416 dice=0.6382 tau*=0.920  (32.5s)
[densenet201] fold4 ep13  loss=0.1451  score=0.7569 acc=0.7865 dice=0.6876 tau*=0.780  (32.6s)
[densenet201] fold4 ep14  loss=0.0910  score=0.7672 acc=0.8090 dice=0.6697 tau*=0.880  (32.1s)
[densenet201] fold4 ep15  loss=0.0470  score=0.7160 acc=0.7416 dice=0.6562 tau*=0.945  (33.9s)
[densenet201] fold4 ep16  loss=0.0498  score=0.7613 acc=0.7978 dice=0.6764 tau*=0.795  (33.5s)
[densenet201] fold4 ep17  loss=0.0256  score=0.7573 acc=0.7978 dice=0.6629 tau*=0.190  (29.8s)
[densenet201] fold4 ep18  loss=0.0362  score=0.7375 acc=0.7753 dice=0.6494 tau*=0.920  (32.1s)
[densenet201] fold4 ep19  loss=0.0296  score=0.7429 acc=0.7753 dice=0.6674 tau*=0.950  (31.8s)
[densenet201] fold4 ep20  loss=0.0335  score=0.7573 acc=0.7978 dice=0.6629 tau*=0.175  (30.7s)
[densenet201] fold4 ep21  loss=0.0044  score=0.7640 acc=0.7978 dice=0.6854 tau*=0.950  (29.0s)
[densenet201] fold4 ep22  loss=0.0400  score=0.7640 acc=0.7978 dice=0.6854 tau*=0.950  (30.2s)
[densenet201] fold4 ep23  loss=0.0074  score=0.7515 acc=0.7865 dice=0.6697 tau*=0.950  (31.4s)
[densenet201] fold4 ep24  loss=0.0082  score=0.7640 acc=0.7978 dice=0.6854 tau*=0.945  (30.5s)
[densenet201] fold4 BEST: {'score': 0.767191011235955, 'tau': 0.8799999999999999, 'acc': 0.8089887640449438, 'dice': 0.6696629213483146, 'epoch': 14}  -> runs_lungcrop/densenet201/fold4_best.pt
[densenet201] CV mean score=0.7946 +/- 0.0388
