OrdFused encoder=densenet201 tabular=True device=cuda tab_dim=5 fold_arg=all
cavity  large  medium  none  small
fold                              
0          12      12    49     16
1          11      13    49     16
2          11      13    50     15
3          11      12    49     16
4          12      11    50     16
Warning: You are sending unauthenticated requests to the HF Hub. Please set a HF_TOKEN to enable higher rate limits and faster downloads.
[ordfused/densenet201] fold 0 attempt 0: 18.4M params, train=355 val=89 tabular=True pos_weight=1.261 lr=3.0e-04 enc_mult=0.3 warmup=3
[ordfused/densenet201] fold0 ep00  loss=0.7293  score=0.5506 acc=0.5506 dice=0.5506 tau*=0.950 g=0.519  (49.3s)
[ordfused/densenet201] fold0 ep01  loss=0.6162  score=0.7829 acc=0.8315 dice=0.6697 tau*=0.455 g=0.458  (46.1s)
/opt/conda/lib/python3.11/site-packages/torch/optim/lr_scheduler.py:240: UserWarning: The epoch parameter in `scheduler.step()` was not necessary and is being deprecated where possible. Please use `scheduler.step()` to step the scheduler. During the deprecation, if epoch is different from None, the closed form is used instead of the new chainable form, where available. Please open an issue if you are unable to replicate your use case: https://github.com/pytorch/pytorch/issues/new/choose.
  warnings.warn(EPOCH_DEPRECATION_WARNING, UserWarning)
[ordfused/densenet201] fold0 ep02  loss=0.4628  score=0.7969 acc=0.8427 dice=0.6899 tau*=0.580 g=0.189  (44.3s)
[ordfused/densenet201] fold0 ep03  loss=0.2898  score=0.7996 acc=0.8427 dice=0.6989 tau*=0.315 g=0.135  (45.1s)
[ordfused/densenet201] fold0 ep04  loss=0.1604  score=0.7856 acc=0.8315 dice=0.6787 tau*=0.345 g=0.080  (46.1s)
[ordfused/densenet201] fold0 ep05  loss=0.1148  score=0.7883 acc=0.8315 dice=0.6876 tau*=0.580 g=0.130  (42.6s)
[ordfused/densenet201] fold0 ep06  loss=0.0727  score=0.8234 acc=0.8652 dice=0.7258 tau*=0.725 g=0.171  (45.0s)
[ordfused/densenet201] fold0 ep07  loss=0.0400  score=0.8517 acc=0.8989 dice=0.7416 tau*=0.650 g=0.282  (45.8s)
[ordfused/densenet201] fold0 ep08  loss=0.0436  score=0.8135 acc=0.8539 dice=0.7191 tau*=0.690 g=0.301  (45.7s)
[ordfused/densenet201] fold0 ep09  loss=0.0291  score=0.8193 acc=0.8652 dice=0.7124 tau*=0.490 g=0.418  (47.0s)
[ordfused/densenet201] fold0 ep10  loss=0.0314  score=0.7996 acc=0.8427 dice=0.6989 tau*=0.835 g=0.279  (46.2s)
[ordfused/densenet201] fold0 ep11  loss=0.0277  score=0.7942 acc=0.8427 dice=0.6809 tau*=0.645 g=0.308  (45.4s)
[ordfused/densenet201] fold0 ep12  loss=0.0206  score=0.7560 acc=0.7978 dice=0.6584 tau*=0.100 g=0.533  (48.6s)
[ordfused/densenet201] fold0 ep13  loss=0.0329  score=0.8009 acc=0.8427 dice=0.7034 tau*=0.855 g=0.357  (49.5s)
[ordfused/densenet201] fold0 ep14  loss=0.0191  score=0.8036 acc=0.8427 dice=0.7124 tau*=0.950 g=0.483  (46.5s)
[ordfused/densenet201] fold0 ep15  loss=0.0195  score=0.8054 acc=0.8539 dice=0.6921 tau*=0.100 g=0.474  (47.8s)
[ordfused/densenet201] fold0 ep16  loss=0.0104  score=0.7910 acc=0.8315 dice=0.6966 tau*=0.455 g=0.495  (44.4s)
[ordfused/densenet201] fold0 ep17  loss=0.0061  score=0.8180 acc=0.8652 dice=0.7079 tau*=0.375 g=0.474  (44.2s)
[ordfused/densenet201] fold0 ep18  loss=0.0021  score=0.8265 acc=0.8764 dice=0.7101 tau*=0.170 g=0.486  (49.9s)
[ordfused/densenet201] fold0 ep19  loss=0.0012  score=0.8108 acc=0.8539 dice=0.7101 tau*=0.290 g=0.559  (45.9s)
[ordfused/densenet201] fold0 ep20  loss=0.0011  score=0.8193 acc=0.8652 dice=0.7124 tau*=0.610 g=0.498  (48.8s)
[ordfused/densenet201] fold0 ep21  loss=0.0129  score=0.8207 acc=0.8652 dice=0.7169 tau*=0.470 g=0.531  (46.8s)
[ordfused/densenet201] fold0 ep22  loss=0.0009  score=0.8108 acc=0.8539 dice=0.7101 tau*=0.720 g=0.529  (44.7s)
[ordfused/densenet201] fold0 ep23  loss=0.0015  score=0.8022 acc=0.8427 dice=0.7079 tau*=0.670 g=0.547  (47.2s)
[ordfused/densenet201] fold0 ep24  loss=0.0080  score=0.8180 acc=0.8652 dice=0.7079 tau*=0.325 g=0.495  (47.5s)
[ordfused/densenet201] fold0 ep25  loss=0.0019  score=0.8279 acc=0.8764 dice=0.7146 tau*=0.200 g=0.517  (48.4s)
[ordfused/densenet201] fold0 ep26  loss=0.0005  score=0.8378 acc=0.8876 dice=0.7213 tau*=0.185 g=0.515  (46.4s)
[ordfused/densenet201] fold0 ep27  loss=0.0034  score=0.8378 acc=0.8876 dice=0.7213 tau*=0.260 g=0.501  (46.4s)
[ordfused/densenet201] fold0 ep28  loss=0.0049  score=0.8378 acc=0.8876 dice=0.7213 tau*=0.080 g=0.540  (46.9s)
[ordfused/densenet201] fold0 ep29  loss=0.0006  score=0.8378 acc=0.8876 dice=0.7213 tau*=0.235 g=0.502  (43.9s)
[ordfused/densenet201] fold0 BEST: {'score': 0.851685393258427, 'tau': 0.6499999999999999, 'acc': 0.898876404494382, 'dice': 0.7415730337078652, 'gate_mean': 0.28241389989852905, 'epoch': 7}  -> /workspace/Code/runs/ordfused_densenet201/fold0_best.pt
[ordfused/densenet201] fold 1 attempt 0: 18.4M params, train=355 val=89 tabular=True pos_weight=1.261 lr=3.0e-04 enc_mult=0.3 warmup=3
[ordfused/densenet201] fold1 ep00  loss=0.7380  score=0.7106 acc=0.7416 dice=0.6382 tau*=0.660 g=0.494  (47.5s)
[ordfused/densenet201] fold1 ep01  loss=0.6085  score=0.7443 acc=0.7753 dice=0.6719 tau*=0.620 g=0.468  (42.2s)
/opt/conda/lib/python3.11/site-packages/torch/optim/lr_scheduler.py:240: UserWarning: The epoch parameter in `scheduler.step()` was not necessary and is being deprecated where possible. Please use `scheduler.step()` to step the scheduler. During the deprecation, if epoch is different from None, the closed form is used instead of the new chainable form, where available. Please open an issue if you are unable to replicate your use case: https://github.com/pytorch/pytorch/issues/new/choose.
  warnings.warn(EPOCH_DEPRECATION_WARNING, UserWarning)
[ordfused/densenet201] fold1 ep02  loss=0.4477  score=0.7753 acc=0.8090 dice=0.6966 tau*=0.705 g=0.337  (40.5s)
[ordfused/densenet201] fold1 ep03  loss=0.2717  score=0.7910 acc=0.8315 dice=0.6966 tau*=0.465 g=0.249  (40.5s)
[ordfused/densenet201] fold1 ep04  loss=0.1624  score=0.8009 acc=0.8427 dice=0.7034 tau*=0.545 g=0.313  (43.4s)
[ordfused/densenet201] fold1 ep05  loss=0.0848  score=0.7852 acc=0.8202 dice=0.7034 tau*=0.725 g=0.245  (44.7s)
[ordfused/densenet201] fold1 ep06  loss=0.0888  score=0.7618 acc=0.8090 dice=0.6517 tau*=0.160 g=0.281  (41.6s)
[ordfused/densenet201] fold1 ep07  loss=0.0650  score=0.7924 acc=0.8315 dice=0.7011 tau*=0.775 g=0.283  (41.3s)
[ordfused/densenet201] fold1 ep08  loss=0.0344  score=0.7856 acc=0.8315 dice=0.6787 tau*=0.455 g=0.354  (44.9s)
[ordfused/densenet201] fold1 ep09  loss=0.0423  score=0.7771 acc=0.8202 dice=0.6764 tau*=0.285 g=0.452  (41.7s)
[ordfused/densenet201] fold1 ep10  loss=0.0223  score=0.7627 acc=0.7978 dice=0.6809 tau*=0.810 g=0.448  (42.3s)
[ordfused/densenet201] fold1 ep11  loss=0.0184  score=0.8022 acc=0.8427 dice=0.7079 tau*=0.665 g=0.439  (40.7s)
[ordfused/densenet201] fold1 ep12  loss=0.0195  score=0.7996 acc=0.8427 dice=0.6989 tau*=0.490 g=0.544  (45.6s)
[ordfused/densenet201] fold1 ep13  loss=0.0146  score=0.7699 acc=0.8090 dice=0.6787 tau*=0.535 g=0.464  (39.8s)
[ordfused/densenet201] fold1 ep14  loss=0.0178  score=0.7982 acc=0.8427 dice=0.6944 tau*=0.075 g=0.608  (41.4s)
[ordfused/densenet201] fold1 ep15  loss=0.0064  score=0.8022 acc=0.8427 dice=0.7079 tau*=0.580 g=0.539  (41.5s)
[ordfused/densenet201] fold1 ep16  loss=0.0063  score=0.8121 acc=0.8539 dice=0.7146 tau*=0.240 g=0.594  (42.3s)
[ordfused/densenet201] fold1 ep17  loss=0.0123  score=0.8135 acc=0.8539 dice=0.7191 tau*=0.875 g=0.518  (40.6s)
[ordfused/densenet201] fold1 ep18  loss=0.0097  score=0.8121 acc=0.8539 dice=0.7146 tau*=0.910 g=0.514  (41.7s)
[ordfused/densenet201] fold1 ep19  loss=0.0030  score=0.8094 acc=0.8539 dice=0.7056 tau*=0.180 g=0.562  (41.7s)
[ordfused/densenet201] fold1 ep20  loss=0.0011  score=0.7910 acc=0.8315 dice=0.6966 tau*=0.500 g=0.538  (40.9s)
[ordfused/densenet201] fold1 ep21  loss=0.0113  score=0.7924 acc=0.8315 dice=0.7011 tau*=0.835 g=0.512  (41.6s)
[ordfused/densenet201] fold1 ep22  loss=0.0044  score=0.7982 acc=0.8427 dice=0.6944 tau*=0.130 g=0.543  (41.0s)
[ordfused/densenet201] fold1 ep23  loss=0.0007  score=0.8094 acc=0.8539 dice=0.7056 tau*=0.200 g=0.535  (45.4s)
[ordfused/densenet201] fold1 ep24  loss=0.0049  score=0.8108 acc=0.8539 dice=0.7101 tau*=0.490 g=0.511  (42.2s)
[ordfused/densenet201] fold1 ep25  loss=0.0004  score=0.8094 acc=0.8539 dice=0.7056 tau*=0.265 g=0.535  (40.7s)
[ordfused/densenet201] fold1 ep26  loss=0.0052  score=0.8094 acc=0.8539 dice=0.7056 tau*=0.370 g=0.516  (43.6s)
[ordfused/densenet201] fold1 ep27  loss=0.0040  score=0.8094 acc=0.8539 dice=0.7056 tau*=0.290 g=0.523  (41.9s)
[ordfused/densenet201] fold1 ep28  loss=0.0009  score=0.8108 acc=0.8539 dice=0.7101 tau*=0.340 g=0.530  (41.4s)
[ordfused/densenet201] fold1 ep29  loss=0.0014  score=0.8094 acc=0.8539 dice=0.7056 tau*=0.135 g=0.549  (41.3s)
[ordfused/densenet201] fold1 BEST: {'score': 0.8134831460674157, 'tau': 0.8749999999999999, 'acc': 0.8539325842696629, 'dice': 0.7191011235955056, 'gate_mean': 0.5180746912956238, 'epoch': 17}  -> /workspace/Code/runs/ordfused_densenet201/fold1_best.pt
[ordfused/densenet201] fold 2 attempt 0: 18.4M params, train=355 val=89 tabular=True pos_weight=1.247 lr=3.0e-04 enc_mult=0.3 warmup=3
[ordfused/densenet201] fold2 ep00  loss=0.7243  score=0.6315 acc=0.6517 dice=0.5843 tau*=0.530 g=0.489  (42.7s)
[ordfused/densenet201] fold2 ep01  loss=0.6111  score=0.7218 acc=0.7528 dice=0.6494 tau*=0.545 g=0.413  (45.1s)
/opt/conda/lib/python3.11/site-packages/torch/optim/lr_scheduler.py:240: UserWarning: The epoch parameter in `scheduler.step()` was not necessary and is being deprecated where possible. Please use `scheduler.step()` to step the scheduler. During the deprecation, if epoch is different from None, the closed form is used instead of the new chainable form, where available. Please open an issue if you are unable to replicate your use case: https://github.com/pytorch/pytorch/issues/new/choose.
  warnings.warn(EPOCH_DEPRECATION_WARNING, UserWarning)
[ordfused/densenet201] fold2 ep02  loss=0.4109  score=0.7402 acc=0.7753 dice=0.6584 tau*=0.575 g=0.257  (46.4s)
[ordfused/densenet201] fold2 ep03  loss=0.2882  score=0.7613 acc=0.7978 dice=0.6764 tau*=0.500 g=0.275  (43.2s)
[ordfused/densenet201] fold2 ep04  loss=0.1608  score=0.7434 acc=0.7865 dice=0.6427 tau*=0.405 g=0.218  (45.7s)
[ordfused/densenet201] fold2 ep05  loss=0.0976  score=0.7771 acc=0.8202 dice=0.6764 tau*=0.230 g=0.077  (45.1s)
[ordfused/densenet201] fold2 ep06  loss=0.0697  score=0.7685 acc=0.8090 dice=0.6742 tau*=0.400 g=0.187  (47.5s)
[ordfused/densenet201] fold2 ep07  loss=0.0833  score=0.7321 acc=0.7753 dice=0.6315 tau*=0.245 g=0.241  (45.4s)
[ordfused/densenet201] fold2 ep08  loss=0.0581  score=0.7420 acc=0.7865 dice=0.6382 tau*=0.150 g=0.261  (46.3s)
[ordfused/densenet201] fold2 ep09  loss=0.0317  score=0.7492 acc=0.7978 dice=0.6360 tau*=0.160 g=0.302  (45.3s)
[ordfused/densenet201] fold2 ep10  loss=0.0232  score=0.7389 acc=0.7753 dice=0.6539 tau*=0.435 g=0.470  (45.3s)
[ordfused/densenet201] fold2 ep11  loss=0.0203  score=0.7645 acc=0.8090 dice=0.6607 tau*=0.075 g=0.428  (44.2s)
[ordfused/densenet201] fold2 ep12  loss=0.0100  score=0.7474 acc=0.7865 dice=0.6562 tau*=0.080 g=0.357  (44.2s)
[ordfused/densenet201] fold2 ep13  loss=0.0215  score=0.7843 acc=0.8315 dice=0.6742 tau*=0.210 g=0.499  (46.8s)
[ordfused/densenet201] fold2 ep14  loss=0.0120  score=0.7402 acc=0.7753 dice=0.6584 tau*=0.615 g=0.533  (45.2s)
[ordfused/densenet201] fold2 ep15  loss=0.0175  score=0.7712 acc=0.8090 dice=0.6831 tau*=0.400 g=0.524  (45.5s)
[ordfused/densenet201] fold2 ep16  loss=0.0057  score=0.7546 acc=0.7978 dice=0.6539 tau*=0.070 g=0.523  (44.3s)
[ordfused/densenet201] fold2 ep17  loss=0.0055  score=0.7402 acc=0.7753 dice=0.6584 tau*=0.490 g=0.517  (45.5s)
[ordfused/densenet201] fold2 ep18  loss=0.0035  score=0.7348 acc=0.7753 dice=0.6404 tau*=0.055 g=0.531  (48.6s)
[ordfused/densenet201] fold2 ep19  loss=0.0043  score=0.7560 acc=0.7978 dice=0.6584 tau*=0.055 g=0.519  (43.6s)
[ordfused/densenet201] fold2 ep20  loss=0.0114  score=0.7645 acc=0.8090 dice=0.6607 tau*=0.130 g=0.516  (47.0s)
[ordfused/densenet201] fold2 ep21  loss=0.0037  score=0.7658 acc=0.8090 dice=0.6652 tau*=0.190 g=0.531  (45.5s)
[ordfused/densenet201] fold2 ep22  loss=0.0020  score=0.7474 acc=0.7865 dice=0.6562 tau*=0.215 g=0.511  (46.5s)
[ordfused/densenet201] fold2 ep23  loss=0.0027  score=0.7461 acc=0.7865 dice=0.6517 tau*=0.090 g=0.505  (45.9s)
[ordfused/densenet201] fold2 ep24  loss=0.0022  score=0.7474 acc=0.7865 dice=0.6562 tau*=0.055 g=0.517  (43.6s)
[ordfused/densenet201] fold2 ep25  loss=0.0012  score=0.7573 acc=0.7978 dice=0.6629 tau*=0.060 g=0.522  (43.8s)
[ordfused/densenet201] fold2 ep26  loss=0.0008  score=0.7573 acc=0.7978 dice=0.6629 tau*=0.155 g=0.510  (44.5s)
[ordfused/densenet201] fold2 ep27  loss=0.0026  score=0.7672 acc=0.8090 dice=0.6697 tau*=0.070 g=0.516  (44.5s)
[ordfused/densenet201] fold2 ep28  loss=0.0030  score=0.7672 acc=0.8090 dice=0.6697 tau*=0.135 g=0.505  (44.9s)
[ordfused/densenet201] fold2 ep29  loss=0.0006  score=0.7474 acc=0.7865 dice=0.6562 tau*=0.060 g=0.523  (45.5s)
[ordfused/densenet201] fold2 BEST: {'score': 0.7842696629213484, 'tau': 0.20999999999999996, 'acc': 0.8314606741573034, 'dice': 0.6741573033707865, 'gate_mean': 0.49912527203559875, 'epoch': 13}  -> /workspace/Code/runs/ordfused_densenet201/fold2_best.pt
[ordfused/densenet201] fold 3 attempt 0: 18.4M params, train=356 val=88 tabular=True pos_weight=1.253 lr=3.0e-04 enc_mult=0.3 warmup=3
[ordfused/densenet201] fold3 ep00  loss=0.7819  score=0.5655 acc=0.5682 dice=0.5591 tau*=0.700 g=0.492  (47.2s)
[ordfused/densenet201] fold3 ep01  loss=0.6328  score=0.6727 acc=0.6932 dice=0.6250 tau*=0.655 g=0.332  (45.4s)
/opt/conda/lib/python3.11/site-packages/torch/optim/lr_scheduler.py:240: UserWarning: The epoch parameter in `scheduler.step()` was not necessary and is being deprecated where possible. Please use `scheduler.step()` to step the scheduler. During the deprecation, if epoch is different from None, the closed form is used instead of the new chainable form, where available. Please open an issue if you are unable to replicate your use case: https://github.com/pytorch/pytorch/issues/new/choose.
  warnings.warn(EPOCH_DEPRECATION_WARNING, UserWarning)
[ordfused/densenet201] fold3 ep02  loss=0.4397  score=0.7414 acc=0.7727 dice=0.6682 tau*=0.605 g=0.144  (45.6s)
[ordfused/densenet201] fold3 ep03  loss=0.2774  score=0.7159 acc=0.7500 dice=0.6364 tau*=0.565 g=0.081  (47.6s)
[ordfused/densenet201] fold3 ep04  loss=0.1534  score=0.7759 acc=0.8182 dice=0.6773 tau*=0.705 g=0.104  (47.9s)
[ordfused/densenet201] fold3 ep05  loss=0.1101  score=0.7491 acc=0.7955 dice=0.6409 tau*=0.170 g=0.132  (46.4s)
[ordfused/densenet201] fold3 ep06  loss=0.0664  score=0.7018 acc=0.7386 dice=0.6159 tau*=0.850 g=0.078  (49.1s)
[ordfused/densenet201] fold3 ep07  loss=0.0630  score=0.7591 acc=0.8068 dice=0.6477 tau*=0.445 g=0.099  (47.6s)
[ordfused/densenet201] fold3 ep08  loss=0.0428  score=0.7473 acc=0.7841 dice=0.6614 tau*=0.555 g=0.225  (46.5s)
[ordfused/densenet201] fold3 ep09  loss=0.0291  score=0.7105 acc=0.7500 dice=0.6182 tau*=0.840 g=0.100  (43.9s)
[ordfused/densenet201] fold3 ep10  loss=0.0211  score=0.7559 acc=0.7955 dice=0.6636 tau*=0.750 g=0.060  (47.8s)
[ordfused/densenet201] fold3 ep11  loss=0.0241  score=0.7391 acc=0.7841 dice=0.6341 tau*=0.155 g=0.088  (48.0s)
[ordfused/densenet201] fold3 ep12  loss=0.0217  score=0.7445 acc=0.7841 dice=0.6523 tau*=0.515 g=0.090  (49.7s)
[ordfused/densenet201] fold3 ep13  loss=0.0098  score=0.7486 acc=0.7841 dice=0.6659 tau*=0.915 g=0.106  (46.4s)
[ordfused/densenet201] fold3 ep14  loss=0.0147  score=0.7432 acc=0.7841 dice=0.6477 tau*=0.900 g=0.141  (47.9s)
[ordfused/densenet201] fold3 ep15  loss=0.0056  score=0.7205 acc=0.7614 dice=0.6250 tau*=0.775 g=0.188  (48.2s)
[ordfused/densenet201] fold3 ep16  loss=0.0085  score=0.7786 acc=0.8182 dice=0.6864 tau*=0.945 g=0.279  (44.9s)
[ordfused/densenet201] fold3 ep17  loss=0.0096  score=0.8127 acc=0.8523 dice=0.7205 tau*=0.930 g=0.407  (45.6s)
[ordfused/densenet201] fold3 ep18  loss=0.0024  score=0.7686 acc=0.8068 dice=0.6795 tau*=0.950 g=0.357  (43.9s)
[ordfused/densenet201] fold3 ep19  loss=0.0037  score=0.7659 acc=0.8068 dice=0.6705 tau*=0.945 g=0.327  (47.1s)
[ordfused/densenet201] fold3 ep20  loss=0.0024  score=0.7432 acc=0.7841 dice=0.6477 tau*=0.900 g=0.381  (47.3s)
[ordfused/densenet201] fold3 ep21  loss=0.0098  score=0.7559 acc=0.7955 dice=0.6636 tau*=0.950 g=0.374  (44.2s)
[ordfused/densenet201] fold3 ep22  loss=0.0008  score=0.7673 acc=0.8068 dice=0.6750 tau*=0.950 g=0.371  (46.9s)
[ordfused/densenet201] fold3 ep23  loss=0.0122  score=0.7773 acc=0.8182 dice=0.6818 tau*=0.820 g=0.413  (47.5s)
[ordfused/densenet201] fold3 ep24  loss=0.0017  score=0.7673 acc=0.8068 dice=0.6750 tau*=0.950 g=0.385  (48.7s)
[ordfused/densenet201] fold3 ep25  loss=0.0047  score=0.7773 acc=0.8182 dice=0.6818 tau*=0.950 g=0.376  (45.3s)
[ordfused/densenet201] fold3 ep26  loss=0.0042  score=0.7773 acc=0.8182 dice=0.6818 tau*=0.935 g=0.388  (49.1s)
[ordfused/densenet201] fold3 ep27  loss=0.0005  score=0.7773 acc=0.8182 dice=0.6818 tau*=0.950 g=0.379  (47.3s)
[ordfused/densenet201] fold3 ep28  loss=0.0013  score=0.7773 acc=0.8182 dice=0.6818 tau*=0.950 g=0.390  (46.1s)
[ordfused/densenet201] fold3 ep29  loss=0.0016  score=0.7786 acc=0.8182 dice=0.6864 tau*=0.935 g=0.396  (46.6s)
[ordfused/densenet201] fold3 BEST: {'score': 0.8127272727272727, 'tau': 0.9299999999999999, 'acc': 0.8522727272727273, 'dice': 0.7204545454545455, 'gate_mean': 0.4074746072292328, 'epoch': 17}  -> /workspace/Code/runs/ordfused_densenet201/fold3_best.pt
[ordfused/densenet201] fold 4 attempt 0: 18.4M params, train=355 val=89 tabular=True pos_weight=1.247 lr=3.0e-04 enc_mult=0.3 warmup=3
[ordfused/densenet201] fold4 ep00  loss=0.7632  score=0.5618 acc=0.5618 dice=0.5618 tau*=0.950 g=0.519  (44.7s)
[ordfused/densenet201] fold4 ep01  loss=0.6164  score=0.6769 acc=0.7079 dice=0.6045 tau*=0.580 g=0.526  (42.0s)
/opt/conda/lib/python3.11/site-packages/torch/optim/lr_scheduler.py:240: UserWarning: The epoch parameter in `scheduler.step()` was not necessary and is being deprecated where possible. Please use `scheduler.step()` to step the scheduler. During the deprecation, if epoch is different from None, the closed form is used instead of the new chainable form, where available. Please open an issue if you are unable to replicate your use case: https://github.com/pytorch/pytorch/issues/new/choose.
  warnings.warn(EPOCH_DEPRECATION_WARNING, UserWarning)
[ordfused/densenet201] fold4 ep02  loss=0.4313  score=0.7344 acc=0.7640 dice=0.6652 tau*=0.625 g=0.357  (43.5s)
[ordfused/densenet201] fold4 ep03  loss=0.2776  score=0.7245 acc=0.7528 dice=0.6584 tau*=0.680 g=0.524  (43.1s)
[ordfused/densenet201] fold4 ep04  loss=0.1935  score=0.7964 acc=0.8315 dice=0.7146 tau*=0.755 g=0.249  (47.7s)
[ordfused/densenet201] fold4 ep05  loss=0.1051  score=0.7667 acc=0.7978 dice=0.6944 tau*=0.735 g=0.342  (43.8s)
[ordfused/densenet201] fold4 ep06  loss=0.0710  score=0.7398 acc=0.7640 dice=0.6831 tau*=0.890 g=0.318  (41.4s)
[ordfused/densenet201] fold4 ep07  loss=0.0416  score=0.7371 acc=0.7640 dice=0.6742 tau*=0.800 g=0.469  (45.8s)
[ordfused/densenet201] fold4 ep08  loss=0.0525  score=0.7276 acc=0.7640 dice=0.6427 tau*=0.735 g=0.457  (43.7s)
[ordfused/densenet201] fold4 ep09  loss=0.0399  score=0.7569 acc=0.7865 dice=0.6876 tau*=0.935 g=0.471  (42.8s)
[ordfused/densenet201] fold4 ep10  loss=0.0141  score=0.7119 acc=0.7416 dice=0.6427 tau*=0.950 g=0.530  (41.9s)
[ordfused/densenet201] fold4 ep11  loss=0.0167  score=0.7753 acc=0.8090 dice=0.6966 tau*=0.790 g=0.461  (42.8s)
[ordfused/densenet201] fold4 ep12  loss=0.0197  score=0.7330 acc=0.7640 dice=0.6607 tau*=0.925 g=0.430  (43.7s)
[ordfused/densenet201] fold4 ep13  loss=0.0205  score=0.7483 acc=0.7753 dice=0.6854 tau*=0.930 g=0.512  (43.2s)
[ordfused/densenet201] fold4 ep14  loss=0.0093  score=0.7335 acc=0.7753 dice=0.6360 tau*=0.330 g=0.542  (42.9s)
[ordfused/densenet201] fold4 ep15  loss=0.0062  score=0.6993 acc=0.7303 dice=0.6270 tau*=0.885 g=0.551  (45.9s)
[ordfused/densenet201] fold4 ep16  loss=0.0071  score=0.7263 acc=0.7640 dice=0.6382 tau*=0.390 g=0.595  (44.4s)
[ordfused/densenet201] fold4 ep17  loss=0.0089  score=0.7344 acc=0.7640 dice=0.6652 tau*=0.935 g=0.566  (42.8s)
[ordfused/densenet201] fold4 ep18  loss=0.0026  score=0.7501 acc=0.7865 dice=0.6652 tau*=0.580 g=0.567  (43.1s)
[ordfused/densenet201] fold4 ep19  loss=0.0050  score=0.7429 acc=0.7753 dice=0.6674 tau*=0.930 g=0.564  (42.6s)
[ordfused/densenet201] fold4 ep20  loss=0.0084  score=0.7317 acc=0.7640 dice=0.6562 tau*=0.930 g=0.566  (43.9s)
[ordfused/densenet201] fold4 ep21  loss=0.0010  score=0.7429 acc=0.7753 dice=0.6674 tau*=0.915 g=0.566  (44.8s)
[ordfused/densenet201] fold4 ep22  loss=0.0009  score=0.7344 acc=0.7640 dice=0.6652 tau*=0.950 g=0.566  (47.8s)
[ordfused/densenet201] fold4 ep23  loss=0.0010  score=0.7218 acc=0.7528 dice=0.6494 tau*=0.950 g=0.538  (44.2s)
[ordfused/densenet201] fold4 ep24  loss=0.0023  score=0.7218 acc=0.7528 dice=0.6494 tau*=0.950 g=0.545  (44.0s)
[ordfused/densenet201] fold4 ep25  loss=0.0092  score=0.7317 acc=0.7640 dice=0.6562 tau*=0.950 g=0.531  (44.4s)
[ordfused/densenet201] fold4 ep26  loss=0.0053  score=0.7191 acc=0.7528 dice=0.6404 tau*=0.950 g=0.508  (45.9s)
[ordfused/densenet201] fold4 ep27  loss=0.0016  score=0.7191 acc=0.7528 dice=0.6404 tau*=0.940 g=0.513  (44.8s)
[ordfused/densenet201] fold4 ep28  loss=0.0008  score=0.7317 acc=0.7640 dice=0.6562 tau*=0.950 g=0.528  (43.7s)
[ordfused/densenet201] fold4 ep29  loss=0.0082  score=0.7330 acc=0.7640 dice=0.6607 tau*=0.950 g=0.534  (40.6s)
[ordfused/densenet201] fold4 BEST: {'score': 0.7964044943820224, 'tau': 0.7549999999999999, 'acc': 0.8314606741573034, 'dice': 0.7146067415730336, 'gate_mean': 0.24944843351840973, 'epoch': 4}  -> /workspace/Code/runs/ordfused_densenet201/fold4_best.pt
[ordfused/densenet201] CV mean score=0.8117 +/- 0.0254  (mean gate=0.391)
