OrdFused encoder=rad_dino tabular=True device=cuda tab_dim=5 fold_arg=all
cavity  large  medium  none  small
fold                              
0          12      12    49     16
1          11      13    49     16
2          11      13    50     15
3          11      12    49     16
4          12      11    50     16
[ordfused/rad_dino] fold 0 attempt 0: 89.3M params, train=355 val=89 tabular=True pos_weight=1.261 lr=3.0e-04 enc_mult=0.3 warmup=3
/workspace/Code/train_ordfused.py:204: FutureWarning: `torch.cuda.amp.GradScaler(args...)` is deprecated. Please use `torch.amp.GradScaler('cuda', args...)` instead.
  scaler = torch.cuda.amp.GradScaler(enabled=use_amp)
[ordfused/rad_dino] fold0 ep00  loss=0.7718  score=0.5506 acc=0.5506 dice=0.5506 tau*=0.950 g=0.492  (32.8s)
[ordfused/rad_dino] fold0 ep01  loss=0.7483  score=0.6175 acc=0.6404 dice=0.5640 tau*=0.545 g=0.502  (42.0s)
[ordfused/rad_dino] fold0 ep02  loss=0.7120  score=0.6643 acc=0.6966 dice=0.5888 tau*=0.515 g=0.503  (43.8s)
[ordfused/rad_dino] fold0 ep03  loss=0.6641  score=0.7501 acc=0.7865 dice=0.6652 tau*=0.460 g=0.523  (45.4s)
[ordfused/rad_dino] fold0 ep04  loss=0.6215  score=0.7744 acc=0.8202 dice=0.6674 tau*=0.480 g=0.432  (46.1s)
[ordfused/rad_dino] fold0 ep05  loss=0.5745  score=0.7816 acc=0.8315 dice=0.6652 tau*=0.390 g=0.505  (38.7s)
[ordfused/rad_dino] fold0 ep06  loss=0.5349  score=0.7825 acc=0.8202 dice=0.6944 tau*=0.600 g=0.417  (38.7s)
[ordfused/rad_dino] fold0 ep07  loss=0.4954  score=0.8022 acc=0.8427 dice=0.7079 tau*=0.450 g=0.505  (39.2s)
[ordfused/rad_dino] fold0 ep08  loss=0.4775  score=0.7996 acc=0.8427 dice=0.6989 tau*=0.415 g=0.420  (43.6s)
[ordfused/rad_dino] fold0 ep09  loss=0.4368  score=0.7969 acc=0.8427 dice=0.6899 tau*=0.375 g=0.513  (33.0s)
[ordfused/rad_dino] fold0 ep10  loss=0.4256  score=0.8067 acc=0.8539 dice=0.6966 tau*=0.425 g=0.394  (33.8s)
[ordfused/rad_dino] fold0 ep11  loss=0.3672  score=0.8193 acc=0.8652 dice=0.7124 tau*=0.515 g=0.419  (43.2s)
[ordfused/rad_dino] fold0 ep12  loss=0.3360  score=0.8081 acc=0.8539 dice=0.7011 tau*=0.440 g=0.411  (37.6s)
[ordfused/rad_dino] fold0 ep13  loss=0.3288  score=0.8207 acc=0.8652 dice=0.7169 tau*=0.590 g=0.371  (33.2s)
[ordfused/rad_dino] fold0 ep14  loss=0.2673  score=0.8306 acc=0.8764 dice=0.7236 tau*=0.415 g=0.470  (42.5s)
[ordfused/rad_dino] fold0 ep15  loss=0.2235  score=0.8306 acc=0.8764 dice=0.7236 tau*=0.385 g=0.476  (39.9s)
[ordfused/rad_dino] fold0 ep16  loss=0.2376  score=0.8306 acc=0.8764 dice=0.7236 tau*=0.415 g=0.465  (35.1s)
[ordfused/rad_dino] fold0 ep17  loss=0.2137  score=0.8220 acc=0.8652 dice=0.7213 tau*=0.600 g=0.413  (33.0s)
[ordfused/rad_dino] fold0 ep18  loss=0.2029  score=0.8220 acc=0.8652 dice=0.7213 tau*=0.515 g=0.483  (32.1s)
[ordfused/rad_dino] fold0 ep19  loss=0.1810  score=0.8306 acc=0.8764 dice=0.7236 tau*=0.525 g=0.437  (32.1s)
[ordfused/rad_dino] fold0 ep20  loss=0.1773  score=0.8306 acc=0.8764 dice=0.7236 tau*=0.435 g=0.465  (33.7s)
[ordfused/rad_dino] fold0 ep21  loss=0.1570  score=0.8306 acc=0.8764 dice=0.7236 tau*=0.415 g=0.482  (34.6s)
[ordfused/rad_dino] fold0 ep22  loss=0.1704  score=0.8306 acc=0.8764 dice=0.7236 tau*=0.420 g=0.481  (33.6s)
[ordfused/rad_dino] fold0 ep23  loss=0.1826  score=0.8306 acc=0.8764 dice=0.7236 tau*=0.390 g=0.464  (32.3s)
[ordfused/rad_dino] fold0 ep24  loss=0.1768  score=0.8306 acc=0.8764 dice=0.7236 tau*=0.480 g=0.458  (33.7s)
[ordfused/rad_dino] fold0 ep25  loss=0.1895  score=0.8306 acc=0.8764 dice=0.7236 tau*=0.515 g=0.437  (33.5s)
[ordfused/rad_dino] fold0 ep26  loss=0.1425  score=0.8306 acc=0.8764 dice=0.7236 tau*=0.485 g=0.436  (35.5s)
[ordfused/rad_dino] fold0 ep27  loss=0.1895  score=0.8306 acc=0.8764 dice=0.7236 tau*=0.495 g=0.430  (33.2s)
[ordfused/rad_dino] fold0 ep28  loss=0.1562  score=0.8306 acc=0.8764 dice=0.7236 tau*=0.485 g=0.440  (33.2s)
[ordfused/rad_dino] fold0 ep29  loss=0.1441  score=0.8306 acc=0.8764 dice=0.7236 tau*=0.495 g=0.426  (32.8s)
[ordfused/rad_dino] fold0 SWA  score=0.8306 acc=0.8764 dice=0.7236 tau*=0.490 g=0.451
[ordfused/rad_dino] fold0 BEST: {'score': 0.830561797752809, 'tau': 0.4149999999999999, 'acc': 0.8764044943820225, 'dice': 0.7235955056179776, 'gate_mean': 0.47004759311676025, 'epoch': 14}  -> /workspace/Code/runs/ordfused_rad_dino/fold0_best.pt
[ordfused/rad_dino] fold 1 attempt 0: 89.3M params, train=355 val=89 tabular=True pos_weight=1.261 lr=3.0e-04 enc_mult=0.3 warmup=3
/workspace/Code/train_ordfused.py:204: FutureWarning: `torch.cuda.amp.GradScaler(args...)` is deprecated. Please use `torch.amp.GradScaler('cuda', args...)` instead.
  scaler = torch.cuda.amp.GradScaler(enabled=use_amp)
[ordfused/rad_dino] fold1 ep00  loss=0.7485  score=0.5762 acc=0.5843 dice=0.5573 tau*=0.590 g=0.506  (31.9s)
[ordfused/rad_dino] fold1 ep01  loss=0.7381  score=0.6117 acc=0.6292 dice=0.5708 tau*=0.560 g=0.527  (39.5s)
[ordfused/rad_dino] fold1 ep02  loss=0.7154  score=0.6625 acc=0.6854 dice=0.6090 tau*=0.540 g=0.515  (38.6s)
[ordfused/rad_dino] fold1 ep03  loss=0.6462  score=0.7137 acc=0.7528 dice=0.6225 tau*=0.420 g=0.546  (46.8s)
[ordfused/rad_dino] fold1 ep04  loss=0.6230  score=0.7501 acc=0.7865 dice=0.6652 tau*=0.515 g=0.500  (40.3s)
[ordfused/rad_dino] fold1 ep05  loss=0.5730  score=0.7546 acc=0.7978 dice=0.6539 tau*=0.355 g=0.553  (37.9s)
[ordfused/rad_dino] fold1 ep06  loss=0.5191  score=0.7587 acc=0.7978 dice=0.6674 tau*=0.440 g=0.461  (37.7s)
[ordfused/rad_dino] fold1 ep07  loss=0.4838  score=0.7784 acc=0.8202 dice=0.6809 tau*=0.365 g=0.564  (42.7s)
[ordfused/rad_dino] fold1 ep08  loss=0.4637  score=0.7685 acc=0.8090 dice=0.6742 tau*=0.510 g=0.461  (39.3s)
[ordfused/rad_dino] fold1 ep09  loss=0.4342  score=0.7798 acc=0.8202 dice=0.6854 tau*=0.385 g=0.497  (35.1s)
[ordfused/rad_dino] fold1 ep10  loss=0.3885  score=0.7784 acc=0.8202 dice=0.6809 tau*=0.340 g=0.508  (42.1s)
[ordfused/rad_dino] fold1 ep11  loss=0.3549  score=0.7883 acc=0.8315 dice=0.6876 tau*=0.525 g=0.445  (34.1s)
[ordfused/rad_dino] fold1 ep12  loss=0.3445  score=0.7910 acc=0.8315 dice=0.6966 tau*=0.395 g=0.558  (63.5s)
[ordfused/rad_dino] fold1 ep13  loss=0.2917  score=0.7883 acc=0.8315 dice=0.6876 tau*=0.540 g=0.427  (41.8s)
[ordfused/rad_dino] fold1 ep14  loss=0.2944  score=0.7798 acc=0.8202 dice=0.6854 tau*=0.500 g=0.425  (31.8s)
[ordfused/rad_dino] fold1 ep15  loss=0.2622  score=0.7883 acc=0.8315 dice=0.6876 tau*=0.480 g=0.487  (33.4s)
[ordfused/rad_dino] fold1 ep16  loss=0.2028  score=0.7739 acc=0.8090 dice=0.6921 tau*=0.605 g=0.535  (30.4s)
[ordfused/rad_dino] fold1 ep17  loss=0.1886  score=0.7645 acc=0.8090 dice=0.6607 tau*=0.355 g=0.467  (34.4s)
[ordfused/rad_dino] fold1 ep18  loss=0.2179  score=0.7726 acc=0.8090 dice=0.6876 tau*=0.585 g=0.533  (32.4s)
[ordfused/rad_dino] fold1 ep19  loss=0.1862  score=0.7645 acc=0.8090 dice=0.6607 tau*=0.515 g=0.443  (32.7s)
[ordfused/rad_dino] fold1 ep20  loss=0.1693  score=0.7726 acc=0.8090 dice=0.6876 tau*=0.665 g=0.484  (33.5s)
[ordfused/rad_dino] fold1 ep21  loss=0.1467  score=0.7726 acc=0.8090 dice=0.6876 tau*=0.660 g=0.494  (31.9s)
[ordfused/rad_dino] fold1 ep22  loss=0.1679  score=0.7645 acc=0.8090 dice=0.6607 tau*=0.350 g=0.485  (31.7s)
[ordfused/rad_dino] fold1 ep23  loss=0.1634  score=0.7542 acc=0.7865 dice=0.6787 tau*=0.760 g=0.503  (33.1s)
[ordfused/rad_dino] fold1 ep24  loss=0.1952  score=0.7501 acc=0.7865 dice=0.6652 tau*=0.680 g=0.494  (32.7s)
[ordfused/rad_dino] fold1 ep25  loss=0.1485  score=0.7542 acc=0.7865 dice=0.6787 tau*=0.795 g=0.472  (32.6s)
[ordfused/rad_dino] fold1 ep26  loss=0.1369  score=0.7573 acc=0.7978 dice=0.6629 tau*=0.585 g=0.492  (33.8s)
[ordfused/rad_dino] fold1 ep27  loss=0.1481  score=0.7546 acc=0.7978 dice=0.6539 tau*=0.445 g=0.495  (32.5s)
[ordfused/rad_dino] fold1 ep28  loss=0.1539  score=0.7573 acc=0.7978 dice=0.6629 tau*=0.615 g=0.488  (31.9s)
[ordfused/rad_dino] fold1 ep29  loss=0.1723  score=0.7474 acc=0.7865 dice=0.6562 tau*=0.515 g=0.497  (32.3s)
[ordfused/rad_dino] fold1 SWA  score=0.7546 acc=0.7978 dice=0.6539 tau*=0.370 g=0.494
[ordfused/rad_dino] fold1 BEST: {'score': 0.7910112359550562, 'tau': 0.39499999999999996, 'acc': 0.8314606741573034, 'dice': 0.6966292134831461, 'gate_mean': 0.5579496026039124, 'epoch': 12}  -> /workspace/Code/runs/ordfused_rad_dino/fold1_best.pt
[ordfused/rad_dino] fold 2 attempt 0: 89.3M params, train=355 val=89 tabular=True pos_weight=1.247 lr=3.0e-04 enc_mult=0.3 warmup=3
/workspace/Code/train_ordfused.py:204: FutureWarning: `torch.cuda.amp.GradScaler(args...)` is deprecated. Please use `torch.amp.GradScaler('cuda', args...)` instead.
  scaler = torch.cuda.amp.GradScaler(enabled=use_amp)
[ordfused/rad_dino] fold2 ep00  loss=0.7170  score=0.5987 acc=0.6067 dice=0.5798 tau*=0.625 g=0.432  (33.1s)
[ordfused/rad_dino] fold2 ep01  loss=0.7120  score=0.6539 acc=0.6742 dice=0.6067 tau*=0.535 g=0.435  (34.3s)
[ordfused/rad_dino] fold2 ep02  loss=0.6749  score=0.7330 acc=0.7640 dice=0.6607 tau*=0.535 g=0.425  (43.0s)
[ordfused/rad_dino] fold2 ep03  loss=0.6408  score=0.7402 acc=0.7753 dice=0.6584 tau*=0.545 g=0.362  (40.9s)
[ordfused/rad_dino] fold2 ep04  loss=0.5888  score=0.7402 acc=0.7753 dice=0.6584 tau*=0.545 g=0.399  (39.9s)
[ordfused/rad_dino] fold2 ep05  loss=0.5391  score=0.7488 acc=0.7865 dice=0.6607 tau*=0.580 g=0.343  (33.3s)
[ordfused/rad_dino] fold2 ep06  loss=0.5151  score=0.7587 acc=0.7978 dice=0.6674 tau*=0.560 g=0.323  (39.0s)
[ordfused/rad_dino] fold2 ep07  loss=0.4984  score=0.7474 acc=0.7865 dice=0.6562 tau*=0.520 g=0.350  (38.4s)
[ordfused/rad_dino] fold2 ep08  loss=0.4586  score=0.7474 acc=0.7865 dice=0.6562 tau*=0.585 g=0.319  (33.8s)
[ordfused/rad_dino] fold2 ep09  loss=0.3955  score=0.7461 acc=0.7865 dice=0.6517 tau*=0.460 g=0.340  (31.6s)
[ordfused/rad_dino] fold2 ep10  loss=0.3616  score=0.7587 acc=0.7978 dice=0.6674 tau*=0.555 g=0.349  (33.0s)
[ordfused/rad_dino] fold2 ep11  loss=0.3417  score=0.7784 acc=0.8202 dice=0.6809 tau*=0.470 g=0.364  (33.6s)
[ordfused/rad_dino] fold2 ep12  loss=0.3153  score=0.7672 acc=0.8090 dice=0.6697 tau*=0.505 g=0.354  (44.5s)
[ordfused/rad_dino] fold2 ep13  loss=0.2514  score=0.7587 acc=0.7978 dice=0.6674 tau*=0.735 g=0.334  (33.7s)
[ordfused/rad_dino] fold2 ep14  loss=0.2522  score=0.7501 acc=0.7865 dice=0.6652 tau*=0.715 g=0.359  (35.6s)
[ordfused/rad_dino] fold2 ep15  loss=0.2127  score=0.7474 acc=0.7865 dice=0.6562 tau*=0.685 g=0.341  (31.9s)
[ordfused/rad_dino] fold2 ep16  loss=0.2060  score=0.7573 acc=0.7978 dice=0.6629 tau*=0.590 g=0.342  (31.4s)
[ordfused/rad_dino] fold2 ep17  loss=0.1905  score=0.7600 acc=0.7978 dice=0.6719 tau*=0.560 g=0.391  (32.2s)
[ordfused/rad_dino] fold2 ep18  loss=0.1559  score=0.7461 acc=0.7865 dice=0.6517 tau*=0.590 g=0.343  (32.4s)
[ordfused/rad_dino] fold2 ep19  loss=0.1851  score=0.7474 acc=0.7865 dice=0.6562 tau*=0.545 g=0.367  (32.0s)
[ordfused/rad_dino] fold2 ep20  loss=0.1569  score=0.7573 acc=0.7978 dice=0.6629 tau*=0.595 g=0.354  (34.6s)
[ordfused/rad_dino] fold2 ep21  loss=0.1394  score=0.7573 acc=0.7978 dice=0.6629 tau*=0.585 g=0.365  (31.4s)
[ordfused/rad_dino] fold2 ep22  loss=0.1631  score=0.7573 acc=0.7978 dice=0.6629 tau*=0.640 g=0.354  (34.3s)
[ordfused/rad_dino] fold2 ep23  loss=0.1835  score=0.7573 acc=0.7978 dice=0.6629 tau*=0.590 g=0.351  (34.3s)
[ordfused/rad_dino] fold2 ep24  loss=0.1474  score=0.7573 acc=0.7978 dice=0.6629 tau*=0.540 g=0.365  (32.7s)
[ordfused/rad_dino] fold2 ep25  loss=0.1366  score=0.7573 acc=0.7978 dice=0.6629 tau*=0.610 g=0.352  (33.4s)
[ordfused/rad_dino] fold2 ep26  loss=0.1672  score=0.7573 acc=0.7978 dice=0.6629 tau*=0.655 g=0.332  (32.4s)
[ordfused/rad_dino] fold2 ep27  loss=0.1586  score=0.7573 acc=0.7978 dice=0.6629 tau*=0.660 g=0.348  (34.7s)
[ordfused/rad_dino] fold2 ep28  loss=0.1610  score=0.7573 acc=0.7978 dice=0.6629 tau*=0.640 g=0.349  (33.0s)
[ordfused/rad_dino] fold2 ep29  loss=0.1953  score=0.7573 acc=0.7978 dice=0.6629 tau*=0.640 g=0.334  (34.4s)
[ordfused/rad_dino] fold2 SWA  score=0.7573 acc=0.7978 dice=0.6629 tau*=0.655 g=0.353
[ordfused/rad_dino] fold2 BEST: {'score': 0.7784269662921348, 'tau': 0.4699999999999999, 'acc': 0.8202247191011236, 'dice': 0.6808988764044944, 'gate_mean': 0.3643648028373718, 'epoch': 11}  -> /workspace/Code/runs/ordfused_rad_dino/fold2_best.pt
[ordfused/rad_dino] fold 3 attempt 0: 89.3M params, train=356 val=88 tabular=True pos_weight=1.253 lr=3.0e-04 enc_mult=0.3 warmup=3
/workspace/Code/train_ordfused.py:204: FutureWarning: `torch.cuda.amp.GradScaler(args...)` is deprecated. Please use `torch.amp.GradScaler('cuda', args...)` instead.
  scaler = torch.cuda.amp.GradScaler(enabled=use_amp)
[ordfused/rad_dino] fold3 ep00  loss=0.7409  score=0.5568 acc=0.5568 dice=0.5568 tau*=0.950 g=0.500  (33.8s)
[ordfused/rad_dino] fold3 ep01  loss=0.7349  score=0.6245 acc=0.6477 dice=0.5705 tau*=0.530 g=0.492  (39.8s)
[ordfused/rad_dino] fold3 ep02  loss=0.6884  score=0.6718 acc=0.7045 dice=0.5955 tau*=0.495 g=0.478  (44.8s)
[ordfused/rad_dino] fold3 ep03  loss=0.6623  score=0.7432 acc=0.7841 dice=0.6477 tau*=0.435 g=0.443  (43.2s)
[ordfused/rad_dino] fold3 ep04  loss=0.6255  score=0.7573 acc=0.7955 dice=0.6682 tau*=0.515 g=0.408  (42.1s)
[ordfused/rad_dino] fold3 ep05  loss=0.5540  score=0.7559 acc=0.7955 dice=0.6636 tau*=0.595 g=0.364  (41.2s)
[ordfused/rad_dino] fold3 ep06  loss=0.5094  score=0.7559 acc=0.7955 dice=0.6636 tau*=0.680 g=0.298  (34.1s)
[ordfused/rad_dino] fold3 ep07  loss=0.4842  score=0.7486 acc=0.7841 dice=0.6659 tau*=0.560 g=0.361  (32.4s)
[ordfused/rad_dino] fold3 ep08  loss=0.4412  score=0.7473 acc=0.7841 dice=0.6614 tau*=0.630 g=0.327  (32.1s)
[ordfused/rad_dino] fold3 ep09  loss=0.4047  score=0.7686 acc=0.8068 dice=0.6795 tau*=0.650 g=0.338  (33.0s)
[ordfused/rad_dino] fold3 ep10  loss=0.3723  score=0.7673 acc=0.8068 dice=0.6750 tau*=0.660 g=0.334  (50.9s)
[ordfused/rad_dino] fold3 ep11  loss=0.3183  score=0.7714 acc=0.8068 dice=0.6886 tau*=0.720 g=0.359  (34.9s)
[ordfused/rad_dino] fold3 ep12  loss=0.2973  score=0.7459 acc=0.7841 dice=0.6568 tau*=0.650 g=0.384  (42.7s)
[ordfused/rad_dino] fold3 ep13  loss=0.2739  score=0.7300 acc=0.7614 dice=0.6568 tau*=0.835 g=0.356  (33.1s)
[ordfused/rad_dino] fold3 ep14  loss=0.2770  score=0.7573 acc=0.7955 dice=0.6682 tau*=0.805 g=0.333  (31.5s)
[ordfused/rad_dino] fold3 ep15  loss=0.2216  score=0.6986 acc=0.7273 dice=0.6318 tau*=0.805 g=0.399  (32.3s)
[ordfused/rad_dino] fold3 ep16  loss=0.2307  score=0.7259 acc=0.7614 dice=0.6432 tau*=0.735 g=0.381  (31.6s)
[ordfused/rad_dino] fold3 ep17  loss=0.1829  score=0.7559 acc=0.7955 dice=0.6636 tau*=0.795 g=0.332  (32.7s)
[ordfused/rad_dino] fold3 ep18  loss=0.1679  score=0.7486 acc=0.7841 dice=0.6659 tau*=0.830 g=0.360  (34.9s)
[ordfused/rad_dino] fold3 ep19  loss=0.1685  score=0.7400 acc=0.7727 dice=0.6636 tau*=0.900 g=0.348  (33.9s)
[ordfused/rad_dino] fold3 ep20  loss=0.1687  score=0.7259 acc=0.7614 dice=0.6432 tau*=0.820 g=0.392  (34.9s)
[ordfused/rad_dino] fold3 ep21  loss=0.1759  score=0.7359 acc=0.7727 dice=0.6500 tau*=0.825 g=0.369  (33.2s)
[ordfused/rad_dino] fold3 ep22  loss=0.1277  score=0.7473 acc=0.7841 dice=0.6614 tau*=0.835 g=0.378  (35.5s)
[ordfused/rad_dino] fold3 ep23  loss=0.1336  score=0.7359 acc=0.7727 dice=0.6500 tau*=0.840 g=0.383  (33.1s)
[ordfused/rad_dino] fold3 ep24  loss=0.1788  score=0.7500 acc=0.7841 dice=0.6705 tau*=0.890 g=0.347  (31.7s)
[ordfused/rad_dino] fold3 ep25  loss=0.1447  score=0.7600 acc=0.7955 dice=0.6773 tau*=0.895 g=0.355  (32.1s)
[ordfused/rad_dino] fold3 ep26  loss=0.1400  score=0.7600 acc=0.7955 dice=0.6773 tau*=0.890 g=0.357  (33.5s)
[ordfused/rad_dino] fold3 ep27  loss=0.1726  score=0.7486 acc=0.7841 dice=0.6659 tau*=0.875 g=0.369  (33.9s)
[ordfused/rad_dino] fold3 ep28  loss=0.1618  score=0.7400 acc=0.7727 dice=0.6636 tau*=0.885 g=0.372  (34.7s)
[ordfused/rad_dino] fold3 ep29  loss=0.1730  score=0.7486 acc=0.7841 dice=0.6659 tau*=0.880 g=0.363  (34.0s)
[ordfused/rad_dino] fold3 SWA  score=0.7400 acc=0.7727 dice=0.6636 tau*=0.885 g=0.368
[ordfused/rad_dino] fold3 BEST: {'score': 0.7713636363636363, 'tau': 0.72, 'acc': 0.8068181818181818, 'dice': 0.6886363636363636, 'gate_mean': 0.35943344235420227, 'epoch': 11}  -> /workspace/Code/runs/ordfused_rad_dino/fold3_best.pt
[ordfused/rad_dino] fold 4 attempt 0: 89.3M params, train=355 val=89 tabular=True pos_weight=1.247 lr=3.0e-04 enc_mult=0.3 warmup=3
/workspace/Code/train_ordfused.py:204: FutureWarning: `torch.cuda.amp.GradScaler(args...)` is deprecated. Please use `torch.amp.GradScaler('cuda', args...)` instead.
  scaler = torch.cuda.amp.GradScaler(enabled=use_amp)
[ordfused/rad_dino] fold4 ep00  loss=0.7751  score=0.5717 acc=0.5730 dice=0.5685 tau*=0.680 g=0.510  (33.0s)
[ordfused/rad_dino] fold4 ep01  loss=0.7500  score=0.5739 acc=0.5955 dice=0.5236 tau*=0.455 g=0.517  (45.7s)
[ordfused/rad_dino] fold4 ep02  loss=0.7223  score=0.6544 acc=0.6854 dice=0.5820 tau*=0.430 g=0.542  (39.5s)
[ordfused/rad_dino] fold4 ep03  loss=0.6630  score=0.7191 acc=0.7528 dice=0.6404 tau*=0.475 g=0.458  (47.1s)
[ordfused/rad_dino] fold4 ep04  loss=0.6198  score=0.7290 acc=0.7640 dice=0.6472 tau*=0.540 g=0.370  (43.0s)
[ordfused/rad_dino] fold4 ep05  loss=0.5577  score=0.7330 acc=0.7640 dice=0.6607 tau*=0.645 g=0.380  (39.8s)
[ordfused/rad_dino] fold4 ep06  loss=0.5241  score=0.7303 acc=0.7640 dice=0.6517 tau*=0.560 g=0.345  (37.4s)
[ordfused/rad_dino] fold4 ep07  loss=0.5089  score=0.7542 acc=0.7865 dice=0.6787 tau*=0.660 g=0.354  (32.8s)
[ordfused/rad_dino] fold4 ep08  loss=0.4492  score=0.7528 acc=0.7865 dice=0.6742 tau*=0.675 g=0.395  (40.0s)
[ordfused/rad_dino] fold4 ep09  loss=0.4231  score=0.7613 acc=0.7978 dice=0.6764 tau*=0.510 g=0.383  (34.0s)
[ordfused/rad_dino] fold4 ep10  loss=0.4129  score=0.7613 acc=0.7978 dice=0.6764 tau*=0.450 g=0.430  (40.4s)
[ordfused/rad_dino] fold4 ep11  loss=0.3563  score=0.7712 acc=0.8090 dice=0.6831 tau*=0.610 g=0.350  (34.4s)
[ordfused/rad_dino] fold4 ep12  loss=0.3525  score=0.7488 acc=0.7865 dice=0.6607 tau*=0.375 g=0.446  (41.2s)
[ordfused/rad_dino] fold4 ep13  loss=0.3243  score=0.7461 acc=0.7865 dice=0.6517 tau*=0.460 g=0.374  (34.0s)
[ordfused/rad_dino] fold4 ep14  loss=0.2494  score=0.7640 acc=0.7978 dice=0.6854 tau*=0.815 g=0.357  (33.1s)
[ordfused/rad_dino] fold4 ep15  loss=0.2489  score=0.7613 acc=0.7978 dice=0.6764 tau*=0.520 g=0.457  (32.3s)
[ordfused/rad_dino] fold4 ep16  loss=0.2170  score=0.7488 acc=0.7865 dice=0.6607 tau*=0.610 g=0.434  (31.9s)
[ordfused/rad_dino] fold4 ep17  loss=0.2325  score=0.7600 acc=0.7978 dice=0.6719 tau*=0.695 g=0.412  (34.3s)
[ordfused/rad_dino] fold4 ep18  loss=0.2142  score=0.7712 acc=0.8090 dice=0.6831 tau*=0.730 g=0.401  (34.4s)
[ordfused/rad_dino] fold4 ep19  loss=0.2171  score=0.7613 acc=0.7978 dice=0.6764 tau*=0.700 g=0.439  (33.5s)
[ordfused/rad_dino] fold4 ep20  loss=0.1778  score=0.7515 acc=0.7865 dice=0.6697 tau*=0.700 g=0.424  (35.0s)
[ordfused/rad_dino] fold4 ep21  loss=0.1567  score=0.7515 acc=0.7865 dice=0.6697 tau*=0.720 g=0.440  (33.1s)
[ordfused/rad_dino] fold4 ep22  loss=0.1861  score=0.7515 acc=0.7865 dice=0.6697 tau*=0.740 g=0.461  (33.0s)
[ordfused/rad_dino] fold4 ep23  loss=0.1561  score=0.7515 acc=0.7865 dice=0.6697 tau*=0.785 g=0.427  (31.7s)
[ordfused/rad_dino] fold4 ep24  loss=0.1500  score=0.7515 acc=0.7865 dice=0.6697 tau*=0.790 g=0.409  (31.7s)
[ordfused/rad_dino] fold4 ep25  loss=0.1632  score=0.7515 acc=0.7865 dice=0.6697 tau*=0.735 g=0.428  (34.5s)
[ordfused/rad_dino] fold4 ep26  loss=0.1505  score=0.7515 acc=0.7865 dice=0.6697 tau*=0.785 g=0.416  (36.8s)
[ordfused/rad_dino] fold4 ep27  loss=0.1330  score=0.7573 acc=0.7978 dice=0.6629 tau*=0.455 g=0.427  (34.3s)
[ordfused/rad_dino] fold4 ep28  loss=0.1709  score=0.7573 acc=0.7978 dice=0.6629 tau*=0.565 g=0.389  (33.4s)
[ordfused/rad_dino] fold4 ep29  loss=0.1392  score=0.7573 acc=0.7978 dice=0.6629 tau*=0.525 g=0.425  (31.5s)
[ordfused/rad_dino] fold4 SWA  score=0.7515 acc=0.7865 dice=0.6697 tau*=0.785 g=0.433
[ordfused/rad_dino] fold4 BEST: {'score': 0.7712359550561796, 'tau': 0.61, 'acc': 0.8089887640449438, 'dice': 0.6831460674157303, 'gate_mean': 0.3495756983757019, 'epoch': 11}  -> /workspace/Code/runs/ordfused_rad_dino/fold4_best.pt
[ordfused/rad_dino] CV mean score=0.7885 +/- 0.0248  (mean gate=0.420)
