model=convnext_tiny device=cuda fold_arg=all
cavity  large  medium  none  small
fold                              
0          12      12    49     16
1          11      13    49     16
2          11      13    50     15
3          11      12    49     16
4          12      11    50     16
Warning: You are sending unauthenticated requests to the HF Hub. Please set a HF_TOKEN to enable higher rate limits and faster downloads.
[convnext_tiny] fold 0: 27.8M params, train=355 val=89 pos_weight=1.261
[convnext_tiny] fold0 ep00  loss=0.9550  score=0.5506 acc=0.5506 dice=0.5506 tau*=0.950  (61.7s)
[convnext_tiny] fold0 ep01  loss=0.8382  score=0.5506 acc=0.5506 dice=0.5506 tau*=0.950  (50.3s)
[convnext_tiny] fold0 ep02  loss=0.8272  score=0.5506 acc=0.5506 dice=0.5506 tau*=0.950  (48.1s)
[convnext_tiny] fold0 ep03  loss=0.8038  score=0.5506 acc=0.5506 dice=0.5506 tau*=0.950  (47.6s)
[convnext_tiny] fold0 ep04  loss=0.8084  score=0.5506 acc=0.5506 dice=0.5506 tau*=0.950  (45.3s)
[convnext_tiny] fold0 ep05  loss=0.7828  score=0.5506 acc=0.5506 dice=0.5506 tau*=0.950  (49.4s)
[convnext_tiny] fold0 ep06  loss=0.7953  score=0.5506 acc=0.5506 dice=0.5506 tau*=0.950  (46.9s)
[convnext_tiny] fold0 ep07  loss=0.7971  score=0.5506 acc=0.5506 dice=0.5506 tau*=0.950  (47.4s)
[convnext_tiny] fold0 ep08  loss=0.8019  score=0.5506 acc=0.5506 dice=0.5506 tau*=0.950  (50.9s)
[convnext_tiny] fold0 ep09  loss=0.7768  score=0.5506 acc=0.5506 dice=0.5506 tau*=0.950  (47.3s)
[convnext_tiny] fold0 ep10  loss=0.7920  score=0.5506 acc=0.5506 dice=0.5506 tau*=0.950  (46.2s)
[convnext_tiny] fold0 ep11  loss=0.7736  score=0.5506 acc=0.5506 dice=0.5506 tau*=0.950  (47.5s)
[convnext_tiny] fold0 ep12  loss=0.7875  score=0.5564 acc=0.5618 dice=0.5438 tau*=0.595  (46.2s)
[convnext_tiny] fold0 ep13  loss=0.7734  score=0.5555 acc=0.6067 dice=0.4360 tau*=0.545  (47.6s)
[convnext_tiny] fold0 ep14  loss=0.7652  score=0.5582 acc=0.6067 dice=0.4449 tau*=0.450  (50.2s)
[convnext_tiny] fold0 ep15  loss=0.7515  score=0.5933 acc=0.6404 dice=0.4831 tau*=0.555  (47.0s)
[convnext_tiny] fold0 ep16  loss=0.7643  score=0.5789 acc=0.5843 dice=0.5663 tau*=0.495  (45.6s)
[convnext_tiny] fold0 ep17  loss=0.7375  score=0.5906 acc=0.6404 dice=0.4742 tau*=0.255  (50.1s)
[convnext_tiny] fold0 ep18  loss=0.7110  score=0.6243 acc=0.6742 dice=0.5079 tau*=0.430  (49.8s)
[convnext_tiny] fold0 ep19  loss=0.6719  score=0.6103 acc=0.6292 dice=0.5663 tau*=0.540  (47.9s)
[convnext_tiny] fold0 ep20  loss=0.6873  score=0.6202 acc=0.6404 dice=0.5730 tau*=0.545  (48.4s)
[convnext_tiny] fold0 ep21  loss=0.6809  score=0.6270 acc=0.6404 dice=0.5955 tau*=0.570  (50.5s)
[convnext_tiny] fold0 ep22  loss=0.6489  score=0.6270 acc=0.6404 dice=0.5955 tau*=0.645  (45.5s)
[convnext_tiny] fold0 ep23  loss=0.6458  score=0.6270 acc=0.6404 dice=0.5955 tau*=0.650  (49.4s)
[convnext_tiny] fold0 ep24  loss=0.6490  score=0.6270 acc=0.6404 dice=0.5955 tau*=0.655  (46.0s)
[convnext_tiny] fold0 BEST: {'score': 0.6269662921348315, 'tau': 0.57, 'acc': 0.6404494382022472, 'dice': 0.5955056179775281, 'epoch': 21}  -> /workspace/Code/runs/convnext_tiny/fold0_best.pt
[convnext_tiny] fold 1: 27.8M params, train=355 val=89 pos_weight=1.261
[convnext_tiny] fold1 ep00  loss=1.0927  score=0.5690 acc=0.6067 dice=0.4809 tau*=0.510  (44.9s)
[convnext_tiny] fold1 ep01  loss=0.8059  score=0.5506 acc=0.5506 dice=0.5506 tau*=0.950  (44.8s)
[convnext_tiny] fold1 ep02  loss=0.7950  score=0.5582 acc=0.6067 dice=0.4449 tau*=0.520  (44.5s)
[convnext_tiny] fold1 ep03  loss=0.7764  score=0.6418 acc=0.6742 dice=0.5663 tau*=0.465  (43.0s)
[convnext_tiny] fold1 ep04  loss=0.7782  score=0.6643 acc=0.6966 dice=0.5888 tau*=0.395  (48.9s)
[convnext_tiny] fold1 ep05  loss=0.7924  score=0.6638 acc=0.6854 dice=0.6135 tau*=0.485  (43.1s)
[convnext_tiny] fold1 ep06  loss=0.8076  score=0.6571 acc=0.6854 dice=0.5910 tau*=0.610  (44.1s)
[convnext_tiny] fold1 ep07  loss=0.7384  score=0.6144 acc=0.6629 dice=0.5011 tau*=0.330  (44.8s)
[convnext_tiny] fold1 ep08  loss=0.7146  score=0.7231 acc=0.7528 dice=0.6539 tau*=0.570  (43.3s)
[convnext_tiny] fold1 ep09  loss=0.7121  score=0.6872 acc=0.7303 dice=0.5865 tau*=0.585  (43.9s)
[convnext_tiny] fold1 ep10  loss=0.7162  score=0.6796 acc=0.7079 dice=0.6135 tau*=0.675  (45.2s)
[convnext_tiny] fold1 ep11  loss=0.6829  score=0.7218 acc=0.7528 dice=0.6494 tau*=0.805  (49.2s)
[convnext_tiny] fold1 ep12  loss=0.6564  score=0.7317 acc=0.7640 dice=0.6562 tau*=0.560  (43.5s)
[convnext_tiny] fold1 ep13  loss=0.6739  score=0.6899 acc=0.7303 dice=0.5955 tau*=0.490  (43.5s)
[convnext_tiny] fold1 ep14  loss=0.6556  score=0.7231 acc=0.7528 dice=0.6539 tau*=0.815  (44.7s)
[convnext_tiny] fold1 ep15  loss=0.6325  score=0.6769 acc=0.7079 dice=0.6045 tau*=0.485  (47.1s)
[convnext_tiny] fold1 ep16  loss=0.6122  score=0.7119 acc=0.7416 dice=0.6427 tau*=0.730  (51.3s)
[convnext_tiny] fold1 ep17  loss=0.6136  score=0.7231 acc=0.7528 dice=0.6539 tau*=0.700  (45.0s)
[convnext_tiny] fold1 ep18  loss=0.5665  score=0.7061 acc=0.7303 dice=0.6494 tau*=0.740  (43.6s)
[convnext_tiny] fold1 ep19  loss=0.5580  score=0.7146 acc=0.7416 dice=0.6517 tau*=0.655  (41.7s)
[convnext_tiny] fold1 ep20  loss=0.5400  score=0.7245 acc=0.7528 dice=0.6584 tau*=0.765  (44.1s)
[convnext_tiny] fold1 ep21  loss=0.5244  score=0.7160 acc=0.7416 dice=0.6562 tau*=0.755  (45.8s)
[convnext_tiny] fold1 ep22  loss=0.5088  score=0.7245 acc=0.7528 dice=0.6584 tau*=0.700  (49.3s)
[convnext_tiny] fold1 ep23  loss=0.5042  score=0.7146 acc=0.7416 dice=0.6517 tau*=0.750  (46.5s)
[convnext_tiny] fold1 ep24  loss=0.4929  score=0.7146 acc=0.7416 dice=0.6517 tau*=0.760  (45.3s)
[convnext_tiny] fold1 BEST: {'score': 0.7316853932584269, 'tau': 0.5599999999999999, 'acc': 0.7640449438202247, 'dice': 0.656179775280899, 'epoch': 12}  -> /workspace/Code/runs/convnext_tiny/fold1_best.pt
[convnext_tiny] fold 2: 27.8M params, train=355 val=89 pos_weight=1.247
[convnext_tiny] fold2 ep00  loss=1.0022  score=0.5618 acc=0.5618 dice=0.5618 tau*=0.950  (50.1s)
[convnext_tiny] fold2 ep01  loss=0.8094  score=0.5618 acc=0.5618 dice=0.5618 tau*=0.950  (48.8s)
[convnext_tiny] fold2 ep02  loss=0.7756  score=0.5618 acc=0.5618 dice=0.5618 tau*=0.950  (48.5s)
[convnext_tiny] fold2 ep03  loss=0.7946  score=0.5618 acc=0.5618 dice=0.5618 tau*=0.950  (47.0s)
[convnext_tiny] fold2 ep04  loss=0.7971  score=0.5618 acc=0.5618 dice=0.5618 tau*=0.950  (49.1s)
[convnext_tiny] fold2 ep05  loss=0.8263  score=0.5618 acc=0.5618 dice=0.5618 tau*=0.950  (52.1s)
[convnext_tiny] fold2 ep06  loss=0.7985  score=0.5618 acc=0.5618 dice=0.5618 tau*=0.950  (49.3s)
[convnext_tiny] fold2 ep07  loss=0.7717  score=0.5618 acc=0.5618 dice=0.5618 tau*=0.950  (46.1s)
[convnext_tiny] fold2 ep08  loss=0.7726  score=0.5618 acc=0.5618 dice=0.5618 tau*=0.950  (48.3s)
[convnext_tiny] fold2 ep09  loss=0.7834  score=0.5618 acc=0.5618 dice=0.5618 tau*=0.950  (46.9s)
[convnext_tiny] fold2 ep10  loss=0.7859  score=0.5618 acc=0.5618 dice=0.5618 tau*=0.950  (47.8s)
[convnext_tiny] fold2 ep11  loss=0.7623  score=0.5618 acc=0.5618 dice=0.5618 tau*=0.950  (48.5s)
[convnext_tiny] fold2 ep12  loss=0.7929  score=0.5618 acc=0.5618 dice=0.5618 tau*=0.950  (44.8s)
[convnext_tiny] fold2 ep13  loss=0.7795  score=0.5618 acc=0.5618 dice=0.5618 tau*=0.950  (50.2s)
[convnext_tiny] fold2 ep14  loss=0.7775  score=0.5618 acc=0.5618 dice=0.5618 tau*=0.950  (47.0s)
[convnext_tiny] fold2 ep15  loss=0.7649  score=0.5618 acc=0.5618 dice=0.5618 tau*=0.950  (45.7s)
[convnext_tiny] fold2 ep16  loss=0.7848  score=0.5618 acc=0.5618 dice=0.5618 tau*=0.950  (48.2s)
[convnext_tiny] fold2 ep17  loss=0.7748  score=0.5618 acc=0.5618 dice=0.5618 tau*=0.950  (46.5s)
[convnext_tiny] fold2 ep18  loss=0.7695  score=0.5618 acc=0.5618 dice=0.5618 tau*=0.950  (46.7s)
[convnext_tiny] fold2 ep19  loss=0.7619  score=0.5618 acc=0.5618 dice=0.5618 tau*=0.950  (47.9s)
[convnext_tiny] fold2 ep20  loss=0.7749  score=0.5618 acc=0.5618 dice=0.5618 tau*=0.950  (50.2s)
[convnext_tiny] fold2 ep21  loss=0.7688  score=0.5618 acc=0.5618 dice=0.5618 tau*=0.950  (51.9s)
[convnext_tiny] fold2 ep22  loss=0.7796  score=0.5618 acc=0.5618 dice=0.5618 tau*=0.950  (48.2s)
[convnext_tiny] fold2 ep23  loss=0.7647  score=0.5618 acc=0.5618 dice=0.5618 tau*=0.950  (50.3s)
[convnext_tiny] fold2 ep24  loss=0.7732  score=0.5618 acc=0.5618 dice=0.5618 tau*=0.950  (47.1s)
[convnext_tiny] fold2 BEST: {'score': 0.5617977528089888, 'tau': 0.95, 'acc': 0.5617977528089888, 'dice': 0.5617977528089888, 'epoch': 0}  -> /workspace/Code/runs/convnext_tiny/fold2_best.pt
[convnext_tiny] fold 3: 27.8M params, train=356 val=88 pos_weight=1.253
[convnext_tiny] fold3 ep00  loss=0.9908  score=0.5568 acc=0.5568 dice=0.5568 tau*=0.950  (45.9s)
[convnext_tiny] fold3 ep01  loss=0.7813  score=0.5568 acc=0.5568 dice=0.5568 tau*=0.950  (44.6s)
[convnext_tiny] fold3 ep02  loss=0.7865  score=0.5568 acc=0.5568 dice=0.5568 tau*=0.950  (42.5s)
[convnext_tiny] fold3 ep03  loss=0.7884  score=0.5568 acc=0.5568 dice=0.5568 tau*=0.950  (43.9s)
[convnext_tiny] fold3 ep04  loss=0.8041  score=0.5568 acc=0.5568 dice=0.5568 tau*=0.950  (45.5s)
[convnext_tiny] fold3 ep05  loss=0.8066  score=0.5568 acc=0.5568 dice=0.5568 tau*=0.950  (42.6s)
[convnext_tiny] fold3 ep06  loss=0.7798  score=0.5568 acc=0.5568 dice=0.5568 tau*=0.950  (42.4s)
[convnext_tiny] fold3 ep07  loss=0.8035  score=0.5568 acc=0.5568 dice=0.5568 tau*=0.950  (45.8s)
[convnext_tiny] fold3 ep08  loss=0.7742  score=0.5568 acc=0.5568 dice=0.5568 tau*=0.950  (42.5s)
[convnext_tiny] fold3 ep09  loss=0.7791  score=0.5568 acc=0.5568 dice=0.5568 tau*=0.950  (45.2s)
[convnext_tiny] fold3 ep10  loss=0.7651  score=0.5568 acc=0.5568 dice=0.5568 tau*=0.950  (43.3s)
[convnext_tiny] fold3 ep11  loss=0.7676  score=0.5568 acc=0.5568 dice=0.5568 tau*=0.950  (44.6s)
[convnext_tiny] fold3 ep12  loss=0.7629  score=0.5568 acc=0.5568 dice=0.5568 tau*=0.950  (47.0s)
[convnext_tiny] fold3 ep13  loss=0.7821  score=0.5568 acc=0.5568 dice=0.5568 tau*=0.950  (41.6s)
[convnext_tiny] fold3 ep14  loss=0.7667  score=0.5568 acc=0.5568 dice=0.5568 tau*=0.950  (43.9s)
[convnext_tiny] fold3 ep15  loss=0.7621  score=0.5568 acc=0.5568 dice=0.5568 tau*=0.950  (45.5s)
[convnext_tiny] fold3 ep16  loss=0.7867  score=0.5568 acc=0.5568 dice=0.5568 tau*=0.950  (45.3s)
[convnext_tiny] fold3 ep17  loss=0.7612  score=0.5568 acc=0.5568 dice=0.5568 tau*=0.950  (43.8s)
[convnext_tiny] fold3 ep18  loss=0.7621  score=0.5568 acc=0.5568 dice=0.5568 tau*=0.950  (45.1s)
[convnext_tiny] fold3 ep19  loss=0.7265  score=0.5568 acc=0.5568 dice=0.5568 tau*=0.950  (44.6s)
[convnext_tiny] fold3 ep20  loss=0.7228  score=0.5568 acc=0.5568 dice=0.5568 tau*=0.950  (45.9s)
[convnext_tiny] fold3 ep21  loss=0.6863  score=0.5568 acc=0.5568 dice=0.5568 tau*=0.950  (44.2s)
[convnext_tiny] fold3 ep22  loss=0.6788  score=0.5568 acc=0.5568 dice=0.5568 tau*=0.950  (41.0s)
[convnext_tiny] fold3 ep23  loss=0.6708  score=0.5568 acc=0.5568 dice=0.5568 tau*=0.950  (43.0s)
[convnext_tiny] fold3 ep24  loss=0.6669  score=0.5568 acc=0.5568 dice=0.5568 tau*=0.950  (42.6s)
[convnext_tiny] fold3 BEST: {'score': 0.5568181818181818, 'tau': 0.95, 'acc': 0.5568181818181818, 'dice': 0.5568181818181818, 'epoch': 0}  -> /workspace/Code/runs/convnext_tiny/fold3_best.pt
[convnext_tiny] fold 4: 27.8M params, train=355 val=89 pos_weight=1.247
[convnext_tiny] fold4 ep00  loss=0.8961  score=0.5618 acc=0.5618 dice=0.5618 tau*=0.950  (40.2s)
[convnext_tiny] fold4 ep01  loss=0.7731  score=0.5618 acc=0.5618 dice=0.5618 tau*=0.950  (43.5s)
[convnext_tiny] fold4 ep02  loss=0.8458  score=0.5618 acc=0.5618 dice=0.5618 tau*=0.950  (41.6s)
[convnext_tiny] fold4 ep03  loss=0.7901  score=0.5618 acc=0.5618 dice=0.5618 tau*=0.950  (40.4s)
[convnext_tiny] fold4 ep04  loss=0.7860  score=0.5618 acc=0.5618 dice=0.5618 tau*=0.950  (41.6s)
[convnext_tiny] fold4 ep05  loss=0.8033  score=0.5618 acc=0.5618 dice=0.5618 tau*=0.950  (42.2s)
[convnext_tiny] fold4 ep06  loss=0.7718  score=0.5618 acc=0.5618 dice=0.5618 tau*=0.950  (40.3s)
[convnext_tiny] fold4 ep07  loss=0.7724  score=0.6099 acc=0.6180 dice=0.5910 tau*=0.640  (39.2s)
[convnext_tiny] fold4 ep08  loss=0.7985  score=0.5618 acc=0.5618 dice=0.5618 tau*=0.950  (43.2s)
[convnext_tiny] fold4 ep09  loss=0.7368  score=0.5991 acc=0.6180 dice=0.5551 tau*=0.645  (42.2s)
[convnext_tiny] fold4 ep10  loss=0.7069  score=0.6171 acc=0.6292 dice=0.5888 tau*=0.635  (42.0s)
[convnext_tiny] fold4 ep11  loss=0.7114  score=0.6085 acc=0.6180 dice=0.5865 tau*=0.510  (41.1s)
[convnext_tiny] fold4 ep12  loss=0.6925  score=0.6382 acc=0.6517 dice=0.6067 tau*=0.615  (43.2s)
[convnext_tiny] fold4 ep13  loss=0.6775  score=0.6328 acc=0.6517 dice=0.5888 tau*=0.630  (41.2s)
[convnext_tiny] fold4 ep14  loss=0.6785  score=0.6697 acc=0.6966 dice=0.6067 tau*=0.740  (44.4s)
[convnext_tiny] fold4 ep15  loss=0.6857  score=0.6467 acc=0.6629 dice=0.6090 tau*=0.610  (39.7s)
[convnext_tiny] fold4 ep16  loss=0.6561  score=0.6638 acc=0.6854 dice=0.6135 tau*=0.625  (42.2s)
[convnext_tiny] fold4 ep17  loss=0.6356  score=0.6611 acc=0.6854 dice=0.6045 tau*=0.675  (39.3s)
[convnext_tiny] fold4 ep18  loss=0.6347  score=0.6611 acc=0.6854 dice=0.6045 tau*=0.580  (41.2s)
[convnext_tiny] fold4 ep19  loss=0.6135  score=0.6665 acc=0.6854 dice=0.6225 tau*=0.670  (41.6s)
[convnext_tiny] fold4 ep20  loss=0.6018  score=0.6652 acc=0.6854 dice=0.6180 tau*=0.795  (40.9s)
[convnext_tiny] fold4 ep21  loss=0.6190  score=0.6764 acc=0.6966 dice=0.6292 tau*=0.605  (40.3s)
[convnext_tiny] fold4 ep22  loss=0.5837  score=0.6849 acc=0.7079 dice=0.6315 tau*=0.665  (39.9s)
[convnext_tiny] fold4 ep23  loss=0.5880  score=0.6849 acc=0.7079 dice=0.6315 tau*=0.670  (41.3s)
[convnext_tiny] fold4 ep24  loss=0.5745  score=0.6849 acc=0.7079 dice=0.6315 tau*=0.675  (41.4s)
[convnext_tiny] fold4 BEST: {'score': 0.684943820224719, 'tau': 0.6649999999999999, 'acc': 0.7078651685393258, 'dice': 0.6314606741573034, 'epoch': 22}  -> /workspace/Code/runs/convnext_tiny/fold4_best.pt
[convnext_tiny] CV mean score=0.6324 +/- 0.0764
