OrdFused encoder=chexfound_vitl16 tabular=True device=cuda tab_dim=5 fold_arg=all
cavity  large  medium  none  small
fold                              
0          12      12    49     16
1          11      13    49     16
2          11      13    50     15
3          11      12    49     16
4          12      11    50     16
/workspace/Code/vendor/chexfound/layers/swiglu_ffn.py:45: UserWarning: xFormers is disabled (SwiGLU)
  warnings.warn("xFormers is disabled (SwiGLU)")
/workspace/Code/vendor/chexfound/layers/swiglu_ffn.py:51: UserWarning: xFormers is not available (SwiGLU)
  warnings.warn("xFormers is not available (SwiGLU)")
/workspace/Code/vendor/chexfound/layers/attention.py:29: UserWarning: xFormers is disabled (Attention)
  warnings.warn("xFormers is disabled (Attention)")
/workspace/Code/vendor/chexfound/layers/attention.py:33: UserWarning: xFormers is not available (Attention)
  warnings.warn("xFormers is not available (Attention)")
/workspace/Code/vendor/chexfound/layers/block.py:35: UserWarning: xFormers is disabled (Block)
  warnings.warn("xFormers is disabled (Block)")
/workspace/Code/vendor/chexfound/layers/block.py:40: UserWarning: xFormers is not available (Block)
  warnings.warn("xFormers is not available (Block)")
/workspace/Code/ordfused.py:150: FutureWarning: You are using `torch.load` with `weights_only=False` (the current default value), which uses the default pickle module implicitly. It is possible to construct malicious pickle data which will execute arbitrary code during unpickling (See https://github.com/pytorch/pytorch/blob/main/SECURITY.md#untrusted-models for more details). In a future release, the default value for `weights_only` will be flipped to `True`. This limits the functions that could be executed during unpickling. Arbitrary objects will no longer be allowed to be loaded via this mode unless they are explicitly allowlisted by the user via `torch.serialization.add_safe_globals`. We recommend you start setting `weights_only=True` for any use case where you don't have full control of the loaded file. Please open an issue on GitHub for any issues related to this experimental feature.
  raw = torch.load(ckpt_path, map_location="cpu")
[chexfound] load_state_dict: <All keys matched successfully>
[ordfused/chexfound_vitl16] fold 0 attempt 0: 307.2M params, train=355 val=89 tabular=True pos_weight=1.261 lr=3.0e-04 enc_mult=0.3 warmup=3
/workspace/Code/train_ordfused.py:204: FutureWarning: `torch.cuda.amp.GradScaler(args...)` is deprecated. Please use `torch.amp.GradScaler('cuda', args...)` instead.
  scaler = torch.cuda.amp.GradScaler(enabled=use_amp)
[ordfused/chexfound_vitl16] fold0 ep00  loss=0.7260  score=0.5564 acc=0.5618 dice=0.5438 tau*=0.575 g=0.501  (49.2s)
[ordfused/chexfound_vitl16] fold0 ep01  loss=0.6786  score=0.6476 acc=0.6854 dice=0.5596 tau*=0.355 g=0.429  (50.2s)
[ordfused/chexfound_vitl16] fold0 ep02  loss=0.6507  score=0.6854 acc=0.7191 dice=0.6067 tau*=0.435 g=0.291  (48.8s)
[ordfused/chexfound_vitl16] fold0 ep03  loss=0.6104  score=0.7613 acc=0.7978 dice=0.6764 tau*=0.370 g=0.265  (48.6s)
[ordfused/chexfound_vitl16] fold0 ep04  loss=0.5339  score=0.8153 acc=0.8652 dice=0.6989 tau*=0.505 g=0.232  (49.8s)
[ordfused/chexfound_vitl16] fold0 ep05  loss=0.5186  score=0.7883 acc=0.8315 dice=0.6876 tau*=0.465 g=0.326  (49.7s)
[ordfused/chexfound_vitl16] fold0 ep06  loss=0.4621  score=0.7996 acc=0.8427 dice=0.6989 tau*=0.545 g=0.341  (47.6s)
[ordfused/chexfound_vitl16] fold0 ep07  loss=0.4258  score=0.8207 acc=0.8652 dice=0.7169 tau*=0.380 g=0.456  (48.0s)
[ordfused/chexfound_vitl16] fold0 ep08  loss=0.3884  score=0.8180 acc=0.8652 dice=0.7079 tau*=0.440 g=0.364  (49.0s)
[ordfused/chexfound_vitl16] fold0 ep09  loss=0.3647  score=0.8193 acc=0.8652 dice=0.7124 tau*=0.090 g=0.679  (48.0s)
[ordfused/chexfound_vitl16] fold0 ep10  loss=0.3389  score=0.7910 acc=0.8315 dice=0.6966 tau*=0.455 g=0.493  (48.1s)
[ordfused/chexfound_vitl16] fold0 ep11  loss=0.2903  score=0.7843 acc=0.8315 dice=0.6742 tau*=0.515 g=0.387  (48.3s)
[ordfused/chexfound_vitl16] fold0 ep12  loss=0.2911  score=0.7856 acc=0.8315 dice=0.6787 tau*=0.130 g=0.521  (48.3s)
[ordfused/chexfound_vitl16] fold0 ep13  loss=0.2408  score=0.7910 acc=0.8315 dice=0.6966 tau*=0.315 g=0.553  (47.9s)
[ordfused/chexfound_vitl16] fold0 ep14  loss=0.2092  score=0.7838 acc=0.8202 dice=0.6989 tau*=0.690 g=0.546  (49.4s)
[ordfused/chexfound_vitl16] fold0 ep15  loss=0.2155  score=0.7726 acc=0.8090 dice=0.6876 tau*=0.910 g=0.385  (48.3s)
[ordfused/chexfound_vitl16] fold0 ep16  loss=0.1680  score=0.7825 acc=0.8202 dice=0.6944 tau*=0.875 g=0.446  (48.7s)
[ordfused/chexfound_vitl16] fold0 ep17  loss=0.1411  score=0.7937 acc=0.8315 dice=0.7056 tau*=0.770 g=0.508  (47.7s)
[ordfused/chexfound_vitl16] fold0 ep18  loss=0.1553  score=0.7937 acc=0.8315 dice=0.7056 tau*=0.815 g=0.454  (48.1s)
[ordfused/chexfound_vitl16] fold0 ep19  loss=0.1334  score=0.7838 acc=0.8202 dice=0.6989 tau*=0.895 g=0.464  (48.5s)
[ordfused/chexfound_vitl16] fold0 ep20  loss=0.1680  score=0.7838 acc=0.8202 dice=0.6989 tau*=0.860 g=0.474  (48.2s)
[ordfused/chexfound_vitl16] fold0 ep21  loss=0.1377  score=0.7838 acc=0.8202 dice=0.6989 tau*=0.880 g=0.465  (47.6s)
[ordfused/chexfound_vitl16] fold0 ep22  loss=0.1254  score=0.7838 acc=0.8202 dice=0.6989 tau*=0.895 g=0.434  (47.9s)
[ordfused/chexfound_vitl16] fold0 ep23  loss=0.1216  score=0.7838 acc=0.8202 dice=0.6989 tau*=0.905 g=0.455  (49.7s)
[ordfused/chexfound_vitl16] fold0 ep24  loss=0.1226  score=0.7739 acc=0.8090 dice=0.6921 tau*=0.920 g=0.438  (49.1s)
[ordfused/chexfound_vitl16] fold0 ep25  loss=0.1204  score=0.7838 acc=0.8202 dice=0.6989 tau*=0.905 g=0.477  (47.7s)
[ordfused/chexfound_vitl16] fold0 ep26  loss=0.1236  score=0.7838 acc=0.8202 dice=0.6989 tau*=0.880 g=0.467  (47.7s)
[ordfused/chexfound_vitl16] fold0 ep27  loss=0.1412  score=0.7838 acc=0.8202 dice=0.6989 tau*=0.895 g=0.437  (48.0s)
[ordfused/chexfound_vitl16] fold0 ep28  loss=0.1404  score=0.7838 acc=0.8202 dice=0.6989 tau*=0.845 g=0.473  (47.7s)
[ordfused/chexfound_vitl16] fold0 ep29  loss=0.1168  score=0.7838 acc=0.8202 dice=0.6989 tau*=0.895 g=0.423  (48.2s)
[ordfused/chexfound_vitl16] fold0 SWA  score=0.7838 acc=0.8202 dice=0.6989 tau*=0.895 g=0.454
[ordfused/chexfound_vitl16] fold0 BEST: {'score': 0.8206741573033708, 'tau': 0.37999999999999995, 'acc': 0.8651685393258427, 'dice': 0.7168539325842697, 'gate_mean': 0.4556798040866852, 'epoch': 7}  -> /workspace/Code/runs/ordfused_chexfound_vitl16/fold0_best.pt
/workspace/Code/ordfused.py:150: FutureWarning: You are using `torch.load` with `weights_only=False` (the current default value), which uses the default pickle module implicitly. It is possible to construct malicious pickle data which will execute arbitrary code during unpickling (See https://github.com/pytorch/pytorch/blob/main/SECURITY.md#untrusted-models for more details). In a future release, the default value for `weights_only` will be flipped to `True`. This limits the functions that could be executed during unpickling. Arbitrary objects will no longer be allowed to be loaded via this mode unless they are explicitly allowlisted by the user via `torch.serialization.add_safe_globals`. We recommend you start setting `weights_only=True` for any use case where you don't have full control of the loaded file. Please open an issue on GitHub for any issues related to this experimental feature.
  raw = torch.load(ckpt_path, map_location="cpu")
[chexfound] load_state_dict: <All keys matched successfully>
[ordfused/chexfound_vitl16] fold 1 attempt 0: 307.2M params, train=355 val=89 tabular=True pos_weight=1.261 lr=3.0e-04 enc_mult=0.3 warmup=3
/workspace/Code/train_ordfused.py:204: FutureWarning: `torch.cuda.amp.GradScaler(args...)` is deprecated. Please use `torch.amp.GradScaler('cuda', args...)` instead.
  scaler = torch.cuda.amp.GradScaler(enabled=use_amp)
[ordfused/chexfound_vitl16] fold1 ep00  loss=0.7239  score=0.5825 acc=0.6067 dice=0.5258 tau*=0.460 g=0.551  (48.1s)
[ordfused/chexfound_vitl16] fold1 ep01  loss=0.6741  score=0.6436 acc=0.6854 dice=0.5461 tau*=0.300 g=0.499  (52.3s)
[ordfused/chexfound_vitl16] fold1 ep02  loss=0.6334  score=0.7703 acc=0.8202 dice=0.6539 tau*=0.355 g=0.322  (49.5s)
[ordfused/chexfound_vitl16] fold1 ep03  loss=0.5818  score=0.7712 acc=0.8090 dice=0.6831 tau*=0.320 g=0.593  (50.0s)
[ordfused/chexfound_vitl16] fold1 ep04  loss=0.5306  score=0.7982 acc=0.8427 dice=0.6944 tau*=0.345 g=0.425  (52.2s)
[ordfused/chexfound_vitl16] fold1 ep05  loss=0.4850  score=0.7996 acc=0.8427 dice=0.6989 tau*=0.570 g=0.405  (49.0s)
[ordfused/chexfound_vitl16] fold1 ep06  loss=0.4393  score=0.8022 acc=0.8427 dice=0.7079 tau*=0.425 g=0.522  (49.4s)
[ordfused/chexfound_vitl16] fold1 ep07  loss=0.4178  score=0.8022 acc=0.8427 dice=0.7079 tau*=0.410 g=0.616  (48.5s)
[ordfused/chexfound_vitl16] fold1 ep08  loss=0.3629  score=0.8009 acc=0.8427 dice=0.7034 tau*=0.465 g=0.485  (47.4s)
[ordfused/chexfound_vitl16] fold1 ep09  loss=0.3359  score=0.7996 acc=0.8427 dice=0.6989 tau*=0.575 g=0.527  (48.9s)
[ordfused/chexfound_vitl16] fold1 ep10  loss=0.3030  score=0.8036 acc=0.8427 dice=0.7124 tau*=0.450 g=0.673  (47.7s)
[ordfused/chexfound_vitl16] fold1 ep11  loss=0.2975  score=0.8081 acc=0.8539 dice=0.7011 tau*=0.180 g=0.567  (49.3s)
[ordfused/chexfound_vitl16] fold1 ep12  loss=0.2562  score=0.8180 acc=0.8652 dice=0.7079 tau*=0.345 g=0.505  (50.5s)
[ordfused/chexfound_vitl16] fold1 ep13  loss=0.2455  score=0.8067 acc=0.8539 dice=0.6966 tau*=0.075 g=0.604  (50.1s)
[ordfused/chexfound_vitl16] fold1 ep14  loss=0.2470  score=0.8081 acc=0.8539 dice=0.7011 tau*=0.100 g=0.606  (48.4s)
[ordfused/chexfound_vitl16] fold1 ep15  loss=0.1978  score=0.8067 acc=0.8539 dice=0.6966 tau*=0.235 g=0.520  (47.3s)
[ordfused/chexfound_vitl16] fold1 ep16  loss=0.1934  score=0.7852 acc=0.8202 dice=0.7034 tau*=0.920 g=0.507  (47.7s)
[ordfused/chexfound_vitl16] fold1 ep17  loss=0.1863  score=0.7978 acc=0.8315 dice=0.7191 tau*=0.910 g=0.519  (47.7s)
[ordfused/chexfound_vitl16] fold1 ep18  loss=0.1564  score=0.8009 acc=0.8427 dice=0.7034 tau*=0.795 g=0.434  (48.9s)
[ordfused/chexfound_vitl16] fold1 ep19  loss=0.1695  score=0.7883 acc=0.8315 dice=0.6876 tau*=0.205 g=0.541  (47.8s)
[ordfused/chexfound_vitl16] fold1 ep20  loss=0.1585  score=0.7897 acc=0.8315 dice=0.6921 tau*=0.495 g=0.503  (48.0s)
[ordfused/chexfound_vitl16] fold1 ep21  loss=0.1509  score=0.7852 acc=0.8202 dice=0.7034 tau*=0.900 g=0.492  (47.8s)
[ordfused/chexfound_vitl16] fold1 ep22  loss=0.1186  score=0.7843 acc=0.8315 dice=0.6742 tau*=0.055 g=0.509  (47.6s)
[ordfused/chexfound_vitl16] fold1 ep23  loss=0.1560  score=0.7856 acc=0.8315 dice=0.6787 tau*=0.155 g=0.482  (47.8s)
[ordfused/chexfound_vitl16] fold1 ep24  loss=0.1400  score=0.7798 acc=0.8202 dice=0.6854 tau*=0.620 g=0.464  (47.6s)
[ordfused/chexfound_vitl16] fold1 ep25  loss=0.1533  score=0.7843 acc=0.8315 dice=0.6742 tau*=0.085 g=0.534  (48.4s)
[ordfused/chexfound_vitl16] fold1 ep26  loss=0.1169  score=0.7856 acc=0.8315 dice=0.6787 tau*=0.255 g=0.471  (48.0s)
[ordfused/chexfound_vitl16] fold1 ep27  loss=0.1194  score=0.7865 acc=0.8202 dice=0.7079 tau*=0.895 g=0.511  (48.6s)
[ordfused/chexfound_vitl16] fold1 ep28  loss=0.1216  score=0.7865 acc=0.8202 dice=0.7079 tau*=0.915 g=0.505  (48.3s)
[ordfused/chexfound_vitl16] fold1 ep29  loss=0.1070  score=0.7865 acc=0.8202 dice=0.7079 tau*=0.915 g=0.500  (49.1s)
[ordfused/chexfound_vitl16] fold1 SWA  score=0.7843 acc=0.8315 dice=0.6742 tau*=0.125 g=0.501
[ordfused/chexfound_vitl16] fold1 BEST: {'score': 0.8179775280898876, 'tau': 0.3449999999999999, 'acc': 0.8651685393258427, 'dice': 0.7078651685393258, 'gate_mean': 0.5045424699783325, 'epoch': 12}  -> /workspace/Code/runs/ordfused_chexfound_vitl16/fold1_best.pt
/workspace/Code/ordfused.py:150: FutureWarning: You are using `torch.load` with `weights_only=False` (the current default value), which uses the default pickle module implicitly. It is possible to construct malicious pickle data which will execute arbitrary code during unpickling (See https://github.com/pytorch/pytorch/blob/main/SECURITY.md#untrusted-models for more details). In a future release, the default value for `weights_only` will be flipped to `True`. This limits the functions that could be executed during unpickling. Arbitrary objects will no longer be allowed to be loaded via this mode unless they are explicitly allowlisted by the user via `torch.serialization.add_safe_globals`. We recommend you start setting `weights_only=True` for any use case where you don't have full control of the loaded file. Please open an issue on GitHub for any issues related to this experimental feature.
  raw = torch.load(ckpt_path, map_location="cpu")
[chexfound] load_state_dict: <All keys matched successfully>
[ordfused/chexfound_vitl16] fold 2 attempt 0: 307.2M params, train=355 val=89 tabular=True pos_weight=1.247 lr=3.0e-04 enc_mult=0.3 warmup=3
/workspace/Code/train_ordfused.py:204: FutureWarning: `torch.cuda.amp.GradScaler(args...)` is deprecated. Please use `torch.amp.GradScaler('cuda', args...)` instead.
  scaler = torch.cuda.amp.GradScaler(enabled=use_amp)
[ordfused/chexfound_vitl16] fold2 ep00  loss=0.8297  score=0.5618 acc=0.5618 dice=0.5618 tau*=0.950 g=0.519  (47.9s)
[ordfused/chexfound_vitl16] fold2 ep01  loss=0.6970  score=0.5703 acc=0.5730 dice=0.5640 tau*=0.470 g=0.701  (51.1s)
[ordfused/chexfound_vitl16] fold2 ep02  loss=0.6275  score=0.6566 acc=0.6742 dice=0.6157 tau*=0.580 g=0.506  (50.2s)
[ordfused/chexfound_vitl16] fold2 ep03  loss=0.5771  score=0.6935 acc=0.7191 dice=0.6337 tau*=0.455 g=0.507  (50.4s)
[ordfused/chexfound_vitl16] fold2 ep04  loss=0.5347  score=0.7249 acc=0.7640 dice=0.6337 tau*=0.165 g=0.732  (50.6s)
[ordfused/chexfound_vitl16] fold2 ep05  loss=0.4960  score=0.7434 acc=0.7865 dice=0.6427 tau*=0.185 g=0.547  (50.9s)
[ordfused/chexfound_vitl16] fold2 ep06  loss=0.4544  score=0.7321 acc=0.7753 dice=0.6315 tau*=0.370 g=0.535  (51.2s)
[ordfused/chexfound_vitl16] fold2 ep07  loss=0.4292  score=0.7447 acc=0.7865 dice=0.6472 tau*=0.630 g=0.335  (48.3s)
[ordfused/chexfound_vitl16] fold2 ep08  loss=0.4110  score=0.7546 acc=0.7978 dice=0.6539 tau*=0.335 g=0.439  (49.4s)
[ordfused/chexfound_vitl16] fold2 ep09  loss=0.3696  score=0.7209 acc=0.7640 dice=0.6202 tau*=0.280 g=0.476  (50.2s)
[ordfused/chexfound_vitl16] fold2 ep10  loss=0.3289  score=0.7308 acc=0.7753 dice=0.6270 tau*=0.265 g=0.515  (49.2s)
[ordfused/chexfound_vitl16] fold2 ep11  loss=0.3085  score=0.7362 acc=0.7753 dice=0.6449 tau*=0.260 g=0.586  (48.5s)
[ordfused/chexfound_vitl16] fold2 ep12  loss=0.2726  score=0.7362 acc=0.7753 dice=0.6449 tau*=0.365 g=0.553  (48.6s)
[ordfused/chexfound_vitl16] fold2 ep13  loss=0.2365  score=0.7416 acc=0.7753 dice=0.6629 tau*=0.690 g=0.583  (47.6s)
[ordfused/chexfound_vitl16] fold2 ep14  loss=0.2570  score=0.7263 acc=0.7640 dice=0.6382 tau*=0.330 g=0.500  (47.7s)
[ordfused/chexfound_vitl16] fold2 ep15  loss=0.2110  score=0.7249 acc=0.7640 dice=0.6337 tau*=0.305 g=0.496  (48.0s)
[ordfused/chexfound_vitl16] fold2 ep16  loss=0.1954  score=0.7330 acc=0.7640 dice=0.6607 tau*=0.775 g=0.509  (48.6s)
[ordfused/chexfound_vitl16] fold2 ep17  loss=0.1878  score=0.7434 acc=0.7865 dice=0.6427 tau*=0.300 g=0.431  (49.4s)
[ordfused/chexfound_vitl16] fold2 ep18  loss=0.1494  score=0.7290 acc=0.7640 dice=0.6472 tau*=0.545 g=0.588  (48.6s)
[ordfused/chexfound_vitl16] fold2 ep19  loss=0.1406  score=0.7330 acc=0.7640 dice=0.6607 tau*=0.745 g=0.538  (48.1s)
[ordfused/chexfound_vitl16] fold2 ep20  loss=0.1514  score=0.7618 acc=0.8090 dice=0.6517 tau*=0.055 g=0.498  (49.3s)
[ordfused/chexfound_vitl16] fold2 ep21  loss=0.1748  score=0.7263 acc=0.7640 dice=0.6382 tau*=0.165 g=0.565  (51.0s)
[ordfused/chexfound_vitl16] fold2 ep22  loss=0.1558  score=0.7263 acc=0.7640 dice=0.6382 tau*=0.290 g=0.513  (49.2s)
[ordfused/chexfound_vitl16] fold2 ep23  loss=0.1156  score=0.7263 acc=0.7640 dice=0.6382 tau*=0.545 g=0.498  (48.9s)
[ordfused/chexfound_vitl16] fold2 ep24  loss=0.1480  score=0.7348 acc=0.7753 dice=0.6404 tau*=0.205 g=0.510  (48.2s)
[ordfused/chexfound_vitl16] fold2 ep25  loss=0.1461  score=0.7321 acc=0.7753 dice=0.6315 tau*=0.085 g=0.492  (48.8s)
[ordfused/chexfound_vitl16] fold2 ep26  loss=0.1252  score=0.7362 acc=0.7753 dice=0.6449 tau*=0.245 g=0.510  (48.6s)
[ordfused/chexfound_vitl16] fold2 ep27  loss=0.1182  score=0.7263 acc=0.7640 dice=0.6382 tau*=0.265 g=0.508  (48.4s)
[ordfused/chexfound_vitl16] fold2 ep28  loss=0.1120  score=0.7362 acc=0.7753 dice=0.6449 tau*=0.215 g=0.515  (49.4s)
[ordfused/chexfound_vitl16] fold2 ep29  loss=0.1154  score=0.7263 acc=0.7640 dice=0.6382 tau*=0.345 g=0.508  (49.5s)
[ordfused/chexfound_vitl16] fold2 SWA  score=0.7321 acc=0.7753 dice=0.6315 tau*=0.070 g=0.510
[ordfused/chexfound_vitl16] fold2 BEST: {'score': 0.7617977528089886, 'tau': 0.055, 'acc': 0.8089887640449438, 'dice': 0.651685393258427, 'gate_mean': 0.4980451166629791, 'epoch': 20}  -> /workspace/Code/runs/ordfused_chexfound_vitl16/fold2_best.pt
/workspace/Code/ordfused.py:150: FutureWarning: You are using `torch.load` with `weights_only=False` (the current default value), which uses the default pickle module implicitly. It is possible to construct malicious pickle data which will execute arbitrary code during unpickling (See https://github.com/pytorch/pytorch/blob/main/SECURITY.md#untrusted-models for more details). In a future release, the default value for `weights_only` will be flipped to `True`. This limits the functions that could be executed during unpickling. Arbitrary objects will no longer be allowed to be loaded via this mode unless they are explicitly allowlisted by the user via `torch.serialization.add_safe_globals`. We recommend you start setting `weights_only=True` for any use case where you don't have full control of the loaded file. Please open an issue on GitHub for any issues related to this experimental feature.
  raw = torch.load(ckpt_path, map_location="cpu")
[chexfound] load_state_dict: <All keys matched successfully>
[ordfused/chexfound_vitl16] fold 3 attempt 0: 307.2M params, train=356 val=88 tabular=True pos_weight=1.253 lr=3.0e-04 enc_mult=0.3 warmup=3
/workspace/Code/train_ordfused.py:204: FutureWarning: `torch.cuda.amp.GradScaler(args...)` is deprecated. Please use `torch.amp.GradScaler('cuda', args...)` instead.
  scaler = torch.cuda.amp.GradScaler(enabled=use_amp)
[ordfused/chexfound_vitl16] fold3 ep00  loss=0.7626  score=0.5568 acc=0.5568 dice=0.5568 tau*=0.950 g=0.410  (47.9s)
[ordfused/chexfound_vitl16] fold3 ep01  loss=0.7219  score=0.5641 acc=0.5682 dice=0.5545 tau*=0.520 g=0.315  (50.0s)
[ordfused/chexfound_vitl16] fold3 ep02  loss=0.6746  score=0.6900 acc=0.7159 dice=0.6295 tau*=0.530 g=0.440  (49.8s)
[ordfused/chexfound_vitl16] fold3 ep03  loss=0.6199  score=0.6750 acc=0.7159 dice=0.5795 tau*=0.380 g=0.522  (48.4s)
[ordfused/chexfound_vitl16] fold3 ep04  loss=0.5617  score=0.7445 acc=0.7841 dice=0.6523 tau*=0.590 g=0.228  (47.6s)
[ordfused/chexfound_vitl16] fold3 ep05  loss=0.5158  score=0.7045 acc=0.7386 dice=0.6250 tau*=0.415 g=0.588  (49.6s)
[ordfused/chexfound_vitl16] fold3 ep06  loss=0.4735  score=0.7332 acc=0.7727 dice=0.6409 tau*=0.490 g=0.506  (48.3s)
[ordfused/chexfound_vitl16] fold3 ep07  loss=0.4372  score=0.7186 acc=0.7500 dice=0.6455 tau*=0.660 g=0.451  (47.5s)
[ordfused/chexfound_vitl16] fold3 ep08  loss=0.4020  score=0.7345 acc=0.7727 dice=0.6455 tau*=0.600 g=0.512  (48.0s)
[ordfused/chexfound_vitl16] fold3 ep09  loss=0.3840  score=0.7518 acc=0.7955 dice=0.6500 tau*=0.495 g=0.540  (47.3s)
[ordfused/chexfound_vitl16] fold3 ep10  loss=0.3473  score=0.7445 acc=0.7841 dice=0.6523 tau*=0.640 g=0.468  (48.6s)
[ordfused/chexfound_vitl16] fold3 ep11  loss=0.3048  score=0.7205 acc=0.7614 dice=0.6250 tau*=0.570 g=0.521  (49.2s)
[ordfused/chexfound_vitl16] fold3 ep12  loss=0.2961  score=0.7359 acc=0.7727 dice=0.6500 tau*=0.705 g=0.502  (48.8s)
[ordfused/chexfound_vitl16] fold3 ep13  loss=0.2763  score=0.7359 acc=0.7727 dice=0.6500 tau*=0.705 g=0.481  (47.3s)
[ordfused/chexfound_vitl16] fold3 ep14  loss=0.2544  score=0.7118 acc=0.7500 dice=0.6227 tau*=0.565 g=0.531  (47.8s)
[ordfused/chexfound_vitl16] fold3 ep15  loss=0.2249  score=0.7032 acc=0.7386 dice=0.6205 tau*=0.630 g=0.517  (48.0s)
[ordfused/chexfound_vitl16] fold3 ep16  loss=0.1969  score=0.6977 acc=0.7386 dice=0.6023 tau*=0.625 g=0.494  (47.9s)
[ordfused/chexfound_vitl16] fold3 ep17  loss=0.1948  score=0.7077 acc=0.7500 dice=0.6091 tau*=0.450 g=0.507  (47.6s)
[ordfused/chexfound_vitl16] fold3 ep18  loss=0.1796  score=0.7045 acc=0.7386 dice=0.6250 tau*=0.715 g=0.550  (48.0s)
[ordfused/chexfound_vitl16] fold3 ep19  loss=0.1613  score=0.6859 acc=0.7159 dice=0.6159 tau*=0.860 g=0.553  (48.9s)
[ordfused/chexfound_vitl16] fold3 ep20  loss=0.1591  score=0.6832 acc=0.7159 dice=0.6068 tau*=0.715 g=0.547  (48.6s)
[ordfused/chexfound_vitl16] fold3 ep21  loss=0.1751  score=0.7045 acc=0.7386 dice=0.6250 tau*=0.835 g=0.496  (48.5s)
[ordfused/chexfound_vitl16] fold3 ep22  loss=0.1600  score=0.7045 acc=0.7386 dice=0.6250 tau*=0.875 g=0.464  (48.7s)
[ordfused/chexfound_vitl16] fold3 ep23  loss=0.1578  score=0.7045 acc=0.7386 dice=0.6250 tau*=0.860 g=0.474  (48.6s)
[ordfused/chexfound_vitl16] fold3 ep24  loss=0.1346  score=0.7145 acc=0.7500 dice=0.6318 tau*=0.765 g=0.517  (47.6s)
[ordfused/chexfound_vitl16] fold3 ep25  loss=0.1263  score=0.7145 acc=0.7500 dice=0.6318 tau*=0.785 g=0.520  (49.0s)
[ordfused/chexfound_vitl16] fold3 ep26  loss=0.1678  score=0.7045 acc=0.7386 dice=0.6250 tau*=0.865 g=0.495  (48.5s)
[ordfused/chexfound_vitl16] fold3 ep27  loss=0.1275  score=0.7132 acc=0.7500 dice=0.6273 tau*=0.820 g=0.502  (47.4s)
[ordfused/chexfound_vitl16] fold3 ep28  loss=0.1232  score=0.7145 acc=0.7500 dice=0.6318 tau*=0.810 g=0.520  (49.7s)
[ordfused/chexfound_vitl16] fold3 ep29  loss=0.1695  score=0.7059 acc=0.7386 dice=0.6295 tau*=0.890 g=0.491  (47.8s)
[ordfused/chexfound_vitl16] fold3 SWA  score=0.7145 acc=0.7500 dice=0.6318 tau*=0.825 g=0.500
[ordfused/chexfound_vitl16] fold3 BEST: {'score': 0.7518181818181817, 'tau': 0.49499999999999994, 'acc': 0.7954545454545454, 'dice': 0.65, 'gate_mean': 0.540022611618042, 'epoch': 9}  -> /workspace/Code/runs/ordfused_chexfound_vitl16/fold3_best.pt
/workspace/Code/ordfused.py:150: FutureWarning: You are using `torch.load` with `weights_only=False` (the current default value), which uses the default pickle module implicitly. It is possible to construct malicious pickle data which will execute arbitrary code during unpickling (See https://github.com/pytorch/pytorch/blob/main/SECURITY.md#untrusted-models for more details). In a future release, the default value for `weights_only` will be flipped to `True`. This limits the functions that could be executed during unpickling. Arbitrary objects will no longer be allowed to be loaded via this mode unless they are explicitly allowlisted by the user via `torch.serialization.add_safe_globals`. We recommend you start setting `weights_only=True` for any use case where you don't have full control of the loaded file. Please open an issue on GitHub for any issues related to this experimental feature.
  raw = torch.load(ckpt_path, map_location="cpu")
[chexfound] load_state_dict: <All keys matched successfully>
[ordfused/chexfound_vitl16] fold 4 attempt 0: 307.2M params, train=355 val=89 tabular=True pos_weight=1.247 lr=3.0e-04 enc_mult=0.3 warmup=3
/workspace/Code/train_ordfused.py:204: FutureWarning: `torch.cuda.amp.GradScaler(args...)` is deprecated. Please use `torch.amp.GradScaler('cuda', args...)` instead.
  scaler = torch.cuda.amp.GradScaler(enabled=use_amp)
[ordfused/chexfound_vitl16] fold4 ep00  loss=0.7655  score=0.5748 acc=0.5843 dice=0.5528 tau*=0.485 g=0.410  (48.5s)
[ordfused/chexfound_vitl16] fold4 ep01  loss=0.6975  score=0.6189 acc=0.6404 dice=0.5685 tau*=0.375 g=0.381  (48.7s)
[ordfused/chexfound_vitl16] fold4 ep02  loss=0.6745  score=0.6863 acc=0.7079 dice=0.6360 tau*=0.430 g=0.305  (48.9s)
[ordfused/chexfound_vitl16] fold4 ep03  loss=0.5827  score=0.7600 acc=0.7978 dice=0.6719 tau*=0.365 g=0.209  (48.7s)
[ordfused/chexfound_vitl16] fold4 ep04  loss=0.5359  score=0.7640 acc=0.7978 dice=0.6854 tau*=0.470 g=0.457  (49.9s)
[ordfused/chexfound_vitl16] fold4 ep05  loss=0.4914  score=0.7712 acc=0.8090 dice=0.6831 tau*=0.530 g=0.356  (49.8s)
[ordfused/chexfound_vitl16] fold4 ep06  loss=0.4531  score=0.7852 acc=0.8202 dice=0.7034 tau*=0.655 g=0.366  (49.9s)
[ordfused/chexfound_vitl16] fold4 ep07  loss=0.4201  score=0.7838 acc=0.8202 dice=0.6989 tau*=0.625 g=0.333  (48.2s)
[ordfused/chexfound_vitl16] fold4 ep08  loss=0.3563  score=0.7951 acc=0.8315 dice=0.7101 tau*=0.370 g=0.219  (48.1s)
[ordfused/chexfound_vitl16] fold4 ep09  loss=0.3266  score=0.8022 acc=0.8427 dice=0.7079 tau*=0.610 g=0.417  (49.5s)
[ordfused/chexfound_vitl16] fold4 ep10  loss=0.2703  score=0.7753 acc=0.8090 dice=0.6966 tau*=0.800 g=0.365  (49.3s)
[ordfused/chexfound_vitl16] fold4 ep11  loss=0.2994  score=0.7825 acc=0.8202 dice=0.6944 tau*=0.670 g=0.277  (49.3s)
[ordfused/chexfound_vitl16] fold4 ep12  loss=0.2348  score=0.7613 acc=0.7978 dice=0.6764 tau*=0.750 g=0.334  (48.4s)
[ordfused/chexfound_vitl16] fold4 ep13  loss=0.2045  score=0.7654 acc=0.7978 dice=0.6899 tau*=0.720 g=0.330  (48.2s)
[ordfused/chexfound_vitl16] fold4 ep14  loss=0.1931  score=0.7573 acc=0.7978 dice=0.6629 tau*=0.625 g=0.397  (48.0s)
[ordfused/chexfound_vitl16] fold4 ep15  loss=0.1952  score=0.7362 acc=0.7753 dice=0.6449 tau*=0.625 g=0.302  (49.1s)
[ordfused/chexfound_vitl16] fold4 ep16  loss=0.1618  score=0.7726 acc=0.8090 dice=0.6876 tau*=0.560 g=0.259  (48.8s)
[ordfused/chexfound_vitl16] fold4 ep17  loss=0.1368  score=0.7443 acc=0.7753 dice=0.6719 tau*=0.945 g=0.377  (49.3s)
[ordfused/chexfound_vitl16] fold4 ep18  loss=0.1515  score=0.7654 acc=0.7978 dice=0.6899 tau*=0.895 g=0.316  (47.9s)
[ordfused/chexfound_vitl16] fold4 ep19  loss=0.1205  score=0.7362 acc=0.7753 dice=0.6449 tau*=0.570 g=0.320  (48.0s)
[ordfused/chexfound_vitl16] fold4 ep20  loss=0.1245  score=0.7335 acc=0.7753 dice=0.6360 tau*=0.500 g=0.325  (48.5s)
[ordfused/chexfound_vitl16] fold4 ep21  loss=0.1054  score=0.7335 acc=0.7753 dice=0.6360 tau*=0.520 g=0.303  (48.6s)
[ordfused/chexfound_vitl16] fold4 ep22  loss=0.1247  score=0.7357 acc=0.7640 dice=0.6697 tau*=0.935 g=0.258  (47.8s)
[ordfused/chexfound_vitl16] fold4 ep23  loss=0.1458  score=0.7317 acc=0.7640 dice=0.6562 tau*=0.875 g=0.286  (47.7s)
[ordfused/chexfound_vitl16] fold4 ep24  loss=0.1052  score=0.7429 acc=0.7753 dice=0.6674 tau*=0.885 g=0.284  (48.5s)
[ordfused/chexfound_vitl16] fold4 ep25  loss=0.1218  score=0.7443 acc=0.7753 dice=0.6719 tau*=0.885 g=0.250  (48.1s)
[ordfused/chexfound_vitl16] fold4 ep26  loss=0.1019  score=0.7330 acc=0.7640 dice=0.6607 tau*=0.895 g=0.291  (48.1s)
[ordfused/chexfound_vitl16] fold4 ep27  loss=0.1171  score=0.7303 acc=0.7640 dice=0.6517 tau*=0.880 g=0.313  (48.1s)
[ordfused/chexfound_vitl16] fold4 ep28  loss=0.0960  score=0.7515 acc=0.7865 dice=0.6697 tau*=0.850 g=0.288  (48.1s)
[ordfused/chexfound_vitl16] fold4 ep29  loss=0.0999  score=0.7330 acc=0.7640 dice=0.6607 tau*=0.895 g=0.283  (47.8s)
[ordfused/chexfound_vitl16] fold4 SWA  score=0.7330 acc=0.7640 dice=0.6607 tau*=0.885 g=0.285
[ordfused/chexfound_vitl16] fold4 BEST: {'score': 0.8022471910112359, 'tau': 0.61, 'acc': 0.8426966292134831, 'dice': 0.7078651685393258, 'gate_mean': 0.4173102080821991, 'epoch': 9}  -> /workspace/Code/runs/ordfused_chexfound_vitl16/fold4_best.pt
[ordfused/chexfound_vitl16] CV mean score=0.7909 +/- 0.0321  (mean gate=0.483)
