OrdFused encoder=chexfound_vitl16 tabular=False device=cuda tab_dim=5 fold_arg=all
cavity  large  medium  none  small
fold                              
0          12      12    49     16
1          11      13    49     16
2          11      13    50     15
3          11      12    49     16
4          12      11    50     16
/workspace/Code/vendor/chexfound/layers/swiglu_ffn.py:45: UserWarning: xFormers is disabled (SwiGLU)
  warnings.warn("xFormers is disabled (SwiGLU)")
/workspace/Code/vendor/chexfound/layers/swiglu_ffn.py:51: UserWarning: xFormers is not available (SwiGLU)
  warnings.warn("xFormers is not available (SwiGLU)")
/workspace/Code/vendor/chexfound/layers/attention.py:29: UserWarning: xFormers is disabled (Attention)
  warnings.warn("xFormers is disabled (Attention)")
/workspace/Code/vendor/chexfound/layers/attention.py:33: UserWarning: xFormers is not available (Attention)
  warnings.warn("xFormers is not available (Attention)")
/workspace/Code/vendor/chexfound/layers/block.py:35: UserWarning: xFormers is disabled (Block)
  warnings.warn("xFormers is disabled (Block)")
/workspace/Code/vendor/chexfound/layers/block.py:40: UserWarning: xFormers is not available (Block)
  warnings.warn("xFormers is not available (Block)")
/workspace/Code/ordfused.py:150: FutureWarning: You are using `torch.load` with `weights_only=False` (the current default value), which uses the default pickle module implicitly. It is possible to construct malicious pickle data which will execute arbitrary code during unpickling (See https://github.com/pytorch/pytorch/blob/main/SECURITY.md#untrusted-models for more details). In a future release, the default value for `weights_only` will be flipped to `True`. This limits the functions that could be executed during unpickling. Arbitrary objects will no longer be allowed to be loaded via this mode unless they are explicitly allowlisted by the user via `torch.serialization.add_safe_globals`. We recommend you start setting `weights_only=True` for any use case where you don't have full control of the loaded file. Please open an issue on GitHub for any issues related to this experimental feature.
  raw = torch.load(ckpt_path, map_location="cpu")
[chexfound] load_state_dict: <All keys matched successfully>
[ordfused/chexfound_vitl16] fold 0 attempt 0: 307.0M params, train=355 val=89 tabular=False pos_weight=1.261 lr=3.0e-04 enc_mult=0.3 warmup=3
/workspace/Code/train_ordfused.py:209: FutureWarning: `torch.cuda.amp.GradScaler(args...)` is deprecated. Please use `torch.amp.GradScaler('cuda', args...)` instead.
  scaler = torch.cuda.amp.GradScaler(enabled=use_amp)
[ordfused/chexfound_vitl16] fold0 ep00  loss=0.7630  score=0.5820 acc=0.5955 dice=0.5506 tau*=0.540 g=0.000  (83.4s)
[ordfused/chexfound_vitl16] fold0 ep01  loss=0.7033  score=0.6413 acc=0.6629 dice=0.5910 tau*=0.410 g=0.000  (68.5s)
[ordfused/chexfound_vitl16] fold0 ep02  loss=0.6544  score=0.7133 acc=0.7416 dice=0.6472 tau*=0.430 g=0.000  (64.9s)
[ordfused/chexfound_vitl16] fold0 ep03  loss=0.6071  score=0.7380 acc=0.7865 dice=0.6247 tau*=0.310 g=0.000  (70.0s)
[ordfused/chexfound_vitl16] fold0 ep04  loss=0.5744  score=0.7771 acc=0.8202 dice=0.6764 tau*=0.330 g=0.000  (67.3s)
[ordfused/chexfound_vitl16] fold0 ep05  loss=0.5369  score=0.7897 acc=0.8315 dice=0.6921 tau*=0.385 g=0.000  (62.1s)
[ordfused/chexfound_vitl16] fold0 ep06  loss=0.5140  score=0.7897 acc=0.8315 dice=0.6921 tau*=0.340 g=0.000  (67.2s)
[ordfused/chexfound_vitl16] fold0 ep07  loss=0.4749  score=0.7982 acc=0.8427 dice=0.6944 tau*=0.250 g=0.000  (66.2s)
[ordfused/chexfound_vitl16] fold0 ep08  loss=0.4828  score=0.8081 acc=0.8539 dice=0.7011 tau*=0.480 g=0.000  (68.3s)
[ordfused/chexfound_vitl16] fold0 ep09  loss=0.4302  score=0.8247 acc=0.8652 dice=0.7303 tau*=0.575 g=0.000  (69.5s)
[ordfused/chexfound_vitl16] fold0 ep10  loss=0.3982  score=0.8180 acc=0.8652 dice=0.7079 tau*=0.350 g=0.000  (64.9s)
[ordfused/chexfound_vitl16] fold0 ep11  loss=0.3750  score=0.8108 acc=0.8539 dice=0.7101 tau*=0.715 g=0.000  (66.4s)
[ordfused/chexfound_vitl16] fold0 ep12  loss=0.3961  score=0.8081 acc=0.8539 dice=0.7011 tau*=0.425 g=0.000  (69.0s)
[ordfused/chexfound_vitl16] fold0 ep13  loss=0.3311  score=0.8121 acc=0.8539 dice=0.7146 tau*=0.325 g=0.000  (67.5s)
[ordfused/chexfound_vitl16] fold0 ep14  loss=0.3083  score=0.8036 acc=0.8427 dice=0.7124 tau*=0.485 g=0.000  (65.0s)
[ordfused/chexfound_vitl16] fold0 ep15  loss=0.3253  score=0.8094 acc=0.8539 dice=0.7056 tau*=0.260 g=0.000  (65.6s)
[ordfused/chexfound_vitl16] fold0 ep16  loss=0.2896  score=0.8207 acc=0.8652 dice=0.7169 tau*=0.450 g=0.000  (65.3s)
[ordfused/chexfound_vitl16] fold0 ep17  loss=0.2724  score=0.8094 acc=0.8539 dice=0.7056 tau*=0.395 g=0.000  (67.8s)
[ordfused/chexfound_vitl16] fold0 ep18  loss=0.2767  score=0.8108 acc=0.8539 dice=0.7101 tau*=0.340 g=0.000  (65.1s)
[ordfused/chexfound_vitl16] fold0 ep19  loss=0.2674  score=0.8121 acc=0.8539 dice=0.7146 tau*=0.365 g=0.000  (68.0s)
[ordfused/chexfound_vitl16] fold0 ep20  loss=0.2293  score=0.8207 acc=0.8652 dice=0.7169 tau*=0.485 g=0.000  (68.2s)
[ordfused/chexfound_vitl16] fold0 ep21  loss=0.2453  score=0.8108 acc=0.8539 dice=0.7101 tau*=0.395 g=0.000  (70.5s)
[ordfused/chexfound_vitl16] fold0 ep22  loss=0.2301  score=0.8207 acc=0.8652 dice=0.7169 tau*=0.455 g=0.000  (65.6s)
[ordfused/chexfound_vitl16] fold0 ep23  loss=0.2254  score=0.8207 acc=0.8652 dice=0.7169 tau*=0.435 g=0.000  (68.2s)
[ordfused/chexfound_vitl16] fold0 ep24  loss=0.2079  score=0.8121 acc=0.8539 dice=0.7146 tau*=0.565 g=0.000  (67.0s)
[ordfused/chexfound_vitl16] fold0 ep25  loss=0.2378  score=0.8220 acc=0.8652 dice=0.7213 tau*=0.475 g=0.000  (66.5s)
[ordfused/chexfound_vitl16] fold0 ep26  loss=0.1958  score=0.8121 acc=0.8539 dice=0.7146 tau*=0.580 g=0.000  (68.2s)
[ordfused/chexfound_vitl16] fold0 ep27  loss=0.2381  score=0.8121 acc=0.8539 dice=0.7146 tau*=0.610 g=0.000  (68.0s)
[ordfused/chexfound_vitl16] fold0 ep28  loss=0.2088  score=0.8207 acc=0.8652 dice=0.7169 tau*=0.465 g=0.000  (68.4s)
[ordfused/chexfound_vitl16] fold0 ep29  loss=0.1769  score=0.8121 acc=0.8539 dice=0.7146 tau*=0.585 g=0.000  (65.2s)
[ordfused/chexfound_vitl16] fold0 SWA  score=0.8207 acc=0.8652 dice=0.7169 tau*=0.435 g=0.000
[ordfused/chexfound_vitl16] fold0 BEST: {'score': 0.8247191011235955, 'tau': 0.575, 'acc': 0.8651685393258427, 'dice': 0.7303370786516854, 'gate_mean': 0.0, 'epoch': 9}  -> /workspace/Code/runs/ordfused_chexfound_vitl16_notab/fold0_best.pt
/workspace/Code/ordfused.py:150: FutureWarning: You are using `torch.load` with `weights_only=False` (the current default value), which uses the default pickle module implicitly. It is possible to construct malicious pickle data which will execute arbitrary code during unpickling (See https://github.com/pytorch/pytorch/blob/main/SECURITY.md#untrusted-models for more details). In a future release, the default value for `weights_only` will be flipped to `True`. This limits the functions that could be executed during unpickling. Arbitrary objects will no longer be allowed to be loaded via this mode unless they are explicitly allowlisted by the user via `torch.serialization.add_safe_globals`. We recommend you start setting `weights_only=True` for any use case where you don't have full control of the loaded file. Please open an issue on GitHub for any issues related to this experimental feature.
  raw = torch.load(ckpt_path, map_location="cpu")
[chexfound] load_state_dict: <All keys matched successfully>
[ordfused/chexfound_vitl16] fold 1 attempt 0: 307.0M params, train=355 val=89 tabular=False pos_weight=1.261 lr=3.0e-04 enc_mult=0.3 warmup=3
/workspace/Code/train_ordfused.py:209: FutureWarning: `torch.cuda.amp.GradScaler(args...)` is deprecated. Please use `torch.amp.GradScaler('cuda', args...)` instead.
  scaler = torch.cuda.amp.GradScaler(enabled=use_amp)
[ordfused/chexfound_vitl16] fold1 ep00  loss=0.7766  score=0.5919 acc=0.6067 dice=0.5573 tau*=0.560 g=0.000  (61.5s)
[ordfused/chexfound_vitl16] fold1 ep01  loss=0.7108  score=0.6324 acc=0.6742 dice=0.5348 tau*=0.255 g=0.000  (68.7s)
[ordfused/chexfound_vitl16] fold1 ep02  loss=0.6668  score=0.7501 acc=0.7865 dice=0.6652 tau*=0.435 g=0.000  (68.1s)
[ordfused/chexfound_vitl16] fold1 ep03  loss=0.6433  score=0.7784 acc=0.8202 dice=0.6809 tau*=0.455 g=0.000  (69.6s)
[ordfused/chexfound_vitl16] fold1 ep04  loss=0.6065  score=0.7897 acc=0.8315 dice=0.6921 tau*=0.495 g=0.000  (68.1s)
[ordfused/chexfound_vitl16] fold1 ep05  loss=0.5475  score=0.7996 acc=0.8427 dice=0.6989 tau*=0.345 g=0.000  (67.9s)
[ordfused/chexfound_vitl16] fold1 ep06  loss=0.5226  score=0.8094 acc=0.8539 dice=0.7056 tau*=0.335 g=0.000  (65.9s)
[ordfused/chexfound_vitl16] fold1 ep07  loss=0.4994  score=0.8094 acc=0.8539 dice=0.7056 tau*=0.440 g=0.000  (70.4s)
[ordfused/chexfound_vitl16] fold1 ep08  loss=0.4854  score=0.8094 acc=0.8539 dice=0.7056 tau*=0.565 g=0.000  (68.7s)
[ordfused/chexfound_vitl16] fold1 ep09  loss=0.4592  score=0.8121 acc=0.8539 dice=0.7146 tau*=0.665 g=0.000  (69.0s)
[ordfused/chexfound_vitl16] fold1 ep10  loss=0.4066  score=0.8220 acc=0.8652 dice=0.7213 tau*=0.565 g=0.000  (69.1s)
[ordfused/chexfound_vitl16] fold1 ep11  loss=0.4104  score=0.8220 acc=0.8652 dice=0.7213 tau*=0.565 g=0.000  (68.6s)
[ordfused/chexfound_vitl16] fold1 ep12  loss=0.3642  score=0.8346 acc=0.8764 dice=0.7371 tau*=0.685 g=0.000  (65.7s)
[ordfused/chexfound_vitl16] fold1 ep13  loss=0.3537  score=0.8319 acc=0.8764 dice=0.7281 tau*=0.460 g=0.000  (70.9s)
[ordfused/chexfound_vitl16] fold1 ep14  loss=0.3393  score=0.8333 acc=0.8764 dice=0.7326 tau*=0.545 g=0.000  (73.1s)
[ordfused/chexfound_vitl16] fold1 ep15  loss=0.3324  score=0.8346 acc=0.8764 dice=0.7371 tau*=0.505 g=0.000  (66.6s)
[ordfused/chexfound_vitl16] fold1 ep16  loss=0.3010  score=0.8445 acc=0.8876 dice=0.7438 tau*=0.645 g=0.000  (68.9s)
[ordfused/chexfound_vitl16] fold1 ep17  loss=0.3017  score=0.8346 acc=0.8764 dice=0.7371 tau*=0.570 g=0.000  (68.1s)
[ordfused/chexfound_vitl16] fold1 ep18  loss=0.2665  score=0.8346 acc=0.8764 dice=0.7371 tau*=0.610 g=0.000  (67.2s)
[ordfused/chexfound_vitl16] fold1 ep19  loss=0.2899  score=0.8346 acc=0.8764 dice=0.7371 tau*=0.715 g=0.000  (66.2s)
[ordfused/chexfound_vitl16] fold1 ep20  loss=0.2516  score=0.8346 acc=0.8764 dice=0.7371 tau*=0.525 g=0.000  (67.7s)
[ordfused/chexfound_vitl16] fold1 ep21  loss=0.2759  score=0.8346 acc=0.8764 dice=0.7371 tau*=0.640 g=0.000  (69.9s)
[ordfused/chexfound_vitl16] fold1 ep22  loss=0.2492  score=0.8346 acc=0.8764 dice=0.7371 tau*=0.540 g=0.000  (65.9s)
[ordfused/chexfound_vitl16] fold1 ep23  loss=0.2409  score=0.8346 acc=0.8764 dice=0.7371 tau*=0.620 g=0.000  (72.6s)
[ordfused/chexfound_vitl16] fold1 ep24  loss=0.2425  score=0.8346 acc=0.8764 dice=0.7371 tau*=0.580 g=0.000  (67.5s)
[ordfused/chexfound_vitl16] fold1 ep25  loss=0.2309  score=0.8346 acc=0.8764 dice=0.7371 tau*=0.580 g=0.000  (68.6s)
[ordfused/chexfound_vitl16] fold1 ep26  loss=0.2248  score=0.8346 acc=0.8764 dice=0.7371 tau*=0.615 g=0.000  (69.1s)
[ordfused/chexfound_vitl16] fold1 ep27  loss=0.2623  score=0.8247 acc=0.8652 dice=0.7303 tau*=0.655 g=0.000  (69.8s)
[ordfused/chexfound_vitl16] fold1 ep28  loss=0.2057  score=0.8346 acc=0.8764 dice=0.7371 tau*=0.585 g=0.000  (68.1s)
[ordfused/chexfound_vitl16] fold1 ep29  loss=0.2037  score=0.8247 acc=0.8652 dice=0.7303 tau*=0.655 g=0.000  (67.6s)
[ordfused/chexfound_vitl16] fold1 SWA  score=0.8346 acc=0.8764 dice=0.7371 tau*=0.580 g=0.000
[ordfused/chexfound_vitl16] fold1 BEST: {'score': 0.8444943820224717, 'tau': 0.6449999999999999, 'acc': 0.8876404494382022, 'dice': 0.743820224719101, 'gate_mean': 0.0, 'epoch': 16}  -> /workspace/Code/runs/ordfused_chexfound_vitl16_notab/fold1_best.pt
/workspace/Code/ordfused.py:150: FutureWarning: You are using `torch.load` with `weights_only=False` (the current default value), which uses the default pickle module implicitly. It is possible to construct malicious pickle data which will execute arbitrary code during unpickling (See https://github.com/pytorch/pytorch/blob/main/SECURITY.md#untrusted-models for more details). In a future release, the default value for `weights_only` will be flipped to `True`. This limits the functions that could be executed during unpickling. Arbitrary objects will no longer be allowed to be loaded via this mode unless they are explicitly allowlisted by the user via `torch.serialization.add_safe_globals`. We recommend you start setting `weights_only=True` for any use case where you don't have full control of the loaded file. Please open an issue on GitHub for any issues related to this experimental feature.
  raw = torch.load(ckpt_path, map_location="cpu")
[chexfound] load_state_dict: <All keys matched successfully>
[ordfused/chexfound_vitl16] fold 2 attempt 0: 307.0M params, train=355 val=89 tabular=False pos_weight=1.247 lr=3.0e-04 enc_mult=0.3 warmup=3
/workspace/Code/train_ordfused.py:209: FutureWarning: `torch.cuda.amp.GradScaler(args...)` is deprecated. Please use `torch.amp.GradScaler('cuda', args...)` instead.
  scaler = torch.cuda.amp.GradScaler(enabled=use_amp)
[ordfused/chexfound_vitl16] fold2 ep00  loss=0.7284  score=0.5622 acc=0.6067 dice=0.4584 tau*=0.370 g=0.000  (68.9s)
[ordfused/chexfound_vitl16] fold2 ep01  loss=0.7055  score=0.6292 acc=0.6629 dice=0.5506 tau*=0.360 g=0.000  (71.2s)
[ordfused/chexfound_vitl16] fold2 ep02  loss=0.6385  score=0.7204 acc=0.7528 dice=0.6449 tau*=0.525 g=0.000  (73.7s)
[ordfused/chexfound_vitl16] fold2 ep03  loss=0.5994  score=0.7263 acc=0.7640 dice=0.6382 tau*=0.295 g=0.000  (75.8s)
[ordfused/chexfound_vitl16] fold2 ep04  loss=0.5549  score=0.7263 acc=0.7640 dice=0.6382 tau*=0.490 g=0.000  (68.9s)
[ordfused/chexfound_vitl16] fold2 ep05  loss=0.5298  score=0.7375 acc=0.7753 dice=0.6494 tau*=0.295 g=0.000  (69.2s)
[ordfused/chexfound_vitl16] fold2 ep06  loss=0.4781  score=0.7348 acc=0.7753 dice=0.6404 tau*=0.460 g=0.000  (65.9s)
[ordfused/chexfound_vitl16] fold2 ep07  loss=0.4573  score=0.7461 acc=0.7865 dice=0.6517 tau*=0.575 g=0.000  (67.6s)
[ordfused/chexfound_vitl16] fold2 ep08  loss=0.4329  score=0.7474 acc=0.7865 dice=0.6562 tau*=0.455 g=0.000  (66.7s)
[ordfused/chexfound_vitl16] fold2 ep09  loss=0.3961  score=0.7335 acc=0.7753 dice=0.6360 tau*=0.450 g=0.000  (66.7s)
[ordfused/chexfound_vitl16] fold2 ep10  loss=0.3686  score=0.7407 acc=0.7865 dice=0.6337 tau*=0.095 g=0.000  (65.9s)
[ordfused/chexfound_vitl16] fold2 ep11  loss=0.3458  score=0.7573 acc=0.7978 dice=0.6629 tau*=0.280 g=0.000  (70.2s)
[ordfused/chexfound_vitl16] fold2 ep12  loss=0.3353  score=0.7447 acc=0.7865 dice=0.6472 tau*=0.650 g=0.000  (69.3s)
[ordfused/chexfound_vitl16] fold2 ep13  loss=0.3168  score=0.7546 acc=0.7978 dice=0.6539 tau*=0.570 g=0.000  (67.5s)
[ordfused/chexfound_vitl16] fold2 ep14  loss=0.2882  score=0.7658 acc=0.8090 dice=0.6652 tau*=0.525 g=0.000  (67.7s)
[ordfused/chexfound_vitl16] fold2 ep15  loss=0.3078  score=0.7416 acc=0.7753 dice=0.6629 tau*=0.785 g=0.000  (65.9s)
[ordfused/chexfound_vitl16] fold2 ep16  loss=0.2711  score=0.7461 acc=0.7865 dice=0.6517 tau*=0.545 g=0.000  (66.9s)
[ordfused/chexfound_vitl16] fold2 ep17  loss=0.2461  score=0.7560 acc=0.7978 dice=0.6584 tau*=0.290 g=0.000  (67.4s)
[ordfused/chexfound_vitl16] fold2 ep18  loss=0.2319  score=0.7434 acc=0.7865 dice=0.6427 tau*=0.260 g=0.000  (71.1s)
[ordfused/chexfound_vitl16] fold2 ep19  loss=0.2163  score=0.7434 acc=0.7865 dice=0.6427 tau*=0.605 g=0.000  (64.1s)
[ordfused/chexfound_vitl16] fold2 ep20  loss=0.2231  score=0.7434 acc=0.7865 dice=0.6427 tau*=0.355 g=0.000  (66.8s)
[ordfused/chexfound_vitl16] fold2 ep21  loss=0.2189  score=0.7434 acc=0.7865 dice=0.6427 tau*=0.385 g=0.000  (67.6s)
[ordfused/chexfound_vitl16] fold2 ep22  loss=0.2081  score=0.7434 acc=0.7865 dice=0.6427 tau*=0.435 g=0.000  (73.4s)
[ordfused/chexfound_vitl16] fold2 ep23  loss=0.1729  score=0.7533 acc=0.7978 dice=0.6494 tau*=0.250 g=0.000  (68.0s)
[ordfused/chexfound_vitl16] fold2 ep24  loss=0.1934  score=0.7533 acc=0.7978 dice=0.6494 tau*=0.195 g=0.000  (67.8s)
[ordfused/chexfound_vitl16] fold2 ep25  loss=0.2122  score=0.7533 acc=0.7978 dice=0.6494 tau*=0.355 g=0.000  (66.8s)
[ordfused/chexfound_vitl16] fold2 ep26  loss=0.1863  score=0.7533 acc=0.7978 dice=0.6494 tau*=0.285 g=0.000  (67.4s)
[ordfused/chexfound_vitl16] fold2 ep27  loss=0.1754  score=0.7434 acc=0.7865 dice=0.6427 tau*=0.395 g=0.000  (67.5s)
[ordfused/chexfound_vitl16] fold2 ep28  loss=0.1917  score=0.7533 acc=0.7978 dice=0.6494 tau*=0.290 g=0.000  (68.0s)
[ordfused/chexfound_vitl16] fold2 ep29  loss=0.2131  score=0.7533 acc=0.7978 dice=0.6494 tau*=0.215 g=0.000  (68.8s)
[ordfused/chexfound_vitl16] fold2 SWA  score=0.7533 acc=0.7978 dice=0.6494 tau*=0.265 g=0.000
[ordfused/chexfound_vitl16] fold2 BEST: {'score': 0.7658426966292133, 'tau': 0.5249999999999999, 'acc': 0.8089887640449438, 'dice': 0.6651685393258427, 'gate_mean': 0.0, 'epoch': 14}  -> /workspace/Code/runs/ordfused_chexfound_vitl16_notab/fold2_best.pt
/workspace/Code/ordfused.py:150: FutureWarning: You are using `torch.load` with `weights_only=False` (the current default value), which uses the default pickle module implicitly. It is possible to construct malicious pickle data which will execute arbitrary code during unpickling (See https://github.com/pytorch/pytorch/blob/main/SECURITY.md#untrusted-models for more details). In a future release, the default value for `weights_only` will be flipped to `True`. This limits the functions that could be executed during unpickling. Arbitrary objects will no longer be allowed to be loaded via this mode unless they are explicitly allowlisted by the user via `torch.serialization.add_safe_globals`. We recommend you start setting `weights_only=True` for any use case where you don't have full control of the loaded file. Please open an issue on GitHub for any issues related to this experimental feature.
  raw = torch.load(ckpt_path, map_location="cpu")
[chexfound] load_state_dict: <All keys matched successfully>
[ordfused/chexfound_vitl16] fold 3 attempt 0: 307.0M params, train=356 val=88 tabular=False pos_weight=1.253 lr=3.0e-04 enc_mult=0.3 warmup=3
/workspace/Code/train_ordfused.py:209: FutureWarning: `torch.cuda.amp.GradScaler(args...)` is deprecated. Please use `torch.amp.GradScaler('cuda', args...)` instead.
  scaler = torch.cuda.amp.GradScaler(enabled=use_amp)
[ordfused/chexfound_vitl16] fold3 ep00  loss=0.7540  score=0.5482 acc=0.5795 dice=0.4750 tau*=0.435 g=0.000  (64.1s)
[ordfused/chexfound_vitl16] fold3 ep01  loss=0.7118  score=0.6050 acc=0.6364 dice=0.5318 tau*=0.330 g=0.000  (65.8s)
[ordfused/chexfound_vitl16] fold3 ep02  loss=0.6697  score=0.6577 acc=0.6932 dice=0.5750 tau*=0.395 g=0.000  (68.3s)
[ordfused/chexfound_vitl16] fold3 ep03  loss=0.6261  score=0.6823 acc=0.7273 dice=0.5773 tau*=0.285 g=0.000  (67.1s)
[ordfused/chexfound_vitl16] fold3 ep04  loss=0.5556  score=0.7277 acc=0.7727 dice=0.6227 tau*=0.365 g=0.000  (67.6s)
[ordfused/chexfound_vitl16] fold3 ep05  loss=0.5417  score=0.7700 acc=0.8068 dice=0.6841 tau*=0.445 g=0.000  (65.2s)
[ordfused/chexfound_vitl16] fold3 ep06  loss=0.4895  score=0.7805 acc=0.8295 dice=0.6659 tau*=0.350 g=0.000  (69.3s)
[ordfused/chexfound_vitl16] fold3 ep07  loss=0.4884  score=0.7605 acc=0.8068 dice=0.6523 tau*=0.185 g=0.000  (87.7s)
[ordfused/chexfound_vitl16] fold3 ep08  loss=0.4694  score=0.7632 acc=0.8068 dice=0.6614 tau*=0.395 g=0.000  (67.1s)
[ordfused/chexfound_vitl16] fold3 ep09  loss=0.4296  score=0.7591 acc=0.8068 dice=0.6477 tau*=0.140 g=0.000  (67.8s)
[ordfused/chexfound_vitl16] fold3 ep10  loss=0.4327  score=0.7873 acc=0.8295 dice=0.6886 tau*=0.525 g=0.000  (69.5s)
[ordfused/chexfound_vitl16] fold3 ep11  loss=0.3687  score=0.7773 acc=0.8182 dice=0.6818 tau*=0.590 g=0.000  (66.5s)
[ordfused/chexfound_vitl16] fold3 ep12  loss=0.3397  score=0.7773 acc=0.8182 dice=0.6818 tau*=0.580 g=0.000  (68.7s)
[ordfused/chexfound_vitl16] fold3 ep13  loss=0.3222  score=0.7745 acc=0.8182 dice=0.6727 tau*=0.330 g=0.000  (64.7s)
[ordfused/chexfound_vitl16] fold3 ep14  loss=0.3234  score=0.7773 acc=0.8182 dice=0.6818 tau*=0.415 g=0.000  (66.1s)
[ordfused/chexfound_vitl16] fold3 ep15  loss=0.3047  score=0.7705 acc=0.8182 dice=0.6591 tau*=0.520 g=0.000  (67.4s)
[ordfused/chexfound_vitl16] fold3 ep16  loss=0.2902  score=0.7691 acc=0.8182 dice=0.6545 tau*=0.400 g=0.000  (67.9s)
[ordfused/chexfound_vitl16] fold3 ep17  loss=0.2841  score=0.7791 acc=0.8295 dice=0.6614 tau*=0.365 g=0.000  (67.6s)
[ordfused/chexfound_vitl16] fold3 ep18  loss=0.2891  score=0.7705 acc=0.8182 dice=0.6591 tau*=0.325 g=0.000  (71.0s)
[ordfused/chexfound_vitl16] fold3 ep19  loss=0.2534  score=0.7718 acc=0.8182 dice=0.6636 tau*=0.445 g=0.000  (65.7s)
[ordfused/chexfound_vitl16] fold3 ep20  loss=0.2204  score=0.7718 acc=0.8182 dice=0.6636 tau*=0.450 g=0.000  (63.7s)
[ordfused/chexfound_vitl16] fold3 ep21  loss=0.2368  score=0.7791 acc=0.8295 dice=0.6614 tau*=0.430 g=0.000  (65.5s)
[ordfused/chexfound_vitl16] fold3 ep22  loss=0.2567  score=0.7732 acc=0.8182 dice=0.6682 tau*=0.430 g=0.000  (68.0s)
[ordfused/chexfound_vitl16] fold3 ep23  loss=0.2094  score=0.7818 acc=0.8295 dice=0.6705 tau*=0.480 g=0.000  (67.2s)
[ordfused/chexfound_vitl16] fold3 ep24  loss=0.2026  score=0.7645 acc=0.8068 dice=0.6659 tau*=0.580 g=0.000  (66.4s)
[ordfused/chexfound_vitl16] fold3 ep25  loss=0.2139  score=0.7732 acc=0.8182 dice=0.6682 tau*=0.625 g=0.000  (68.3s)
[ordfused/chexfound_vitl16] fold3 ep26  loss=0.2432  score=0.7845 acc=0.8295 dice=0.6795 tau*=0.485 g=0.000  (68.3s)
[ordfused/chexfound_vitl16] fold3 ep27  loss=0.1949  score=0.7845 acc=0.8295 dice=0.6795 tau*=0.580 g=0.000  (65.8s)
[ordfused/chexfound_vitl16] fold3 ep28  loss=0.2000  score=0.7732 acc=0.8182 dice=0.6682 tau*=0.580 g=0.000  (70.7s)
[ordfused/chexfound_vitl16] fold3 ep29  loss=0.2066  score=0.7718 acc=0.8182 dice=0.6636 tau*=0.490 g=0.000  (69.8s)
[ordfused/chexfound_vitl16] fold3 SWA  score=0.7845 acc=0.8295 dice=0.6795 tau*=0.555 g=0.000
[ordfused/chexfound_vitl16] fold3 BEST: {'score': 0.7804545454545455, 'tau': 0.3499999999999999, 'acc': 0.8295454545454546, 'dice': 0.6659090909090909, 'gate_mean': 0.0, 'epoch': 6}  -> /workspace/Code/runs/ordfused_chexfound_vitl16_notab/fold3_best.pt
/workspace/Code/ordfused.py:150: FutureWarning: You are using `torch.load` with `weights_only=False` (the current default value), which uses the default pickle module implicitly. It is possible to construct malicious pickle data which will execute arbitrary code during unpickling (See https://github.com/pytorch/pytorch/blob/main/SECURITY.md#untrusted-models for more details). In a future release, the default value for `weights_only` will be flipped to `True`. This limits the functions that could be executed during unpickling. Arbitrary objects will no longer be allowed to be loaded via this mode unless they are explicitly allowlisted by the user via `torch.serialization.add_safe_globals`. We recommend you start setting `weights_only=True` for any use case where you don't have full control of the loaded file. Please open an issue on GitHub for any issues related to this experimental feature.
  raw = torch.load(ckpt_path, map_location="cpu")
[chexfound] load_state_dict: <All keys matched successfully>
[ordfused/chexfound_vitl16] fold 4 attempt 0: 307.0M params, train=355 val=89 tabular=False pos_weight=1.247 lr=3.0e-04 enc_mult=0.3 warmup=3
/workspace/Code/train_ordfused.py:209: FutureWarning: `torch.cuda.amp.GradScaler(args...)` is deprecated. Please use `torch.amp.GradScaler('cuda', args...)` instead.
  scaler = torch.cuda.amp.GradScaler(enabled=use_amp)
[ordfused/chexfound_vitl16] fold4 ep00  loss=0.7298  score=0.6369 acc=0.6517 dice=0.6022 tau*=0.580 g=0.000  (63.7s)
[ordfused/chexfound_vitl16] fold4 ep01  loss=0.6937  score=0.6481 acc=0.6629 dice=0.6135 tau*=0.505 g=0.000  (68.3s)
[ordfused/chexfound_vitl16] fold4 ep02  loss=0.6357  score=0.6755 acc=0.7079 dice=0.6000 tau*=0.500 g=0.000  (66.2s)
[ordfused/chexfound_vitl16] fold4 ep03  loss=0.5956  score=0.7470 acc=0.7753 dice=0.6809 tau*=0.480 g=0.000  (68.0s)
[ordfused/chexfound_vitl16] fold4 ep04  loss=0.5408  score=0.7470 acc=0.7753 dice=0.6809 tau*=0.635 g=0.000  (66.4s)
[ordfused/chexfound_vitl16] fold4 ep05  loss=0.5136  score=0.7766 acc=0.8090 dice=0.7011 tau*=0.580 g=0.000  (68.4s)
[ordfused/chexfound_vitl16] fold4 ep06  loss=0.4851  score=0.7825 acc=0.8202 dice=0.6944 tau*=0.605 g=0.000  (68.8s)
[ordfused/chexfound_vitl16] fold4 ep07  loss=0.4882  score=0.7838 acc=0.8202 dice=0.6989 tau*=0.515 g=0.000  (67.5s)
[ordfused/chexfound_vitl16] fold4 ep08  loss=0.4343  score=0.8162 acc=0.8539 dice=0.7281 tau*=0.415 g=0.000  (65.4s)
[ordfused/chexfound_vitl16] fold4 ep09  loss=0.4378  score=0.8063 acc=0.8427 dice=0.7213 tau*=0.595 g=0.000  (69.1s)
[ordfused/chexfound_vitl16] fold4 ep10  loss=0.3857  score=0.8135 acc=0.8539 dice=0.7191 tau*=0.470 g=0.000  (68.9s)
[ordfused/chexfound_vitl16] fold4 ep11  loss=0.3568  score=0.8162 acc=0.8539 dice=0.7281 tau*=0.520 g=0.000  (67.3s)
[ordfused/chexfound_vitl16] fold4 ep12  loss=0.3276  score=0.8247 acc=0.8652 dice=0.7303 tau*=0.370 g=0.000  (67.1s)
[ordfused/chexfound_vitl16] fold4 ep13  loss=0.3155  score=0.8022 acc=0.8427 dice=0.7079 tau*=0.685 g=0.000  (67.0s)
[ordfused/chexfound_vitl16] fold4 ep14  loss=0.2936  score=0.8135 acc=0.8539 dice=0.7191 tau*=0.640 g=0.000  (66.9s)
[ordfused/chexfound_vitl16] fold4 ep15  loss=0.3025  score=0.7852 acc=0.8202 dice=0.7034 tau*=0.900 g=0.000  (66.3s)
[ordfused/chexfound_vitl16] fold4 ep16  loss=0.2994  score=0.8049 acc=0.8427 dice=0.7169 tau*=0.755 g=0.000  (67.9s)
[ordfused/chexfound_vitl16] fold4 ep17  loss=0.2548  score=0.8022 acc=0.8427 dice=0.7079 tau*=0.580 g=0.000  (69.2s)
[ordfused/chexfound_vitl16] fold4 ep18  loss=0.2485  score=0.8022 acc=0.8427 dice=0.7079 tau*=0.750 g=0.000  (65.9s)
[ordfused/chexfound_vitl16] fold4 ep19  loss=0.2330  score=0.8036 acc=0.8427 dice=0.7124 tau*=0.540 g=0.000  (68.5s)
[ordfused/chexfound_vitl16] fold4 ep20  loss=0.1925  score=0.7937 acc=0.8315 dice=0.7056 tau*=0.775 g=0.000  (65.8s)
[ordfused/chexfound_vitl16] fold4 ep21  loss=0.2051  score=0.8148 acc=0.8539 dice=0.7236 tau*=0.610 g=0.000  (70.0s)
[ordfused/chexfound_vitl16] fold4 ep22  loss=0.2186  score=0.7910 acc=0.8315 dice=0.6966 tau*=0.745 g=0.000  (68.2s)
[ordfused/chexfound_vitl16] fold4 ep23  loss=0.2340  score=0.7811 acc=0.8202 dice=0.6899 tau*=0.635 g=0.000  (67.9s)
[ordfused/chexfound_vitl16] fold4 ep24  loss=0.2001  score=0.7811 acc=0.8202 dice=0.6899 tau*=0.695 g=0.000  (67.8s)
[ordfused/chexfound_vitl16] fold4 ep25  loss=0.1754  score=0.7937 acc=0.8315 dice=0.7056 tau*=0.680 g=0.000  (64.7s)
[ordfused/chexfound_vitl16] fold4 ep26  loss=0.1988  score=0.7627 acc=0.7978 dice=0.6809 tau*=0.800 g=0.000  (66.3s)
[ordfused/chexfound_vitl16] fold4 ep27  loss=0.1823  score=0.7924 acc=0.8315 dice=0.7011 tau*=0.685 g=0.000  (68.3s)
[ordfused/chexfound_vitl16] fold4 ep28  loss=0.1717  score=0.7910 acc=0.8315 dice=0.6966 tau*=0.710 g=0.000  (64.9s)
[ordfused/chexfound_vitl16] fold4 ep29  loss=0.1637  score=0.7924 acc=0.8315 dice=0.7011 tau*=0.715 g=0.000  (69.7s)
[ordfused/chexfound_vitl16] fold4 SWA  score=0.7910 acc=0.8315 dice=0.6966 tau*=0.680 g=0.000
[ordfused/chexfound_vitl16] fold4 BEST: {'score': 0.8247191011235955, 'tau': 0.36999999999999994, 'acc': 0.8651685393258427, 'dice': 0.7303370786516854, 'gate_mean': 0.0, 'epoch': 12}  -> /workspace/Code/runs/ordfused_chexfound_vitl16_notab/fold4_best.pt
[ordfused/chexfound_vitl16_notab] CV mean score=0.8080 +/- 0.0333  (mean gate=0.000)
