model=tf_efficientnetv2_s device=cuda fold_arg=all
cavity  large  medium  none  small
fold                              
0          12      12    49     16
1          11      13    49     16
2          11      13    50     15
3          11      12    49     16
4          12      11    50     16
Warning: You are sending unauthenticated requests to the HF Hub. Please set a HF_TOKEN to enable higher rate limits and faster downloads.
[tf_efficientnetv2_s] fold 0: 20.2M params, train=355 val=89 pos_weight=1.261
[tf_efficientnetv2_s] fold0 ep00  loss=0.6813  score=0.7097 acc=0.7528 dice=0.6090 tau*=0.445  (49.3s)
[tf_efficientnetv2_s] fold0 ep01  loss=0.2537  score=0.7389 acc=0.7753 dice=0.6539 tau*=0.760  (49.6s)
[tf_efficientnetv2_s] fold0 ep02  loss=0.1538  score=0.7843 acc=0.8315 dice=0.6742 tau*=0.275  (48.4s)
[tf_efficientnetv2_s] fold0 ep03  loss=0.1614  score=0.8094 acc=0.8539 dice=0.7056 tau*=0.725  (50.5s)
[tf_efficientnetv2_s] fold0 ep04  loss=0.0990  score=0.8009 acc=0.8427 dice=0.7034 tau*=0.595  (48.7s)
[tf_efficientnetv2_s] fold0 ep05  loss=0.0590  score=0.7730 acc=0.8202 dice=0.6629 tau*=0.585  (46.3s)
[tf_efficientnetv2_s] fold0 ep06  loss=0.0371  score=0.7739 acc=0.8090 dice=0.6921 tau*=0.775  (47.3s)
[tf_efficientnetv2_s] fold0 ep07  loss=0.0668  score=0.7717 acc=0.8202 dice=0.6584 tau*=0.485  (47.2s)
[tf_efficientnetv2_s] fold0 ep08  loss=0.0454  score=0.7492 acc=0.7978 dice=0.6360 tau*=0.070  (47.7s)
[tf_efficientnetv2_s] fold0 ep09  loss=0.0434  score=0.7910 acc=0.8315 dice=0.6966 tau*=0.780  (48.3s)
[tf_efficientnetv2_s] fold0 ep10  loss=0.0645  score=0.8220 acc=0.8652 dice=0.7213 tau*=0.935  (47.0s)
[tf_efficientnetv2_s] fold0 ep11  loss=0.0782  score=0.8135 acc=0.8539 dice=0.7191 tau*=0.460  (48.6s)
[tf_efficientnetv2_s] fold0 ep12  loss=0.0599  score=0.7924 acc=0.8315 dice=0.7011 tau*=0.835  (46.7s)
[tf_efficientnetv2_s] fold0 ep13  loss=0.0209  score=0.7825 acc=0.8202 dice=0.6944 tau*=0.500  (46.6s)
[tf_efficientnetv2_s] fold0 ep14  loss=0.0148  score=0.8036 acc=0.8427 dice=0.7124 tau*=0.735  (50.6s)
[tf_efficientnetv2_s] fold0 ep15  loss=0.0031  score=0.8166 acc=0.8652 dice=0.7034 tau*=0.270  (48.1s)
[tf_efficientnetv2_s] fold0 ep16  loss=0.0065  score=0.8180 acc=0.8652 dice=0.7079 tau*=0.400  (47.5s)
[tf_efficientnetv2_s] fold0 ep17  loss=0.0031  score=0.8292 acc=0.8764 dice=0.7191 tau*=0.500  (45.8s)
[tf_efficientnetv2_s] fold0 ep18  loss=0.0031  score=0.8292 acc=0.8764 dice=0.7191 tau*=0.535  (49.4s)
[tf_efficientnetv2_s] fold0 ep19  loss=0.0034  score=0.8279 acc=0.8764 dice=0.7146 tau*=0.295  (48.5s)
[tf_efficientnetv2_s] fold0 ep20  loss=0.0149  score=0.8207 acc=0.8652 dice=0.7169 tau*=0.490  (49.1s)
[tf_efficientnetv2_s] fold0 ep21  loss=0.0034  score=0.8306 acc=0.8764 dice=0.7236 tau*=0.240  (47.5s)
[tf_efficientnetv2_s] fold0 ep22  loss=0.0036  score=0.8292 acc=0.8764 dice=0.7191 tau*=0.235  (48.5s)
[tf_efficientnetv2_s] fold0 ep23  loss=0.0022  score=0.8391 acc=0.8876 dice=0.7258 tau*=0.215  (46.2s)
[tf_efficientnetv2_s] fold0 ep24  loss=0.0050  score=0.8378 acc=0.8876 dice=0.7213 tau*=0.145  (48.1s)
[tf_efficientnetv2_s] fold0 BEST: {'score': 0.8391011235955055, 'tau': 0.21499999999999997, 'acc': 0.8876404494382022, 'dice': 0.7258426966292134, 'epoch': 23}  -> /workspace/Code/runs/tf_efficientnetv2_s/fold0_best.pt
[tf_efficientnetv2_s] fold 1: 20.2M params, train=355 val=89 pos_weight=1.261
[tf_efficientnetv2_s] fold1 ep00  loss=0.6900  score=0.7110 acc=0.7528 dice=0.6135 tau*=0.525  (43.2s)
[tf_efficientnetv2_s] fold1 ep01  loss=0.2482  score=0.7618 acc=0.8090 dice=0.6517 tau*=0.170  (47.5s)
[tf_efficientnetv2_s] fold1 ep02  loss=0.1763  score=0.7825 acc=0.8202 dice=0.6944 tau*=0.465  (45.7s)
[tf_efficientnetv2_s] fold1 ep03  loss=0.1022  score=0.7937 acc=0.8315 dice=0.7056 tau*=0.425  (46.9s)
[tf_efficientnetv2_s] fold1 ep04  loss=0.1093  score=0.7753 acc=0.8090 dice=0.6966 tau*=0.890  (44.8s)
[tf_efficientnetv2_s] fold1 ep05  loss=0.0604  score=0.7375 acc=0.7753 dice=0.6494 tau*=0.725  (45.7s)
[tf_efficientnetv2_s] fold1 ep06  loss=0.0742  score=0.7951 acc=0.8315 dice=0.7101 tau*=0.235  (46.2s)
[tf_efficientnetv2_s] fold1 ep07  loss=0.0573  score=0.7276 acc=0.7640 dice=0.6427 tau*=0.480  (45.2s)
[tf_efficientnetv2_s] fold1 ep08  loss=0.0611  score=0.7924 acc=0.8315 dice=0.7011 tau*=0.655  (47.8s)
[tf_efficientnetv2_s] fold1 ep09  loss=0.0193  score=0.8036 acc=0.8427 dice=0.7124 tau*=0.835  (46.9s)
[tf_efficientnetv2_s] fold1 ep10  loss=0.0301  score=0.7515 acc=0.7865 dice=0.6697 tau*=0.930  (44.4s)
[tf_efficientnetv2_s] fold1 ep11  loss=0.0272  score=0.7699 acc=0.8090 dice=0.6787 tau*=0.165  (43.9s)
[tf_efficientnetv2_s] fold1 ep12  loss=0.0101  score=0.7640 acc=0.7978 dice=0.6854 tau*=0.920  (45.3s)
[tf_efficientnetv2_s] fold1 ep13  loss=0.0040  score=0.7753 acc=0.8090 dice=0.6966 tau*=0.905  (45.7s)
[tf_efficientnetv2_s] fold1 ep14  loss=0.0027  score=0.7640 acc=0.7978 dice=0.6854 tau*=0.925  (44.8s)
[tf_efficientnetv2_s] fold1 ep15  loss=0.0033  score=0.7838 acc=0.8202 dice=0.6989 tau*=0.515  (47.3s)
[tf_efficientnetv2_s] fold1 ep16  loss=0.0026  score=0.7825 acc=0.8202 dice=0.6944 tau*=0.480  (45.5s)
[tf_efficientnetv2_s] fold1 ep17  loss=0.0073  score=0.7654 acc=0.7978 dice=0.6899 tau*=0.830  (44.2s)
[tf_efficientnetv2_s] fold1 ep18  loss=0.0089  score=0.7613 acc=0.7978 dice=0.6764 tau*=0.690  (46.7s)
[tf_efficientnetv2_s] fold1 ep19  loss=0.0016  score=0.7613 acc=0.7978 dice=0.6764 tau*=0.660  (44.0s)
[tf_efficientnetv2_s] fold1 ep20  loss=0.0022  score=0.7613 acc=0.7978 dice=0.6764 tau*=0.820  (46.9s)
[tf_efficientnetv2_s] fold1 ep21  loss=0.0062  score=0.7712 acc=0.8090 dice=0.6831 tau*=0.435  (45.3s)
[tf_efficientnetv2_s] fold1 ep22  loss=0.0060  score=0.7613 acc=0.7978 dice=0.6764 tau*=0.800  (46.2s)
[tf_efficientnetv2_s] fold1 ep23  loss=0.0015  score=0.7712 acc=0.8090 dice=0.6831 tau*=0.490  (48.4s)
[tf_efficientnetv2_s] fold1 ep24  loss=0.0015  score=0.7712 acc=0.8090 dice=0.6831 tau*=0.560  (45.8s)
[tf_efficientnetv2_s] fold1 BEST: {'score': 0.8035955056179774, 'tau': 0.835, 'acc': 0.8426966292134831, 'dice': 0.7123595505617978, 'epoch': 9}  -> /workspace/Code/runs/tf_efficientnetv2_s/fold1_best.pt
[tf_efficientnetv2_s] fold 2: 20.2M params, train=355 val=89 pos_weight=1.247
[tf_efficientnetv2_s] fold2 ep00  loss=0.6826  score=0.7402 acc=0.7753 dice=0.6584 tau*=0.555  (47.5s)
[tf_efficientnetv2_s] fold2 ep01  loss=0.3204  score=0.7573 acc=0.7978 dice=0.6629 tau*=0.365  (49.7s)
[tf_efficientnetv2_s] fold2 ep02  loss=0.2290  score=0.7982 acc=0.8427 dice=0.6944 tau*=0.415  (47.1s)
[tf_efficientnetv2_s] fold2 ep03  loss=0.1489  score=0.6998 acc=0.7416 dice=0.6022 tau*=0.460  (53.5s)
[tf_efficientnetv2_s] fold2 ep04  loss=0.1145  score=0.7631 acc=0.8090 dice=0.6562 tau*=0.375  (46.4s)
[tf_efficientnetv2_s] fold2 ep05  loss=0.0975  score=0.7726 acc=0.8090 dice=0.6876 tau*=0.620  (45.4s)
[tf_efficientnetv2_s] fold2 ep06  loss=0.0546  score=0.7672 acc=0.8090 dice=0.6697 tau*=0.295  (48.0s)
[tf_efficientnetv2_s] fold2 ep07  loss=0.0389  score=0.7587 acc=0.7978 dice=0.6674 tau*=0.245  (50.0s)
[tf_efficientnetv2_s] fold2 ep08  loss=0.0244  score=0.7362 acc=0.7753 dice=0.6449 tau*=0.350  (51.3s)
[tf_efficientnetv2_s] fold2 ep09  loss=0.0184  score=0.7308 acc=0.7753 dice=0.6270 tau*=0.155  (50.4s)
[tf_efficientnetv2_s] fold2 ep10  loss=0.0222  score=0.7389 acc=0.7753 dice=0.6539 tau*=0.495  (49.6s)
[tf_efficientnetv2_s] fold2 ep11  loss=0.0355  score=0.7290 acc=0.7640 dice=0.6472 tau*=0.385  (50.4s)
[tf_efficientnetv2_s] fold2 ep12  loss=0.0393  score=0.7330 acc=0.7640 dice=0.6607 tau*=0.675  (52.1s)
[tf_efficientnetv2_s] fold2 ep13  loss=0.0595  score=0.7375 acc=0.7753 dice=0.6494 tau*=0.170  (50.0s)
[tf_efficientnetv2_s] fold2 ep14  loss=0.0186  score=0.7447 acc=0.7865 dice=0.6472 tau*=0.700  (52.3s)
[tf_efficientnetv2_s] fold2 ep15  loss=0.0130  score=0.7474 acc=0.7865 dice=0.6562 tau*=0.430  (50.6s)
[tf_efficientnetv2_s] fold2 ep16  loss=0.0072  score=0.7573 acc=0.7978 dice=0.6629 tau*=0.215  (50.5s)
[tf_efficientnetv2_s] fold2 ep17  loss=0.0068  score=0.7573 acc=0.7978 dice=0.6629 tau*=0.260  (48.9s)
[tf_efficientnetv2_s] fold2 ep18  loss=0.0031  score=0.7573 acc=0.7978 dice=0.6629 tau*=0.125  (50.2s)
[tf_efficientnetv2_s] fold2 ep19  loss=0.0030  score=0.7573 acc=0.7978 dice=0.6629 tau*=0.190  (50.4s)
[tf_efficientnetv2_s] fold2 ep20  loss=0.0049  score=0.7672 acc=0.8090 dice=0.6697 tau*=0.115  (51.2s)
[tf_efficientnetv2_s] fold2 ep21  loss=0.0044  score=0.7573 acc=0.7978 dice=0.6629 tau*=0.245  (47.5s)
[tf_efficientnetv2_s] fold2 ep22  loss=0.0030  score=0.7573 acc=0.7978 dice=0.6629 tau*=0.220  (48.0s)
[tf_efficientnetv2_s] fold2 ep23  loss=0.0034  score=0.7573 acc=0.7978 dice=0.6629 tau*=0.280  (48.6s)
[tf_efficientnetv2_s] fold2 ep24  loss=0.0021  score=0.7573 acc=0.7978 dice=0.6629 tau*=0.280  (49.5s)
[tf_efficientnetv2_s] fold2 BEST: {'score': 0.7982022471910111, 'tau': 0.4149999999999999, 'acc': 0.8426966292134831, 'dice': 0.69438202247191, 'epoch': 2}  -> /workspace/Code/runs/tf_efficientnetv2_s/fold2_best.pt
[tf_efficientnetv2_s] fold 3: 20.2M params, train=356 val=88 pos_weight=1.253
[tf_efficientnetv2_s] fold3 ep00  loss=0.6702  score=0.7018 acc=0.7386 dice=0.6159 tau*=0.390  (47.1s)
[tf_efficientnetv2_s] fold3 ep01  loss=0.2882  score=0.6800 acc=0.7045 dice=0.6227 tau*=0.940  (48.5s)
[tf_efficientnetv2_s] fold3 ep02  loss=0.1906  score=0.7327 acc=0.7614 dice=0.6659 tau*=0.865  (46.6s)
[tf_efficientnetv2_s] fold3 ep03  loss=0.1285  score=0.7900 acc=0.8295 dice=0.6977 tau*=0.805  (48.7s)
[tf_efficientnetv2_s] fold3 ep04  loss=0.1651  score=0.7527 acc=0.7841 dice=0.6795 tau*=0.920  (48.2s)
[tf_efficientnetv2_s] fold3 ep05  loss=0.0802  score=0.7091 acc=0.7500 dice=0.6136 tau*=0.905  (47.7s)
[tf_efficientnetv2_s] fold3 ep06  loss=0.1016  score=0.7914 acc=0.8295 dice=0.7023 tau*=0.900  (46.2s)
[tf_efficientnetv2_s] fold3 ep07  loss=0.0688  score=0.7486 acc=0.7841 dice=0.6659 tau*=0.795  (47.9s)
[tf_efficientnetv2_s] fold3 ep08  loss=0.0429  score=0.7191 acc=0.7614 dice=0.6205 tau*=0.350  (47.2s)
[tf_efficientnetv2_s] fold3 ep09  loss=0.0182  score=0.7545 acc=0.7955 dice=0.6591 tau*=0.890  (48.1s)
[tf_efficientnetv2_s] fold3 ep10  loss=0.0070  score=0.7686 acc=0.8068 dice=0.6795 tau*=0.855  (51.5s)
[tf_efficientnetv2_s] fold3 ep11  loss=0.0056  score=0.7773 acc=0.8182 dice=0.6818 tau*=0.845  (51.2s)
[tf_efficientnetv2_s] fold3 ep12  loss=0.0047  score=0.7673 acc=0.8068 dice=0.6750 tau*=0.865  (45.6s)
[tf_efficientnetv2_s] fold3 ep13  loss=0.0030  score=0.7486 acc=0.7841 dice=0.6659 tau*=0.845  (47.9s)
[tf_efficientnetv2_s] fold3 ep14  loss=0.0040  score=0.7859 acc=0.8295 dice=0.6841 tau*=0.440  (47.9s)
[tf_efficientnetv2_s] fold3 ep15  loss=0.0027  score=0.7959 acc=0.8409 dice=0.6909 tau*=0.355  (51.0s)
[tf_efficientnetv2_s] fold3 ep16  loss=0.0088  score=0.7800 acc=0.8182 dice=0.6909 tau*=0.945  (47.9s)
[tf_efficientnetv2_s] fold3 ep17  loss=0.0023  score=0.7618 acc=0.8068 dice=0.6568 tau*=0.835  (50.1s)
[tf_efficientnetv2_s] fold3 ep18  loss=0.0051  score=0.7845 acc=0.8295 dice=0.6795 tau*=0.720  (50.8s)
[tf_efficientnetv2_s] fold3 ep19  loss=0.0040  score=0.7986 acc=0.8409 dice=0.7000 tau*=0.730  (46.7s)
[tf_efficientnetv2_s] fold3 ep20  loss=0.0019  score=0.7945 acc=0.8409 dice=0.6864 tau*=0.605  (47.4s)
[tf_efficientnetv2_s] fold3 ep21  loss=0.0027  score=0.7886 acc=0.8295 dice=0.6932 tau*=0.800  (49.7s)
[tf_efficientnetv2_s] fold3 ep22  loss=0.0037  score=0.7859 acc=0.8295 dice=0.6841 tau*=0.775  (48.3s)
[tf_efficientnetv2_s] fold3 ep23  loss=0.0018  score=0.7945 acc=0.8409 dice=0.6864 tau*=0.405  (49.9s)
[tf_efficientnetv2_s] fold3 ep24  loss=0.0011  score=0.7959 acc=0.8409 dice=0.6909 tau*=0.535  (51.9s)
[tf_efficientnetv2_s] fold3 BEST: {'score': 0.7986363636363636, 'tau': 0.73, 'acc': 0.8409090909090909, 'dice': 0.7000000000000001, 'epoch': 19}  -> /workspace/Code/runs/tf_efficientnetv2_s/fold3_best.pt
[tf_efficientnetv2_s] fold 4: 20.2M params, train=355 val=89 pos_weight=1.247
[tf_efficientnetv2_s] fold4 ep00  loss=0.6831  score=0.7879 acc=0.8202 dice=0.7124 tau*=0.635  (44.0s)
[tf_efficientnetv2_s] fold4 ep01  loss=0.3131  score=0.7079 acc=0.7416 dice=0.6292 tau*=0.600  (47.9s)
[tf_efficientnetv2_s] fold4 ep02  loss=0.2001  score=0.7263 acc=0.7640 dice=0.6382 tau*=0.750  (44.2s)
[tf_efficientnetv2_s] fold4 ep03  loss=0.1144  score=0.7236 acc=0.7640 dice=0.6292 tau*=0.845  (44.9s)
[tf_efficientnetv2_s] fold4 ep04  loss=0.1275  score=0.6728 acc=0.7079 dice=0.5910 tau*=0.875  (44.9s)
[tf_efficientnetv2_s] fold4 ep05  loss=0.1266  score=0.8049 acc=0.8427 dice=0.7169 tau*=0.625  (45.3s)
[tf_efficientnetv2_s] fold4 ep06  loss=0.0400  score=0.7753 acc=0.8090 dice=0.6966 tau*=0.870  (45.7s)
[tf_efficientnetv2_s] fold4 ep07  loss=0.0278  score=0.7996 acc=0.8427 dice=0.6989 tau*=0.145  (44.9s)
[tf_efficientnetv2_s] fold4 ep08  loss=0.0416  score=0.7555 acc=0.7865 dice=0.6831 tau*=0.780  (44.8s)
[tf_efficientnetv2_s] fold4 ep09  loss=0.0369  score=0.7533 acc=0.7978 dice=0.6494 tau*=0.855  (46.4s)
[tf_efficientnetv2_s] fold4 ep10  loss=0.0490  score=0.7555 acc=0.7865 dice=0.6831 tau*=0.780  (45.7s)
[tf_efficientnetv2_s] fold4 ep11  loss=0.0146  score=0.7533 acc=0.7978 dice=0.6494 tau*=0.540  (45.5s)
[tf_efficientnetv2_s] fold4 ep12  loss=0.0074  score=0.7461 acc=0.7865 dice=0.6517 tau*=0.665  (47.7s)
[tf_efficientnetv2_s] fold4 ep13  loss=0.0234  score=0.7308 acc=0.7753 dice=0.6270 tau*=0.790  (45.6s)
[tf_efficientnetv2_s] fold4 ep14  loss=0.0286  score=0.7739 acc=0.8090 dice=0.6921 tau*=0.915  (43.4s)
[tf_efficientnetv2_s] fold4 ep15  loss=0.0152  score=0.7604 acc=0.8090 dice=0.6472 tau*=0.305  (45.8s)
[tf_efficientnetv2_s] fold4 ep16  loss=0.0038  score=0.7843 acc=0.8315 dice=0.6742 tau*=0.100  (43.8s)
[tf_efficientnetv2_s] fold4 ep17  loss=0.0047  score=0.7757 acc=0.8202 dice=0.6719 tau*=0.115  (47.8s)
[tf_efficientnetv2_s] fold4 ep18  loss=0.0039  score=0.7843 acc=0.8315 dice=0.6742 tau*=0.120  (44.3s)
[tf_efficientnetv2_s] fold4 ep19  loss=0.0105  score=0.7883 acc=0.8315 dice=0.6876 tau*=0.180  (47.5s)
[tf_efficientnetv2_s] fold4 ep20  loss=0.0036  score=0.8081 acc=0.8539 dice=0.7011 tau*=0.220  (43.7s)
[tf_efficientnetv2_s] fold4 ep21  loss=0.0017  score=0.7969 acc=0.8427 dice=0.6899 tau*=0.220  (47.4s)
[tf_efficientnetv2_s] fold4 ep22  loss=0.0115  score=0.8081 acc=0.8539 dice=0.7011 tau*=0.140  (46.9s)
[tf_efficientnetv2_s] fold4 ep23  loss=0.0047  score=0.7870 acc=0.8315 dice=0.6831 tau*=0.195  (43.9s)
[tf_efficientnetv2_s] fold4 ep24  loss=0.0025  score=0.7982 acc=0.8427 dice=0.6944 tau*=0.265  (44.3s)
[tf_efficientnetv2_s] fold4 BEST: {'score': 0.8080898876404494, 'tau': 0.21999999999999997, 'acc': 0.8539325842696629, 'dice': 0.701123595505618, 'epoch': 20}  -> /workspace/Code/runs/tf_efficientnetv2_s/fold4_best.pt
[tf_efficientnetv2_s] CV mean score=0.8095 +/- 0.0170
