model=densenet201 device=cuda fold_arg=all
cavity  large  medium  none  small
fold                              
0          12      12    49     16
1          11      13    49     16
2          11      13    50     15
3          11      12    49     16
4          12      11    50     16
Warning: You are sending unauthenticated requests to the HF Hub. Please set a HF_TOKEN to enable higher rate limits and faster downloads.
[densenet201] fold 0: 18.1M params, train=355 val=89 pos_weight=1.261
[densenet201] fold0 ep00  loss=0.6704  score=0.7052 acc=0.7416 dice=0.6202 tau*=0.380  (47.7s)
[densenet201] fold0 ep01  loss=0.5047  score=0.7658 acc=0.8090 dice=0.6652 tau*=0.750  (47.0s)
[densenet201] fold0 ep02  loss=0.3557  score=0.8247 acc=0.8652 dice=0.7303 tau*=0.595  (47.9s)
[densenet201] fold0 ep03  loss=0.1829  score=0.8054 acc=0.8539 dice=0.6921 tau*=0.905  (47.9s)
[densenet201] fold0 ep04  loss=0.2420  score=0.7348 acc=0.7753 dice=0.6404 tau*=0.450  (49.5s)
[densenet201] fold0 ep05  loss=0.1820  score=0.7303 acc=0.7640 dice=0.6517 tau*=0.585  (47.2s)
[densenet201] fold0 ep06  loss=0.1568  score=0.7389 acc=0.7753 dice=0.6539 tau*=0.945  (50.3s)
[densenet201] fold0 ep07  loss=0.1194  score=0.7816 acc=0.8315 dice=0.6652 tau*=0.240  (48.9s)
[densenet201] fold0 ep08  loss=0.1691  score=0.8135 acc=0.8539 dice=0.7191 tau*=0.505  (54.1s)
[densenet201] fold0 ep09  loss=0.1568  score=0.8108 acc=0.8539 dice=0.7101 tau*=0.730  (48.3s)
[densenet201] fold0 ep10  loss=0.0458  score=0.7560 acc=0.7978 dice=0.6584 tau*=0.610  (47.6s)
[densenet201] fold0 ep11  loss=0.0818  score=0.7025 acc=0.7416 dice=0.6112 tau*=0.950  (47.3s)
[densenet201] fold0 ep12  loss=0.0301  score=0.7685 acc=0.8090 dice=0.6742 tau*=0.810  (49.5s)
[densenet201] fold0 ep13  loss=0.0626  score=0.7627 acc=0.7978 dice=0.6809 tau*=0.625  (48.9s)
[densenet201] fold0 ep14  loss=0.0185  score=0.7560 acc=0.7978 dice=0.6584 tau*=0.755  (49.8s)
[densenet201] fold0 ep15  loss=0.0254  score=0.7528 acc=0.7865 dice=0.6742 tau*=0.880  (49.4s)
[densenet201] fold0 ep16  loss=0.0151  score=0.7631 acc=0.8090 dice=0.6562 tau*=0.245  (47.5s)
[densenet201] fold0 ep17  loss=0.0093  score=0.7717 acc=0.8202 dice=0.6584 tau*=0.625  (47.6s)
[densenet201] fold0 ep18  loss=0.0090  score=0.7798 acc=0.8202 dice=0.6854 tau*=0.800  (49.8s)
[densenet201] fold0 ep19  loss=0.0066  score=0.7739 acc=0.8090 dice=0.6921 tau*=0.950  (48.3s)
[densenet201] fold0 ep20  loss=0.0094  score=0.7717 acc=0.8202 dice=0.6584 tau*=0.250  (48.8s)
[densenet201] fold0 ep21  loss=0.0030  score=0.7717 acc=0.8202 dice=0.6584 tau*=0.285  (48.3s)
[densenet201] fold0 ep22  loss=0.0043  score=0.7717 acc=0.8202 dice=0.6584 tau*=0.220  (50.0s)
[densenet201] fold0 ep23  loss=0.0036  score=0.7717 acc=0.8202 dice=0.6584 tau*=0.415  (48.0s)
[densenet201] fold0 ep24  loss=0.0067  score=0.7717 acc=0.8202 dice=0.6584 tau*=0.220  (49.4s)
[densenet201] fold0 BEST: {'score': 0.8247191011235955, 'tau': 0.595, 'acc': 0.8651685393258427, 'dice': 0.7303370786516854, 'epoch': 2}  -> /workspace/Code/runs/densenet201/fold0_best.pt
[densenet201] fold 1: 18.1M params, train=355 val=89 pos_weight=1.261
[densenet201] fold1 ep00  loss=0.7454  score=0.7047 acc=0.7303 dice=0.6449 tau*=0.830  (45.4s)
[densenet201] fold1 ep01  loss=0.4953  score=0.7897 acc=0.8315 dice=0.6921 tau*=0.410  (44.6s)
[densenet201] fold1 ep02  loss=0.3181  score=0.7407 acc=0.7865 dice=0.6337 tau*=0.610  (44.9s)
[densenet201] fold1 ep03  loss=0.2862  score=0.7924 acc=0.8315 dice=0.7011 tau*=0.685  (47.6s)
[densenet201] fold1 ep04  loss=0.2006  score=0.7263 acc=0.7640 dice=0.6382 tau*=0.520  (45.2s)
[densenet201] fold1 ep05  loss=0.1519  score=0.7587 acc=0.7978 dice=0.6674 tau*=0.575  (43.3s)
[densenet201] fold1 ep06  loss=0.1722  score=0.7335 acc=0.7753 dice=0.6360 tau*=0.710  (44.9s)
[densenet201] fold1 ep07  loss=0.1085  score=0.7303 acc=0.7640 dice=0.6517 tau*=0.825  (45.7s)
[densenet201] fold1 ep08  loss=0.1209  score=0.7969 acc=0.8427 dice=0.6899 tau*=0.280  (44.0s)
[densenet201] fold1 ep09  loss=0.0686  score=0.7798 acc=0.8202 dice=0.6854 tau*=0.345  (45.0s)
[densenet201] fold1 ep10  loss=0.0422  score=0.7712 acc=0.8090 dice=0.6831 tau*=0.725  (44.0s)
[densenet201] fold1 ep11  loss=0.0277  score=0.7753 acc=0.8090 dice=0.6966 tau*=0.845  (47.9s)
[densenet201] fold1 ep12  loss=0.0369  score=0.7924 acc=0.8315 dice=0.7011 tau*=0.715  (45.7s)
[densenet201] fold1 ep13  loss=0.0179  score=0.7784 acc=0.8202 dice=0.6809 tau*=0.775  (46.8s)
[densenet201] fold1 ep14  loss=0.0306  score=0.7811 acc=0.8202 dice=0.6899 tau*=0.605  (48.0s)
[densenet201] fold1 ep15  loss=0.0256  score=0.7897 acc=0.8315 dice=0.6921 tau*=0.480  (46.5s)
[densenet201] fold1 ep16  loss=0.0106  score=0.7712 acc=0.8090 dice=0.6831 tau*=0.660  (46.7s)
[densenet201] fold1 ep17  loss=0.0078  score=0.7712 acc=0.8090 dice=0.6831 tau*=0.495  (48.3s)
[densenet201] fold1 ep18  loss=0.0045  score=0.7712 acc=0.8090 dice=0.6831 tau*=0.455  (47.0s)
[densenet201] fold1 ep19  loss=0.0088  score=0.7699 acc=0.8090 dice=0.6787 tau*=0.505  (48.2s)
[densenet201] fold1 ep20  loss=0.0111  score=0.7811 acc=0.8202 dice=0.6899 tau*=0.620  (45.9s)
[densenet201] fold1 ep21  loss=0.0027  score=0.7811 acc=0.8202 dice=0.6899 tau*=0.365  (44.4s)
[densenet201] fold1 ep22  loss=0.0053  score=0.7811 acc=0.8202 dice=0.6899 tau*=0.340  (44.9s)
[densenet201] fold1 ep23  loss=0.0046  score=0.7784 acc=0.8202 dice=0.6809 tau*=0.135  (45.1s)
[densenet201] fold1 ep24  loss=0.0066  score=0.7784 acc=0.8202 dice=0.6809 tau*=0.095  (44.0s)
[densenet201] fold1 BEST: {'score': 0.7968539325842696, 'tau': 0.27999999999999997, 'acc': 0.8426966292134831, 'dice': 0.6898876404494383, 'epoch': 8}  -> /workspace/Code/runs/densenet201/fold1_best.pt
[densenet201] fold 2: 18.1M params, train=355 val=89 pos_weight=1.247
[densenet201] fold2 ep00  loss=0.6650  score=0.6688 acc=0.7079 dice=0.5775 tau*=0.450  (50.2s)
[densenet201] fold2 ep01  loss=0.4398  score=0.7047 acc=0.7303 dice=0.6449 tau*=0.790  (50.7s)
[densenet201] fold2 ep02  loss=0.3194  score=0.7654 acc=0.7978 dice=0.6899 tau*=0.795  (51.2s)
[densenet201] fold2 ep03  loss=0.2945  score=0.7730 acc=0.8202 dice=0.6629 tau*=0.170  (48.4s)
[densenet201] fold2 ep04  loss=0.1921  score=0.7204 acc=0.7528 dice=0.6449 tau*=0.365  (51.4s)
[densenet201] fold2 ep05  loss=0.1534  score=0.7546 acc=0.7978 dice=0.6539 tau*=0.265  (46.8s)
[densenet201] fold2 ep06  loss=0.1363  score=0.7613 acc=0.7978 dice=0.6764 tau*=0.335  (51.0s)
[densenet201] fold2 ep07  loss=0.1087  score=0.7447 acc=0.7865 dice=0.6472 tau*=0.375  (49.5s)
[densenet201] fold2 ep08  loss=0.1049  score=0.7128 acc=0.7640 dice=0.5933 tau*=0.260  (49.6s)
[densenet201] fold2 ep09  loss=0.1230  score=0.7389 acc=0.7753 dice=0.6539 tau*=0.330  (48.4s)
[densenet201] fold2 ep10  loss=0.0540  score=0.7290 acc=0.7640 dice=0.6472 tau*=0.500  (51.9s)
[densenet201] fold2 ep11  loss=0.0762  score=0.7276 acc=0.7640 dice=0.6427 tau*=0.890  (47.7s)
[densenet201] fold2 ep12  loss=0.0510  score=0.7047 acc=0.7303 dice=0.6449 tau*=0.675  (46.9s)
[densenet201] fold2 ep13  loss=0.0772  score=0.7699 acc=0.8090 dice=0.6787 tau*=0.365  (49.3s)
[densenet201] fold2 ep14  loss=0.0384  score=0.7366 acc=0.7865 dice=0.6202 tau*=0.080  (47.4s)
[densenet201] fold2 ep15  loss=0.0311  score=0.7784 acc=0.8202 dice=0.6809 tau*=0.380  (50.5s)
[densenet201] fold2 ep16  loss=0.0176  score=0.7658 acc=0.8090 dice=0.6652 tau*=0.240  (50.3s)
[densenet201] fold2 ep17  loss=0.0052  score=0.7699 acc=0.8090 dice=0.6787 tau*=0.530  (50.3s)
[densenet201] fold2 ep18  loss=0.0036  score=0.7712 acc=0.8090 dice=0.6831 tau*=0.510  (47.4s)
[densenet201] fold2 ep19  loss=0.0188  score=0.7699 acc=0.8090 dice=0.6787 tau*=0.430  (47.1s)
[densenet201] fold2 ep20  loss=0.0086  score=0.7699 acc=0.8090 dice=0.6787 tau*=0.660  (47.3s)
[densenet201] fold2 ep21  loss=0.0030  score=0.7672 acc=0.8090 dice=0.6697 tau*=0.400  (49.4s)
[densenet201] fold2 ep22  loss=0.0030  score=0.7685 acc=0.8090 dice=0.6742 tau*=0.400  (48.2s)
[densenet201] fold2 ep23  loss=0.0273  score=0.7798 acc=0.8202 dice=0.6854 tau*=0.600  (48.5s)
[densenet201] fold2 ep24  loss=0.0021  score=0.7798 acc=0.8202 dice=0.6854 tau*=0.425  (47.0s)
[densenet201] fold2 BEST: {'score': 0.7797752808988764, 'tau': 0.6, 'acc': 0.8202247191011236, 'dice': 0.6853932584269663, 'epoch': 23}  -> /workspace/Code/runs/densenet201/fold2_best.pt
[densenet201] fold 3: 18.1M params, train=356 val=88 pos_weight=1.253
[densenet201] fold3 ep00  loss=0.6872  score=0.7614 acc=0.7955 dice=0.6818 tau*=0.600  (50.5s)
[densenet201] fold3 ep01  loss=0.3616  score=0.7527 acc=0.7841 dice=0.6795 tau*=0.885  (47.7s)
[densenet201] fold3 ep02  loss=0.2879  score=0.7673 acc=0.8068 dice=0.6750 tau*=0.940  (47.1s)
[densenet201] fold3 ep03  loss=0.2200  score=0.7586 acc=0.7955 dice=0.6727 tau*=0.940  (49.7s)
[densenet201] fold3 ep04  loss=0.1532  score=0.7391 acc=0.7841 dice=0.6341 tau*=0.320  (48.0s)
[densenet201] fold3 ep05  loss=0.1875  score=0.7364 acc=0.7841 dice=0.6250 tau*=0.635  (47.7s)
[densenet201] fold3 ep06  loss=0.1192  score=0.7036 acc=0.7500 dice=0.5955 tau*=0.950  (50.8s)
[densenet201] fold3 ep07  loss=0.1681  score=0.7586 acc=0.7955 dice=0.6727 tau*=0.915  (50.5s)
[densenet201] fold3 ep08  loss=0.1117  score=0.7732 acc=0.8182 dice=0.6682 tau*=0.695  (47.7s)
[densenet201] fold3 ep09  loss=0.0754  score=0.7064 acc=0.7500 dice=0.6045 tau*=0.065  (50.6s)
[densenet201] fold3 ep10  loss=0.0645  score=0.7418 acc=0.7841 dice=0.6432 tau*=0.185  (46.4s)
[densenet201] fold3 ep11  loss=0.0237  score=0.7605 acc=0.8068 dice=0.6523 tau*=0.730  (49.9s)
[densenet201] fold3 ep12  loss=0.0527  score=0.7605 acc=0.8068 dice=0.6523 tau*=0.875  (48.4s)
[densenet201] fold3 ep13  loss=0.0445  score=0.7345 acc=0.7727 dice=0.6455 tau*=0.950  (48.2s)
[densenet201] fold3 ep14  loss=0.0321  score=0.7618 acc=0.8068 dice=0.6568 tau*=0.885  (47.2s)
[densenet201] fold3 ep15  loss=0.0105  score=0.7605 acc=0.8068 dice=0.6523 tau*=0.080  (48.0s)
[densenet201] fold3 ep16  loss=0.0323  score=0.7577 acc=0.8068 dice=0.6432 tau*=0.080  (47.4s)
[densenet201] fold3 ep17  loss=0.0495  score=0.7745 acc=0.8182 dice=0.6727 tau*=0.740  (48.0s)
[densenet201] fold3 ep18  loss=0.0043  score=0.7759 acc=0.8182 dice=0.6773 tau*=0.635  (49.1s)
[densenet201] fold3 ep19  loss=0.0146  score=0.7545 acc=0.7955 dice=0.6591 tau*=0.775  (46.9s)
[densenet201] fold3 ep20  loss=0.0051  score=0.7591 acc=0.8068 dice=0.6477 tau*=0.195  (47.8s)
[densenet201] fold3 ep21  loss=0.0058  score=0.7618 acc=0.8068 dice=0.6568 tau*=0.355  (46.0s)
[densenet201] fold3 ep22  loss=0.0050  score=0.7618 acc=0.8068 dice=0.6568 tau*=0.390  (50.2s)
[densenet201] fold3 ep23  loss=0.0107  score=0.7618 acc=0.8068 dice=0.6568 tau*=0.505  (47.2s)
[densenet201] fold3 ep24  loss=0.0045  score=0.7618 acc=0.8068 dice=0.6568 tau*=0.545  (48.0s)
[densenet201] fold3 BEST: {'score': 0.7759090909090909, 'tau': 0.635, 'acc': 0.8181818181818182, 'dice': 0.6772727272727272, 'epoch': 18}  -> /workspace/Code/runs/densenet201/fold3_best.pt
[densenet201] fold 4: 18.1M params, train=355 val=89 pos_weight=1.247
[densenet201] fold4 ep00  loss=0.7158  score=0.6903 acc=0.7079 dice=0.6494 tau*=0.645  (43.0s)
[densenet201] fold4 ep01  loss=0.4618  score=0.7218 acc=0.7528 dice=0.6494 tau*=0.880  (43.8s)
[densenet201] fold4 ep02  loss=0.4096  score=0.7685 acc=0.8090 dice=0.6742 tau*=0.575  (43.5s)
[densenet201] fold4 ep03  loss=0.2521  score=0.7533 acc=0.7978 dice=0.6494 tau*=0.940  (47.5s)
[densenet201] fold4 ep04  loss=0.1577  score=0.7124 acc=0.7528 dice=0.6180 tau*=0.515  (46.1s)
[densenet201] fold4 ep05  loss=0.1624  score=0.7348 acc=0.7753 dice=0.6404 tau*=0.820  (45.0s)
[densenet201] fold4 ep06  loss=0.1575  score=0.6944 acc=0.7416 dice=0.5843 tau*=0.950  (45.4s)
[densenet201] fold4 ep07  loss=0.1306  score=0.7007 acc=0.7303 dice=0.6315 tau*=0.945  (47.0s)
[densenet201] fold4 ep08  loss=0.0747  score=0.7447 acc=0.7865 dice=0.6472 tau*=0.590  (45.9s)
[densenet201] fold4 ep09  loss=0.1079  score=0.7501 acc=0.7865 dice=0.6652 tau*=0.945  (46.5s)
[densenet201] fold4 ep10  loss=0.0699  score=0.7474 acc=0.7865 dice=0.6562 tau*=0.825  (44.2s)
[densenet201] fold4 ep11  loss=0.0599  score=0.7654 acc=0.7978 dice=0.6899 tau*=0.900  (48.9s)
[densenet201] fold4 ep12  loss=0.0420  score=0.7870 acc=0.8315 dice=0.6831 tau*=0.365  (45.3s)
[densenet201] fold4 ep13  loss=0.0278  score=0.7672 acc=0.8090 dice=0.6697 tau*=0.560  (44.4s)
[densenet201] fold4 ep14  loss=0.0146  score=0.7699 acc=0.8090 dice=0.6787 tau*=0.905  (47.9s)
[densenet201] fold4 ep15  loss=0.0089  score=0.8148 acc=0.8539 dice=0.7236 tau*=0.880  (45.7s)
[densenet201] fold4 ep16  loss=0.0127  score=0.8036 acc=0.8427 dice=0.7124 tau*=0.855  (44.9s)
[densenet201] fold4 ep17  loss=0.0166  score=0.7587 acc=0.7978 dice=0.6674 tau*=0.910  (48.1s)
[densenet201] fold4 ep18  loss=0.0073  score=0.7825 acc=0.8202 dice=0.6944 tau*=0.940  (46.2s)
[densenet201] fold4 ep19  loss=0.0034  score=0.7798 acc=0.8202 dice=0.6854 tau*=0.920  (45.4s)
[densenet201] fold4 ep20  loss=0.0159  score=0.7883 acc=0.8315 dice=0.6876 tau*=0.890  (44.3s)
[densenet201] fold4 ep21  loss=0.0043  score=0.8009 acc=0.8427 dice=0.7034 tau*=0.910  (44.7s)
[densenet201] fold4 ep22  loss=0.0018  score=0.8108 acc=0.8539 dice=0.7101 tau*=0.880  (47.3s)
[densenet201] fold4 ep23  loss=0.0071  score=0.8009 acc=0.8427 dice=0.7034 tau*=0.865  (45.8s)
[densenet201] fold4 ep24  loss=0.0091  score=0.8009 acc=0.8427 dice=0.7034 tau*=0.890  (43.4s)
[densenet201] fold4 BEST: {'score': 0.8148314606741573, 'tau': 0.8799999999999999, 'acc': 0.8539325842696629, 'dice': 0.7235955056179776, 'epoch': 15}  -> /workspace/Code/runs/densenet201/fold4_best.pt
[densenet201] CV mean score=0.7984 +/- 0.0213
