OrdFused encoder=tf_efficientnetv2_s tabular=False device=cuda tab_dim=5 fold_arg=all
cavity  large  medium  none  small
fold                              
0          12      12    49     16
1          11      13    49     16
2          11      13    50     15
3          11      12    49     16
4          12      11    50     16
Warning: You are sending unauthenticated requests to the HF Hub. Please set a HF_TOKEN to enable higher rate limits and faster downloads.
[ordfused/tf_efficientnetv2_s] fold 0 attempt 0: 20.2M params, train=355 val=89 tabular=False pos_weight=1.261 lr=3.0e-04 enc_mult=0.3 warmup=3
[ordfused/tf_efficientnetv2_s] fold0 ep00  loss=0.7634  score=0.6063 acc=0.6292 dice=0.5528 tau*=0.650 g=0.000  (45.1s)
[ordfused/tf_efficientnetv2_s] fold0 ep01  loss=0.6566  score=0.6409 acc=0.6854 dice=0.5371 tau*=0.415 g=0.000  (45.2s)
/opt/conda/lib/python3.11/site-packages/torch/optim/lr_scheduler.py:240: UserWarning: The epoch parameter in `scheduler.step()` was not necessary and is being deprecated where possible. Please use `scheduler.step()` to step the scheduler. During the deprecation, if epoch is different from None, the closed form is used instead of the new chainable form, where available. Please open an issue if you are unable to replicate your use case: https://github.com/pytorch/pytorch/issues/new/choose.
  warnings.warn(EPOCH_DEPRECATION_WARNING, UserWarning)
[ordfused/tf_efficientnetv2_s] fold0 ep02  loss=0.4923  score=0.6957 acc=0.7416 dice=0.5888 tau*=0.430 g=0.000  (46.7s)
[ordfused/tf_efficientnetv2_s] fold0 ep03  loss=0.3159  score=0.7254 acc=0.7753 dice=0.6090 tau*=0.415 g=0.000  (45.9s)
[ordfused/tf_efficientnetv2_s] fold0 ep04  loss=0.1982  score=0.7402 acc=0.7753 dice=0.6584 tau*=0.615 g=0.000  (43.7s)
[ordfused/tf_efficientnetv2_s] fold0 ep05  loss=0.1066  score=0.7362 acc=0.7753 dice=0.6449 tau*=0.540 g=0.000  (45.9s)
[ordfused/tf_efficientnetv2_s] fold0 ep06  loss=0.0634  score=0.7645 acc=0.8090 dice=0.6607 tau*=0.335 g=0.000  (45.8s)
[ordfused/tf_efficientnetv2_s] fold0 ep07  loss=0.0460  score=0.7434 acc=0.7865 dice=0.6427 tau*=0.480 g=0.000  (45.2s)
[ordfused/tf_efficientnetv2_s] fold0 ep08  loss=0.0406  score=0.7474 acc=0.7865 dice=0.6562 tau*=0.770 g=0.000  (44.7s)
[ordfused/tf_efficientnetv2_s] fold0 ep09  loss=0.0178  score=0.7407 acc=0.7865 dice=0.6337 tau*=0.315 g=0.000  (46.7s)
[ordfused/tf_efficientnetv2_s] fold0 ep10  loss=0.0202  score=0.7294 acc=0.7753 dice=0.6225 tau*=0.425 g=0.000  (48.4s)
[ordfused/tf_efficientnetv2_s] fold0 ep11  loss=0.0159  score=0.7519 acc=0.7978 dice=0.6449 tau*=0.330 g=0.000  (46.2s)
[ordfused/tf_efficientnetv2_s] fold0 ep12  loss=0.0058  score=0.7604 acc=0.8090 dice=0.6472 tau*=0.325 g=0.000  (46.6s)
[ordfused/tf_efficientnetv2_s] fold0 ep13  loss=0.0048  score=0.7281 acc=0.7753 dice=0.6180 tau*=0.285 g=0.000  (47.8s)
[ordfused/tf_efficientnetv2_s] fold0 ep14  loss=0.0105  score=0.7515 acc=0.7865 dice=0.6697 tau*=0.680 g=0.000  (48.3s)
[ordfused/tf_efficientnetv2_s] fold0 ep15  loss=0.0083  score=0.7389 acc=0.7753 dice=0.6539 tau*=0.730 g=0.000  (43.9s)
[ordfused/tf_efficientnetv2_s] fold0 ep16  loss=0.0079  score=0.7375 acc=0.7753 dice=0.6494 tau*=0.700 g=0.000  (45.6s)
[ordfused/tf_efficientnetv2_s] fold0 ep17  loss=0.0061  score=0.7533 acc=0.7978 dice=0.6494 tau*=0.195 g=0.000  (44.8s)
[ordfused/tf_efficientnetv2_s] fold0 ep18  loss=0.0089  score=0.7416 acc=0.7753 dice=0.6629 tau*=0.755 g=0.000  (45.5s)
[ordfused/tf_efficientnetv2_s] fold0 ep19  loss=0.0048  score=0.7456 acc=0.7753 dice=0.6764 tau*=0.910 g=0.000  (47.6s)
[ordfused/tf_efficientnetv2_s] fold0 ep20  loss=0.0017  score=0.7470 acc=0.7753 dice=0.6809 tau*=0.920 g=0.000  (49.1s)
[ordfused/tf_efficientnetv2_s] fold0 ep21  loss=0.0021  score=0.7443 acc=0.7753 dice=0.6719 tau*=0.930 g=0.000  (49.6s)
[ordfused/tf_efficientnetv2_s] fold0 ep22  loss=0.0042  score=0.7569 acc=0.7865 dice=0.6876 tau*=0.885 g=0.000  (43.8s)
[ordfused/tf_efficientnetv2_s] fold0 ep23  loss=0.0021  score=0.7667 acc=0.7978 dice=0.6944 tau*=0.945 g=0.000  (44.8s)
[ordfused/tf_efficientnetv2_s] fold0 ep24  loss=0.0020  score=0.7631 acc=0.8090 dice=0.6562 tau*=0.535 g=0.000  (45.4s)
[ordfused/tf_efficientnetv2_s] fold0 ep25  loss=0.0032  score=0.7667 acc=0.7978 dice=0.6944 tau*=0.950 g=0.000  (45.1s)
[ordfused/tf_efficientnetv2_s] fold0 ep26  loss=0.0059  score=0.7569 acc=0.7865 dice=0.6876 tau*=0.805 g=0.000  (46.5s)
[ordfused/tf_efficientnetv2_s] fold0 ep27  loss=0.0014  score=0.7667 acc=0.7978 dice=0.6944 tau*=0.925 g=0.000  (45.3s)
[ordfused/tf_efficientnetv2_s] fold0 ep28  loss=0.0039  score=0.7667 acc=0.7978 dice=0.6944 tau*=0.870 g=0.000  (44.5s)
[ordfused/tf_efficientnetv2_s] fold0 ep29  loss=0.0020  score=0.7546 acc=0.7978 dice=0.6539 tau*=0.500 g=0.000  (45.5s)
[ordfused/tf_efficientnetv2_s] fold0 BEST: {'score': 0.7667415730337077, 'tau': 0.945, 'acc': 0.797752808988764, 'dice': 0.69438202247191, 'gate_mean': 0.0, 'epoch': 23}  -> /workspace/Code/runs/ordfused_tf_efficientnetv2_s_notab/fold0_best.pt
[ordfused/tf_efficientnetv2_s] fold 1 attempt 0: 20.2M params, train=355 val=89 tabular=False pos_weight=1.261 lr=3.0e-04 enc_mult=0.3 warmup=3
[ordfused/tf_efficientnetv2_s] fold1 ep00  loss=0.7418  score=0.5802 acc=0.5843 dice=0.5708 tau*=0.755 g=0.000  (42.6s)
[ordfused/tf_efficientnetv2_s] fold1 ep01  loss=0.6712  score=0.6715 acc=0.7079 dice=0.5865 tau*=0.450 g=0.000  (44.1s)
/opt/conda/lib/python3.11/site-packages/torch/optim/lr_scheduler.py:240: UserWarning: The epoch parameter in `scheduler.step()` was not necessary and is being deprecated where possible. Please use `scheduler.step()` to step the scheduler. During the deprecation, if epoch is different from None, the closed form is used instead of the new chainable form, where available. Please open an issue if you are unable to replicate your use case: https://github.com/pytorch/pytorch/issues/new/choose.
  warnings.warn(EPOCH_DEPRECATION_WARNING, UserWarning)
[ordfused/tf_efficientnetv2_s] fold1 ep02  loss=0.4812  score=0.6980 acc=0.7303 dice=0.6225 tau*=0.510 g=0.000  (45.4s)
[ordfused/tf_efficientnetv2_s] fold1 ep03  loss=0.2977  score=0.7209 acc=0.7640 dice=0.6202 tau*=0.445 g=0.000  (43.8s)
[ordfused/tf_efficientnetv2_s] fold1 ep04  loss=0.1874  score=0.7416 acc=0.7753 dice=0.6629 tau*=0.485 g=0.000  (41.5s)
[ordfused/tf_efficientnetv2_s] fold1 ep05  loss=0.1150  score=0.7263 acc=0.7640 dice=0.6382 tau*=0.480 g=0.000  (42.6s)
[ordfused/tf_efficientnetv2_s] fold1 ep06  loss=0.0641  score=0.7303 acc=0.7640 dice=0.6517 tau*=0.660 g=0.000  (43.6s)
[ordfused/tf_efficientnetv2_s] fold1 ep07  loss=0.0324  score=0.7501 acc=0.7865 dice=0.6652 tau*=0.510 g=0.000  (42.3s)
[ordfused/tf_efficientnetv2_s] fold1 ep08  loss=0.0218  score=0.7501 acc=0.7865 dice=0.6652 tau*=0.430 g=0.000  (43.1s)
[ordfused/tf_efficientnetv2_s] fold1 ep09  loss=0.0188  score=0.7685 acc=0.8090 dice=0.6742 tau*=0.520 g=0.000  (40.7s)
[ordfused/tf_efficientnetv2_s] fold1 ep10  loss=0.0137  score=0.7429 acc=0.7753 dice=0.6674 tau*=0.630 g=0.000  (43.6s)
[ordfused/tf_efficientnetv2_s] fold1 ep11  loss=0.0114  score=0.7461 acc=0.7865 dice=0.6517 tau*=0.190 g=0.000  (43.4s)
[ordfused/tf_efficientnetv2_s] fold1 ep12  loss=0.0098  score=0.7811 acc=0.8202 dice=0.6899 tau*=0.310 g=0.000  (44.3s)
[ordfused/tf_efficientnetv2_s] fold1 ep13  loss=0.0114  score=0.7883 acc=0.8315 dice=0.6876 tau*=0.530 g=0.000  (46.3s)
[ordfused/tf_efficientnetv2_s] fold1 ep14  loss=0.0157  score=0.7798 acc=0.8202 dice=0.6854 tau*=0.295 g=0.000  (41.3s)
[ordfused/tf_efficientnetv2_s] fold1 ep15  loss=0.0033  score=0.7712 acc=0.8090 dice=0.6831 tau*=0.480 g=0.000  (46.5s)
[ordfused/tf_efficientnetv2_s] fold1 ep16  loss=0.0040  score=0.7699 acc=0.8090 dice=0.6787 tau*=0.385 g=0.000  (44.5s)
[ordfused/tf_efficientnetv2_s] fold1 ep17  loss=0.0061  score=0.7771 acc=0.8202 dice=0.6764 tau*=0.185 g=0.000  (47.0s)
[ordfused/tf_efficientnetv2_s] fold1 ep18  loss=0.0032  score=0.7672 acc=0.8090 dice=0.6697 tau*=0.305 g=0.000  (44.0s)
[ordfused/tf_efficientnetv2_s] fold1 ep19  loss=0.0023  score=0.7852 acc=0.8202 dice=0.7034 tau*=0.505 g=0.000  (45.0s)
[ordfused/tf_efficientnetv2_s] fold1 ep20  loss=0.0201  score=0.7852 acc=0.8202 dice=0.7034 tau*=0.420 g=0.000  (46.0s)
[ordfused/tf_efficientnetv2_s] fold1 ep21  loss=0.0010  score=0.7951 acc=0.8315 dice=0.7101 tau*=0.310 g=0.000  (46.1s)
[ordfused/tf_efficientnetv2_s] fold1 ep22  loss=0.0025  score=0.7811 acc=0.8202 dice=0.6899 tau*=0.315 g=0.000  (45.1s)
[ordfused/tf_efficientnetv2_s] fold1 ep23  loss=0.0015  score=0.7910 acc=0.8315 dice=0.6966 tau*=0.360 g=0.000  (46.1s)
[ordfused/tf_efficientnetv2_s] fold1 ep24  loss=0.0025  score=0.7937 acc=0.8315 dice=0.7056 tau*=0.370 g=0.000  (44.2s)
[ordfused/tf_efficientnetv2_s] fold1 ep25  loss=0.0014  score=0.7838 acc=0.8202 dice=0.6989 tau*=0.545 g=0.000  (44.7s)
[ordfused/tf_efficientnetv2_s] fold1 ep26  loss=0.0046  score=0.7753 acc=0.8090 dice=0.6966 tau*=0.495 g=0.000  (44.4s)
[ordfused/tf_efficientnetv2_s] fold1 ep27  loss=0.0013  score=0.7825 acc=0.8202 dice=0.6944 tau*=0.485 g=0.000  (45.7s)
[ordfused/tf_efficientnetv2_s] fold1 ep28  loss=0.0020  score=0.7910 acc=0.8315 dice=0.6966 tau*=0.290 g=0.000  (43.6s)
[ordfused/tf_efficientnetv2_s] fold1 ep29  loss=0.0010  score=0.7811 acc=0.8202 dice=0.6899 tau*=0.410 g=0.000  (46.6s)
[ordfused/tf_efficientnetv2_s] fold1 BEST: {'score': 0.7950561797752809, 'tau': 0.30999999999999994, 'acc': 0.8314606741573034, 'dice': 0.7101123595505618, 'gate_mean': 0.0, 'epoch': 21}  -> /workspace/Code/runs/ordfused_tf_efficientnetv2_s_notab/fold1_best.pt
[ordfused/tf_efficientnetv2_s] fold 2 attempt 0: 20.2M params, train=355 val=89 tabular=False pos_weight=1.247 lr=3.0e-04 enc_mult=0.3 warmup=3
[ordfused/tf_efficientnetv2_s] fold2 ep00  loss=0.7756  score=0.5717 acc=0.5730 dice=0.5685 tau*=0.740 g=0.000  (46.0s)
[ordfused/tf_efficientnetv2_s] fold2 ep01  loss=0.6369  score=0.6072 acc=0.6180 dice=0.5820 tau*=0.655 g=0.000  (48.0s)
/opt/conda/lib/python3.11/site-packages/torch/optim/lr_scheduler.py:240: UserWarning: The epoch parameter in `scheduler.step()` was not necessary and is being deprecated where possible. Please use `scheduler.step()` to step the scheduler. During the deprecation, if epoch is different from None, the closed form is used instead of the new chainable form, where available. Please open an issue if you are unable to replicate your use case: https://github.com/pytorch/pytorch/issues/new/choose.
  warnings.warn(EPOCH_DEPRECATION_WARNING, UserWarning)
[ordfused/tf_efficientnetv2_s] fold2 ep02  loss=0.4733  score=0.6229 acc=0.6404 dice=0.5820 tau*=0.645 g=0.000  (45.6s)
[ordfused/tf_efficientnetv2_s] fold2 ep03  loss=0.2989  score=0.6836 acc=0.7079 dice=0.6270 tau*=0.715 g=0.000  (46.0s)
[ordfused/tf_efficientnetv2_s] fold2 ep04  loss=0.1761  score=0.7218 acc=0.7528 dice=0.6494 tau*=0.590 g=0.000  (45.2s)
[ordfused/tf_efficientnetv2_s] fold2 ep05  loss=0.1071  score=0.7034 acc=0.7303 dice=0.6404 tau*=0.735 g=0.000  (47.3s)
[ordfused/tf_efficientnetv2_s] fold2 ep06  loss=0.0755  score=0.7375 acc=0.7753 dice=0.6494 tau*=0.350 g=0.000  (44.6s)
[ordfused/tf_efficientnetv2_s] fold2 ep07  loss=0.0393  score=0.7196 acc=0.7640 dice=0.6157 tau*=0.270 g=0.000  (47.8s)
[ordfused/tf_efficientnetv2_s] fold2 ep08  loss=0.0301  score=0.7317 acc=0.7640 dice=0.6562 tau*=0.765 g=0.000  (46.9s)
[ordfused/tf_efficientnetv2_s] fold2 ep09  loss=0.0350  score=0.7348 acc=0.7753 dice=0.6404 tau*=0.155 g=0.000  (45.9s)
[ordfused/tf_efficientnetv2_s] fold2 ep10  loss=0.0125  score=0.7204 acc=0.7528 dice=0.6449 tau*=0.665 g=0.000  (49.2s)
[ordfused/tf_efficientnetv2_s] fold2 ep11  loss=0.0093  score=0.7375 acc=0.7753 dice=0.6494 tau*=0.290 g=0.000  (47.4s)
[ordfused/tf_efficientnetv2_s] fold2 ep12  loss=0.0064  score=0.7321 acc=0.7753 dice=0.6315 tau*=0.085 g=0.000  (46.8s)
[ordfused/tf_efficientnetv2_s] fold2 ep13  loss=0.0040  score=0.7348 acc=0.7753 dice=0.6404 tau*=0.055 g=0.000  (49.8s)
[ordfused/tf_efficientnetv2_s] fold2 ep14  loss=0.0145  score=0.7263 acc=0.7640 dice=0.6382 tau*=0.065 g=0.000  (47.5s)
[ordfused/tf_efficientnetv2_s] fold2 ep15  loss=0.0094  score=0.7317 acc=0.7640 dice=0.6562 tau*=0.340 g=0.000  (48.8s)
[ordfused/tf_efficientnetv2_s] fold2 ep16  loss=0.0057  score=0.7106 acc=0.7416 dice=0.6382 tau*=0.770 g=0.000  (46.9s)
[ordfused/tf_efficientnetv2_s] fold2 ep17  loss=0.0089  score=0.7335 acc=0.7753 dice=0.6360 tau*=0.050 g=0.000  (46.5s)
[ordfused/tf_efficientnetv2_s] fold2 ep18  loss=0.0034  score=0.7402 acc=0.7753 dice=0.6584 tau*=0.535 g=0.000  (45.7s)
[ordfused/tf_efficientnetv2_s] fold2 ep19  loss=0.0015  score=0.7402 acc=0.7753 dice=0.6584 tau*=0.490 g=0.000  (44.1s)
[ordfused/tf_efficientnetv2_s] fold2 ep20  loss=0.0025  score=0.7402 acc=0.7753 dice=0.6584 tau*=0.375 g=0.000  (46.5s)
[ordfused/tf_efficientnetv2_s] fold2 ep21  loss=0.0012  score=0.7402 acc=0.7753 dice=0.6584 tau*=0.370 g=0.000  (47.9s)
[ordfused/tf_efficientnetv2_s] fold2 ep22  loss=0.0011  score=0.7402 acc=0.7753 dice=0.6584 tau*=0.330 g=0.000  (49.0s)
[ordfused/tf_efficientnetv2_s] fold2 ep23  loss=0.0018  score=0.7290 acc=0.7640 dice=0.6472 tau*=0.530 g=0.000  (45.3s)
[ordfused/tf_efficientnetv2_s] fold2 ep24  loss=0.0072  score=0.7290 acc=0.7640 dice=0.6472 tau*=0.495 g=0.000  (45.5s)
[ordfused/tf_efficientnetv2_s] fold2 ep25  loss=0.0011  score=0.7290 acc=0.7640 dice=0.6472 tau*=0.235 g=0.000  (45.3s)
[ordfused/tf_efficientnetv2_s] fold2 ep26  loss=0.0019  score=0.7290 acc=0.7640 dice=0.6472 tau*=0.535 g=0.000  (47.0s)
[ordfused/tf_efficientnetv2_s] fold2 ep27  loss=0.0035  score=0.7290 acc=0.7640 dice=0.6472 tau*=0.595 g=0.000  (48.7s)
[ordfused/tf_efficientnetv2_s] fold2 ep28  loss=0.0051  score=0.7402 acc=0.7753 dice=0.6584 tau*=0.455 g=0.000  (45.9s)
[ordfused/tf_efficientnetv2_s] fold2 ep29  loss=0.0017  score=0.7303 acc=0.7640 dice=0.6517 tau*=0.475 g=0.000  (45.2s)
[ordfused/tf_efficientnetv2_s] fold2 BEST: {'score': 0.7402247191011236, 'tau': 0.5349999999999999, 'acc': 0.7752808988764045, 'dice': 0.6584269662921348, 'gate_mean': 0.0, 'epoch': 18}  -> /workspace/Code/runs/ordfused_tf_efficientnetv2_s_notab/fold2_best.pt
[ordfused/tf_efficientnetv2_s] fold 3 attempt 0: 20.2M params, train=356 val=88 tabular=False pos_weight=1.253 lr=3.0e-04 enc_mult=0.3 warmup=3
[ordfused/tf_efficientnetv2_s] fold3 ep00  loss=0.7368  score=0.5845 acc=0.6023 dice=0.5432 tau*=0.630 g=0.000  (46.1s)
[ordfused/tf_efficientnetv2_s] fold3 ep01  loss=0.6574  score=0.6014 acc=0.6136 dice=0.5727 tau*=0.725 g=0.000  (47.6s)
/opt/conda/lib/python3.11/site-packages/torch/optim/lr_scheduler.py:240: UserWarning: The epoch parameter in `scheduler.step()` was not necessary and is being deprecated where possible. Please use `scheduler.step()` to step the scheduler. During the deprecation, if epoch is different from None, the closed form is used instead of the new chainable form, where available. Please open an issue if you are unable to replicate your use case: https://github.com/pytorch/pytorch/issues/new/choose.
  warnings.warn(EPOCH_DEPRECATION_WARNING, UserWarning)
[ordfused/tf_efficientnetv2_s] fold3 ep02  loss=0.4727  score=0.6623 acc=0.7045 dice=0.5636 tau*=0.500 g=0.000  (46.5s)
[ordfused/tf_efficientnetv2_s] fold3 ep03  loss=0.3082  score=0.7186 acc=0.7500 dice=0.6455 tau*=0.720 g=0.000  (46.8s)
[ordfused/tf_efficientnetv2_s] fold3 ep04  loss=0.1974  score=0.7032 acc=0.7386 dice=0.6205 tau*=0.700 g=0.000  (46.6s)
[ordfused/tf_efficientnetv2_s] fold3 ep05  loss=0.1116  score=0.7218 acc=0.7614 dice=0.6295 tau*=0.660 g=0.000  (49.1s)
[ordfused/tf_efficientnetv2_s] fold3 ep06  loss=0.0796  score=0.7164 acc=0.7614 dice=0.6114 tau*=0.490 g=0.000  (49.0s)
[ordfused/tf_efficientnetv2_s] fold3 ep07  loss=0.0331  score=0.7714 acc=0.8068 dice=0.6886 tau*=0.770 g=0.000  (47.7s)
[ordfused/tf_efficientnetv2_s] fold3 ep08  loss=0.0268  score=0.7459 acc=0.7841 dice=0.6568 tau*=0.740 g=0.000  (47.1s)
[ordfused/tf_efficientnetv2_s] fold3 ep09  loss=0.0213  score=0.7341 acc=0.7614 dice=0.6705 tau*=0.950 g=0.000  (52.4s)
[ordfused/tf_efficientnetv2_s] fold3 ep10  loss=0.0276  score=0.7359 acc=0.7727 dice=0.6500 tau*=0.810 g=0.000  (46.6s)
[ordfused/tf_efficientnetv2_s] fold3 ep11  loss=0.0130  score=0.7132 acc=0.7500 dice=0.6273 tau*=0.855 g=0.000  (45.2s)
[ordfused/tf_efficientnetv2_s] fold3 ep12  loss=0.0077  score=0.7005 acc=0.7386 dice=0.6114 tau*=0.785 g=0.000  (47.4s)
[ordfused/tf_efficientnetv2_s] fold3 ep13  loss=0.0083  score=0.7227 acc=0.7500 dice=0.6591 tau*=0.945 g=0.000  (46.5s)
[ordfused/tf_efficientnetv2_s] fold3 ep14  loss=0.0058  score=0.7264 acc=0.7727 dice=0.6182 tau*=0.240 g=0.000  (47.2s)
[ordfused/tf_efficientnetv2_s] fold3 ep15  loss=0.0070  score=0.7150 acc=0.7614 dice=0.6068 tau*=0.255 g=0.000  (46.2s)
[ordfused/tf_efficientnetv2_s] fold3 ep16  loss=0.0223  score=0.7305 acc=0.7727 dice=0.6318 tau*=0.450 g=0.000  (47.6s)
[ordfused/tf_efficientnetv2_s] fold3 ep17  loss=0.0056  score=0.7264 acc=0.7727 dice=0.6182 tau*=0.135 g=0.000  (46.8s)
[ordfused/tf_efficientnetv2_s] fold3 ep18  loss=0.0036  score=0.7391 acc=0.7841 dice=0.6341 tau*=0.220 g=0.000  (45.5s)
[ordfused/tf_efficientnetv2_s] fold3 ep19  loss=0.0022  score=0.7391 acc=0.7841 dice=0.6341 tau*=0.255 g=0.000  (47.7s)
[ordfused/tf_efficientnetv2_s] fold3 ep20  loss=0.0017  score=0.7418 acc=0.7841 dice=0.6432 tau*=0.520 g=0.000  (45.2s)
[ordfused/tf_efficientnetv2_s] fold3 ep21  loss=0.0016  score=0.7445 acc=0.7841 dice=0.6523 tau*=0.630 g=0.000  (47.8s)
[ordfused/tf_efficientnetv2_s] fold3 ep22  loss=0.0029  score=0.7391 acc=0.7841 dice=0.6341 tau*=0.225 g=0.000  (49.9s)
[ordfused/tf_efficientnetv2_s] fold3 ep23  loss=0.0034  score=0.7391 acc=0.7841 dice=0.6341 tau*=0.220 g=0.000  (46.0s)
[ordfused/tf_efficientnetv2_s] fold3 ep24  loss=0.0011  score=0.7391 acc=0.7841 dice=0.6341 tau*=0.245 g=0.000  (46.7s)
[ordfused/tf_efficientnetv2_s] fold3 ep25  loss=0.0010  score=0.7391 acc=0.7841 dice=0.6341 tau*=0.240 g=0.000  (45.5s)
[ordfused/tf_efficientnetv2_s] fold3 ep26  loss=0.0021  score=0.7391 acc=0.7841 dice=0.6341 tau*=0.185 g=0.000  (46.3s)
[ordfused/tf_efficientnetv2_s] fold3 ep27  loss=0.0017  score=0.7491 acc=0.7955 dice=0.6409 tau*=0.175 g=0.000  (49.2s)
[ordfused/tf_efficientnetv2_s] fold3 ep28  loss=0.0037  score=0.7391 acc=0.7841 dice=0.6341 tau*=0.300 g=0.000  (43.4s)
[ordfused/tf_efficientnetv2_s] fold3 ep29  loss=0.0041  score=0.7391 acc=0.7841 dice=0.6341 tau*=0.315 g=0.000  (49.8s)
[ordfused/tf_efficientnetv2_s] fold3 BEST: {'score': 0.7713636363636363, 'tau': 0.7699999999999999, 'acc': 0.8068181818181818, 'dice': 0.6886363636363636, 'gate_mean': 0.0, 'epoch': 7}  -> /workspace/Code/runs/ordfused_tf_efficientnetv2_s_notab/fold3_best.pt
[ordfused/tf_efficientnetv2_s] fold 4 attempt 0: 20.2M params, train=355 val=89 tabular=False pos_weight=1.247 lr=3.0e-04 enc_mult=0.3 warmup=3
[ordfused/tf_efficientnetv2_s] fold4 ep00  loss=0.7540  score=0.6283 acc=0.6404 dice=0.6000 tau*=0.725 g=0.000  (44.1s)
[ordfused/tf_efficientnetv2_s] fold4 ep01  loss=0.6564  score=0.6854 acc=0.7191 dice=0.6067 tau*=0.580 g=0.000  (43.2s)
/opt/conda/lib/python3.11/site-packages/torch/optim/lr_scheduler.py:240: UserWarning: The epoch parameter in `scheduler.step()` was not necessary and is being deprecated where possible. Please use `scheduler.step()` to step the scheduler. During the deprecation, if epoch is different from None, the closed form is used instead of the new chainable form, where available. Please open an issue if you are unable to replicate your use case: https://github.com/pytorch/pytorch/issues/new/choose.
  warnings.warn(EPOCH_DEPRECATION_WARNING, UserWarning)
[ordfused/tf_efficientnetv2_s] fold4 ep02  loss=0.4563  score=0.7119 acc=0.7416 dice=0.6427 tau*=0.675 g=0.000  (44.3s)
[ordfused/tf_efficientnetv2_s] fold4 ep03  loss=0.3395  score=0.7146 acc=0.7416 dice=0.6517 tau*=0.735 g=0.000  (44.0s)
[ordfused/tf_efficientnetv2_s] fold4 ep04  loss=0.2019  score=0.7303 acc=0.7640 dice=0.6517 tau*=0.695 g=0.000  (43.2s)
[ordfused/tf_efficientnetv2_s] fold4 ep05  loss=0.1134  score=0.7258 acc=0.7528 dice=0.6629 tau*=0.850 g=0.000  (42.8s)
[ordfused/tf_efficientnetv2_s] fold4 ep06  loss=0.0638  score=0.7488 acc=0.7865 dice=0.6607 tau*=0.645 g=0.000  (43.5s)
[ordfused/tf_efficientnetv2_s] fold4 ep07  loss=0.0527  score=0.7555 acc=0.7865 dice=0.6831 tau*=0.775 g=0.000  (43.9s)
[ordfused/tf_efficientnetv2_s] fold4 ep08  loss=0.0377  score=0.7627 acc=0.7978 dice=0.6809 tau*=0.835 g=0.000  (43.6s)
[ordfused/tf_efficientnetv2_s] fold4 ep09  loss=0.0320  score=0.7218 acc=0.7528 dice=0.6494 tau*=0.765 g=0.000  (41.7s)
[ordfused/tf_efficientnetv2_s] fold4 ep10  loss=0.0123  score=0.7317 acc=0.7640 dice=0.6562 tau*=0.855 g=0.000  (45.1s)
[ordfused/tf_efficientnetv2_s] fold4 ep11  loss=0.0092  score=0.7402 acc=0.7753 dice=0.6584 tau*=0.830 g=0.000  (43.4s)
[ordfused/tf_efficientnetv2_s] fold4 ep12  loss=0.0066  score=0.7375 acc=0.7753 dice=0.6494 tau*=0.440 g=0.000  (43.3s)
[ordfused/tf_efficientnetv2_s] fold4 ep13  loss=0.0103  score=0.7429 acc=0.7753 dice=0.6674 tau*=0.925 g=0.000  (45.6s)
[ordfused/tf_efficientnetv2_s] fold4 ep14  loss=0.0102  score=0.7231 acc=0.7528 dice=0.6539 tau*=0.945 g=0.000  (44.0s)
[ordfused/tf_efficientnetv2_s] fold4 ep15  loss=0.0028  score=0.7402 acc=0.7753 dice=0.6584 tau*=0.720 g=0.000  (45.2s)
[ordfused/tf_efficientnetv2_s] fold4 ep16  loss=0.0027  score=0.7317 acc=0.7640 dice=0.6562 tau*=0.740 g=0.000  (45.0s)
[ordfused/tf_efficientnetv2_s] fold4 ep17  loss=0.0029  score=0.7357 acc=0.7640 dice=0.6697 tau*=0.905 g=0.000  (44.8s)
[ordfused/tf_efficientnetv2_s] fold4 ep18  loss=0.0058  score=0.7470 acc=0.7753 dice=0.6809 tau*=0.940 g=0.000  (44.0s)
[ordfused/tf_efficientnetv2_s] fold4 ep19  loss=0.0058  score=0.7416 acc=0.7753 dice=0.6629 tau*=0.675 g=0.000  (42.9s)
[ordfused/tf_efficientnetv2_s] fold4 ep20  loss=0.0016  score=0.7470 acc=0.7753 dice=0.6809 tau*=0.950 g=0.000  (43.8s)
[ordfused/tf_efficientnetv2_s] fold4 ep21  loss=0.0014  score=0.7357 acc=0.7640 dice=0.6697 tau*=0.950 g=0.000  (43.7s)
[ordfused/tf_efficientnetv2_s] fold4 ep22  loss=0.0073  score=0.7344 acc=0.7640 dice=0.6652 tau*=0.950 g=0.000  (43.8s)
[ordfused/tf_efficientnetv2_s] fold4 ep23  loss=0.0013  score=0.7542 acc=0.7865 dice=0.6787 tau*=0.875 g=0.000  (42.0s)
[ordfused/tf_efficientnetv2_s] fold4 ep24  loss=0.0014  score=0.7456 acc=0.7753 dice=0.6764 tau*=0.910 g=0.000  (43.4s)
[ordfused/tf_efficientnetv2_s] fold4 ep25  loss=0.0026  score=0.7470 acc=0.7753 dice=0.6809 tau*=0.950 g=0.000  (44.7s)
[ordfused/tf_efficientnetv2_s] fold4 ep26  loss=0.0009  score=0.7542 acc=0.7865 dice=0.6787 tau*=0.895 g=0.000  (44.9s)
[ordfused/tf_efficientnetv2_s] fold4 ep27  loss=0.0019  score=0.7456 acc=0.7753 dice=0.6764 tau*=0.935 g=0.000  (43.7s)
[ordfused/tf_efficientnetv2_s] fold4 ep28  loss=0.0019  score=0.7555 acc=0.7865 dice=0.6831 tau*=0.925 g=0.000  (45.7s)
[ordfused/tf_efficientnetv2_s] fold4 ep29  loss=0.0053  score=0.7470 acc=0.7753 dice=0.6809 tau*=0.950 g=0.000  (43.0s)
[ordfused/tf_efficientnetv2_s] fold4 BEST: {'score': 0.762696629213483, 'tau': 0.835, 'acc': 0.797752808988764, 'dice': 0.6808988764044943, 'gate_mean': 0.0, 'epoch': 8}  -> /workspace/Code/runs/ordfused_tf_efficientnetv2_s_notab/fold4_best.pt
[ordfused/tf_efficientnetv2_s_notab] CV mean score=0.7672 +/- 0.0196  (mean gate=0.000)
