OrdFused encoder=eva_x_base tabular=False device=cuda tab_dim=5 fold_arg=all
cavity  large  medium  none  small
fold                              
0          12      12    49     16
1          11      13    49     16
2          11      13    50     15
3          11      12    49     16
4          12      11    50     16
/workspace/Code/vendor/eva_x.py:180: FutureWarning: You are using `torch.load` with `weights_only=False` (the current default value), which uses the default pickle module implicitly. It is possible to construct malicious pickle data which will execute arbitrary code during unpickling (See https://github.com/pytorch/pytorch/blob/main/SECURITY.md#untrusted-models for more details). In a future release, the default value for `weights_only` will be flipped to `True`. This limits the functions that could be executed during unpickling. Arbitrary objects will no longer be allowed to be loaded via this mode unless they are explicitly allowlisted by the user via `torch.serialization.add_safe_globals`. We recommend you start setting `weights_only=True` for any use case where you don't have full control of the loaded file. Please open an issue on GitHub for any issues related to this experimental feature.
  eva_ckpt = checkpoint_filter_fn(torch.load(pretrained, map_location='cpu'),
<All keys matched successfully>
[ordfused/eva_x_base] fold 0 attempt 0: 87.6M params, train=355 val=89 tabular=False pos_weight=1.261 lr=3.0e-04 enc_mult=0.3 warmup=3
/workspace/Code/train_ordfused.py:204: FutureWarning: `torch.cuda.amp.GradScaler(args...)` is deprecated. Please use `torch.amp.GradScaler('cuda', args...)` instead.
  scaler = torch.cuda.amp.GradScaler(enabled=use_amp)
[ordfused/eva_x_base] fold0 ep00  loss=0.7309  score=0.6121 acc=0.6404 dice=0.5461 tau*=0.395 g=0.000  (43.6s)
[ordfused/eva_x_base] fold0 ep01  loss=0.7405  score=0.7083 acc=0.7528 dice=0.6045 tau*=0.485 g=0.000  (40.9s)
[ordfused/eva_x_base] fold0 ep02  loss=0.7169  score=0.7110 acc=0.7528 dice=0.6135 tau*=0.535 g=0.000  (38.3s)
[ordfused/eva_x_base] fold0 ep03  loss=0.7163  score=0.7375 acc=0.7753 dice=0.6494 tau*=0.560 g=0.000  (43.6s)
[ordfused/eva_x_base] fold0 ep04  loss=0.6970  score=0.7488 acc=0.7865 dice=0.6607 tau*=0.495 g=0.000  (40.9s)
[ordfused/eva_x_base] fold0 ep05  loss=0.6551  score=0.7658 acc=0.8090 dice=0.6652 tau*=0.490 g=0.000  (41.8s)
[ordfused/eva_x_base] fold0 ep06  loss=0.6227  score=0.7757 acc=0.8202 dice=0.6719 tau*=0.545 g=0.000  (43.5s)
[ordfused/eva_x_base] fold0 ep07  loss=0.6049  score=0.7730 acc=0.8202 dice=0.6629 tau*=0.610 g=0.000  (43.2s)
[ordfused/eva_x_base] fold0 ep08  loss=0.6000  score=0.7699 acc=0.8090 dice=0.6787 tau*=0.655 g=0.000  (34.0s)
[ordfused/eva_x_base] fold0 ep09  loss=0.5648  score=0.7730 acc=0.8202 dice=0.6629 tau*=0.520 g=0.000  (32.4s)
[ordfused/eva_x_base] fold0 ep10  loss=0.5529  score=0.8009 acc=0.8427 dice=0.7034 tau*=0.655 g=0.000  (36.8s)
[ordfused/eva_x_base] fold0 ep11  loss=0.5230  score=0.7712 acc=0.8090 dice=0.6831 tau*=0.550 g=0.000  (39.5s)
[ordfused/eva_x_base] fold0 ep12  loss=0.4951  score=0.7825 acc=0.8202 dice=0.6944 tau*=0.585 g=0.000  (34.6s)
[ordfused/eva_x_base] fold0 ep13  loss=0.5021  score=0.7672 acc=0.8090 dice=0.6697 tau*=0.405 g=0.000  (33.0s)
[ordfused/eva_x_base] fold0 ep14  loss=0.4280  score=0.7726 acc=0.8090 dice=0.6876 tau*=0.675 g=0.000  (35.3s)
[ordfused/eva_x_base] fold0 ep15  loss=0.4670  score=0.7838 acc=0.8202 dice=0.6989 tau*=0.785 g=0.000  (32.6s)
[ordfused/eva_x_base] fold0 ep16  loss=0.4244  score=0.7838 acc=0.8202 dice=0.6989 tau*=0.900 g=0.000  (34.1s)
[ordfused/eva_x_base] fold0 ep17  loss=0.4249  score=0.7838 acc=0.8202 dice=0.6989 tau*=0.840 g=0.000  (34.5s)
[ordfused/eva_x_base] fold0 ep18  loss=0.3817  score=0.7910 acc=0.8315 dice=0.6966 tau*=0.660 g=0.000  (36.3s)
[ordfused/eva_x_base] fold0 ep19  loss=0.3242  score=0.7910 acc=0.8315 dice=0.6966 tau*=0.740 g=0.000  (36.3s)
[ordfused/eva_x_base] fold0 ep20  loss=0.3754  score=0.7910 acc=0.8315 dice=0.6966 tau*=0.825 g=0.000  (34.0s)
[ordfused/eva_x_base] fold0 ep21  loss=0.3443  score=0.7910 acc=0.8315 dice=0.6966 tau*=0.725 g=0.000  (35.5s)
[ordfused/eva_x_base] fold0 ep22  loss=0.2998  score=0.8049 acc=0.8427 dice=0.7169 tau*=0.815 g=0.000  (35.8s)
[ordfused/eva_x_base] fold0 ep23  loss=0.3369  score=0.7951 acc=0.8315 dice=0.7101 tau*=0.835 g=0.000  (38.3s)
[ordfused/eva_x_base] fold0 ep24  loss=0.3239  score=0.7996 acc=0.8427 dice=0.6989 tau*=0.635 g=0.000  (33.1s)
[ordfused/eva_x_base] fold0 ep25  loss=0.2739  score=0.7924 acc=0.8315 dice=0.7011 tau*=0.745 g=0.000  (35.8s)
[ordfused/eva_x_base] fold0 ep26  loss=0.3099  score=0.7996 acc=0.8427 dice=0.6989 tau*=0.715 g=0.000  (33.2s)
[ordfused/eva_x_base] fold0 ep27  loss=0.2892  score=0.7951 acc=0.8315 dice=0.7101 tau*=0.820 g=0.000  (37.3s)
[ordfused/eva_x_base] fold0 ep28  loss=0.3038  score=0.8009 acc=0.8427 dice=0.7034 tau*=0.770 g=0.000  (34.9s)
[ordfused/eva_x_base] fold0 ep29  loss=0.2779  score=0.8121 acc=0.8539 dice=0.7146 tau*=0.720 g=0.000  (34.7s)
[ordfused/eva_x_base] fold0 SWA  score=0.7951 acc=0.8315 dice=0.7101 tau*=0.835 g=0.000
[ordfused/eva_x_base] fold0 BEST: {'score': 0.8121348314606741, 'tau': 0.72, 'acc': 0.8539325842696629, 'dice': 0.7146067415730336, 'gate_mean': 0.0, 'epoch': 29}  -> /workspace/Code/runs/ordfused_eva_x_base_notab/fold0_best.pt
/workspace/Code/vendor/eva_x.py:180: FutureWarning: You are using `torch.load` with `weights_only=False` (the current default value), which uses the default pickle module implicitly. It is possible to construct malicious pickle data which will execute arbitrary code during unpickling (See https://github.com/pytorch/pytorch/blob/main/SECURITY.md#untrusted-models for more details). In a future release, the default value for `weights_only` will be flipped to `True`. This limits the functions that could be executed during unpickling. Arbitrary objects will no longer be allowed to be loaded via this mode unless they are explicitly allowlisted by the user via `torch.serialization.add_safe_globals`. We recommend you start setting `weights_only=True` for any use case where you don't have full control of the loaded file. Please open an issue on GitHub for any issues related to this experimental feature.
  eva_ckpt = checkpoint_filter_fn(torch.load(pretrained, map_location='cpu'),
<All keys matched successfully>
[ordfused/eva_x_base] fold 1 attempt 0: 87.6M params, train=355 val=89 tabular=False pos_weight=1.261 lr=3.0e-04 enc_mult=0.3 warmup=3
/workspace/Code/train_ordfused.py:204: FutureWarning: `torch.cuda.amp.GradScaler(args...)` is deprecated. Please use `torch.amp.GradScaler('cuda', args...)` instead.
  scaler = torch.cuda.amp.GradScaler(enabled=use_amp)
[ordfused/eva_x_base] fold1 ep00  loss=0.7635  score=0.5789 acc=0.5843 dice=0.5663 tau*=0.440 g=0.000  (39.5s)
[ordfused/eva_x_base] fold1 ep01  loss=0.7351  score=0.6072 acc=0.6517 dice=0.5034 tau*=0.470 g=0.000  (35.0s)
[ordfused/eva_x_base] fold1 ep02  loss=0.7041  score=0.6611 acc=0.6854 dice=0.6045 tau*=0.575 g=0.000  (32.9s)
[ordfused/eva_x_base] fold1 ep03  loss=0.6951  score=0.6908 acc=0.7191 dice=0.6247 tau*=0.525 g=0.000  (34.2s)
[ordfused/eva_x_base] fold1 ep04  loss=0.6881  score=0.7263 acc=0.7640 dice=0.6382 tau*=0.575 g=0.000  (36.1s)
[ordfused/eva_x_base] fold1 ep05  loss=0.6432  score=0.7348 acc=0.7753 dice=0.6404 tau*=0.570 g=0.000  (35.1s)
[ordfused/eva_x_base] fold1 ep06  loss=0.6204  score=0.7546 acc=0.7978 dice=0.6539 tau*=0.540 g=0.000  (37.8s)
[ordfused/eva_x_base] fold1 ep07  loss=0.6084  score=0.7658 acc=0.8090 dice=0.6652 tau*=0.635 g=0.000  (38.0s)
[ordfused/eva_x_base] fold1 ep08  loss=0.5869  score=0.7730 acc=0.8202 dice=0.6629 tau*=0.515 g=0.000  (34.9s)
[ordfused/eva_x_base] fold1 ep09  loss=0.5442  score=0.7766 acc=0.8090 dice=0.7011 tau*=0.745 g=0.000  (38.1s)
[ordfused/eva_x_base] fold1 ep10  loss=0.5214  score=0.7897 acc=0.8315 dice=0.6921 tau*=0.655 g=0.000  (31.9s)
[ordfused/eva_x_base] fold1 ep11  loss=0.5110  score=0.7897 acc=0.8315 dice=0.6921 tau*=0.405 g=0.000  (36.6s)
[ordfused/eva_x_base] fold1 ep12  loss=0.5277  score=0.7996 acc=0.8427 dice=0.6989 tau*=0.690 g=0.000  (27.2s)
[ordfused/eva_x_base] fold1 ep13  loss=0.4766  score=0.8094 acc=0.8539 dice=0.7056 tau*=0.495 g=0.000  (37.8s)
[ordfused/eva_x_base] fold1 ep14  loss=0.4218  score=0.8081 acc=0.8539 dice=0.7011 tau*=0.465 g=0.000  (35.6s)
[ordfused/eva_x_base] fold1 ep15  loss=0.4106  score=0.8121 acc=0.8539 dice=0.7146 tau*=0.720 g=0.000  (31.0s)
[ordfused/eva_x_base] fold1 ep16  loss=0.3550  score=0.8153 acc=0.8652 dice=0.6989 tau*=0.175 g=0.000  (32.0s)
[ordfused/eva_x_base] fold1 ep17  loss=0.3515  score=0.8234 acc=0.8652 dice=0.7258 tau*=0.815 g=0.000  (39.1s)
[ordfused/eva_x_base] fold1 ep18  loss=0.3503  score=0.8378 acc=0.8876 dice=0.7213 tau*=0.525 g=0.000  (37.6s)
[ordfused/eva_x_base] fold1 ep19  loss=0.3495  score=0.8265 acc=0.8764 dice=0.7101 tau*=0.435 g=0.000  (36.0s)
[ordfused/eva_x_base] fold1 ep20  loss=0.3241  score=0.8234 acc=0.8652 dice=0.7258 tau*=0.755 g=0.000  (31.2s)
[ordfused/eva_x_base] fold1 ep21  loss=0.3350  score=0.8319 acc=0.8764 dice=0.7281 tau*=0.585 g=0.000  (29.3s)
[ordfused/eva_x_base] fold1 ep22  loss=0.3003  score=0.8234 acc=0.8652 dice=0.7258 tau*=0.775 g=0.000  (27.8s)
[ordfused/eva_x_base] fold1 ep23  loss=0.2789  score=0.8319 acc=0.8764 dice=0.7281 tau*=0.630 g=0.000  (29.5s)
[ordfused/eva_x_base] fold1 ep24  loss=0.2920  score=0.8319 acc=0.8764 dice=0.7281 tau*=0.635 g=0.000  (29.3s)
[ordfused/eva_x_base] fold1 ep25  loss=0.2934  score=0.8220 acc=0.8652 dice=0.7213 tau*=0.650 g=0.000  (30.8s)
[ordfused/eva_x_base] fold1 ep26  loss=0.3469  score=0.8207 acc=0.8652 dice=0.7169 tau*=0.610 g=0.000  (31.2s)
[ordfused/eva_x_base] fold1 ep27  loss=0.2651  score=0.8207 acc=0.8652 dice=0.7169 tau*=0.660 g=0.000  (32.4s)
[ordfused/eva_x_base] fold1 ep28  loss=0.2548  score=0.8207 acc=0.8652 dice=0.7169 tau*=0.660 g=0.000  (27.8s)
[ordfused/eva_x_base] fold1 ep29  loss=0.2293  score=0.8207 acc=0.8652 dice=0.7169 tau*=0.660 g=0.000  (26.6s)
[ordfused/eva_x_base] fold1 SWA  score=0.8207 acc=0.8652 dice=0.7169 tau*=0.655 g=0.000
[ordfused/eva_x_base] fold1 BEST: {'score': 0.8377528089887639, 'tau': 0.5249999999999999, 'acc': 0.8876404494382022, 'dice': 0.7213483146067416, 'gate_mean': 0.0, 'epoch': 18}  -> /workspace/Code/runs/ordfused_eva_x_base_notab/fold1_best.pt
/workspace/Code/vendor/eva_x.py:180: FutureWarning: You are using `torch.load` with `weights_only=False` (the current default value), which uses the default pickle module implicitly. It is possible to construct malicious pickle data which will execute arbitrary code during unpickling (See https://github.com/pytorch/pytorch/blob/main/SECURITY.md#untrusted-models for more details). In a future release, the default value for `weights_only` will be flipped to `True`. This limits the functions that could be executed during unpickling. Arbitrary objects will no longer be allowed to be loaded via this mode unless they are explicitly allowlisted by the user via `torch.serialization.add_safe_globals`. We recommend you start setting `weights_only=True` for any use case where you don't have full control of the loaded file. Please open an issue on GitHub for any issues related to this experimental feature.
  eva_ckpt = checkpoint_filter_fn(torch.load(pretrained, map_location='cpu'),
<All keys matched successfully>
[ordfused/eva_x_base] fold 2 attempt 0: 87.6M params, train=355 val=89 tabular=False pos_weight=1.247 lr=3.0e-04 enc_mult=0.3 warmup=3
/workspace/Code/train_ordfused.py:204: FutureWarning: `torch.cuda.amp.GradScaler(args...)` is deprecated. Please use `torch.amp.GradScaler('cuda', args...)` instead.
  scaler = torch.cuda.amp.GradScaler(enabled=use_amp)
[ordfused/eva_x_base] fold2 ep00  loss=0.7525  score=0.6126 acc=0.6517 dice=0.5213 tau*=0.370 g=0.000  (31.6s)
[ordfused/eva_x_base] fold2 ep01  loss=0.7258  score=0.6742 acc=0.7079 dice=0.5955 tau*=0.485 g=0.000  (40.0s)
[ordfused/eva_x_base] fold2 ep02  loss=0.7044  score=0.7209 acc=0.7640 dice=0.6202 tau*=0.525 g=0.000  (35.1s)
[ordfused/eva_x_base] fold2 ep03  loss=0.6957  score=0.7164 acc=0.7528 dice=0.6315 tau*=0.535 g=0.000  (37.2s)
[ordfused/eva_x_base] fold2 ep04  loss=0.6719  score=0.7348 acc=0.7753 dice=0.6404 tau*=0.480 g=0.000  (30.8s)
[ordfused/eva_x_base] fold2 ep05  loss=0.6471  score=0.7389 acc=0.7753 dice=0.6539 tau*=0.560 g=0.000  (39.2s)
[ordfused/eva_x_base] fold2 ep06  loss=0.6093  score=0.7389 acc=0.7753 dice=0.6539 tau*=0.595 g=0.000  (35.0s)
[ordfused/eva_x_base] fold2 ep07  loss=0.6008  score=0.7618 acc=0.8090 dice=0.6517 tau*=0.390 g=0.000  (28.8s)
[ordfused/eva_x_base] fold2 ep08  loss=0.5742  score=0.7631 acc=0.8090 dice=0.6562 tau*=0.405 g=0.000  (36.4s)
[ordfused/eva_x_base] fold2 ep09  loss=0.5248  score=0.7627 acc=0.7978 dice=0.6809 tau*=0.635 g=0.000  (38.0s)
[ordfused/eva_x_base] fold2 ep10  loss=0.5184  score=0.7555 acc=0.7865 dice=0.6831 tau*=0.765 g=0.000  (30.4s)
[ordfused/eva_x_base] fold2 ep11  loss=0.5122  score=0.7613 acc=0.7978 dice=0.6764 tau*=0.800 g=0.000  (32.6s)
[ordfused/eva_x_base] fold2 ep12  loss=0.4861  score=0.7600 acc=0.7978 dice=0.6719 tau*=0.605 g=0.000  (31.6s)
[ordfused/eva_x_base] fold2 ep13  loss=0.5137  score=0.7672 acc=0.8090 dice=0.6697 tau*=0.210 g=0.000  (30.8s)
[ordfused/eva_x_base] fold2 ep14  loss=0.4723  score=0.7631 acc=0.8090 dice=0.6562 tau*=0.345 g=0.000  (37.3s)
[ordfused/eva_x_base] fold2 ep15  loss=0.4498  score=0.7757 acc=0.8202 dice=0.6719 tau*=0.235 g=0.000  (35.9s)
[ordfused/eva_x_base] fold2 ep16  loss=0.4339  score=0.7771 acc=0.8202 dice=0.6764 tau*=0.340 g=0.000  (37.7s)
[ordfused/eva_x_base] fold2 ep17  loss=0.4012  score=0.7658 acc=0.8090 dice=0.6652 tau*=0.405 g=0.000  (39.8s)
[ordfused/eva_x_base] fold2 ep18  loss=0.3825  score=0.7856 acc=0.8315 dice=0.6787 tau*=0.210 g=0.000  (31.9s)
[ordfused/eva_x_base] fold2 ep19  loss=0.3770  score=0.7672 acc=0.8090 dice=0.6697 tau*=0.580 g=0.000  (38.3s)
[ordfused/eva_x_base] fold2 ep20  loss=0.4322  score=0.7757 acc=0.8202 dice=0.6719 tau*=0.440 g=0.000  (31.6s)
[ordfused/eva_x_base] fold2 ep21  loss=0.3301  score=0.7856 acc=0.8315 dice=0.6787 tau*=0.315 g=0.000  (29.5s)
[ordfused/eva_x_base] fold2 ep22  loss=0.3632  score=0.7757 acc=0.8202 dice=0.6719 tau*=0.365 g=0.000  (30.0s)
[ordfused/eva_x_base] fold2 ep23  loss=0.3701  score=0.7757 acc=0.8202 dice=0.6719 tau*=0.305 g=0.000  (32.8s)
[ordfused/eva_x_base] fold2 ep24  loss=0.3545  score=0.7870 acc=0.8315 dice=0.6831 tau*=0.475 g=0.000  (29.8s)
[ordfused/eva_x_base] fold2 ep25  loss=0.2693  score=0.7870 acc=0.8315 dice=0.6831 tau*=0.420 g=0.000  (31.4s)
[ordfused/eva_x_base] fold2 ep26  loss=0.3412  score=0.7856 acc=0.8315 dice=0.6787 tau*=0.285 g=0.000  (30.0s)
[ordfused/eva_x_base] fold2 ep27  loss=0.3840  score=0.7870 acc=0.8315 dice=0.6831 tau*=0.345 g=0.000  (29.1s)
[ordfused/eva_x_base] fold2 ep28  loss=0.3545  score=0.7870 acc=0.8315 dice=0.6831 tau*=0.410 g=0.000  (31.0s)
[ordfused/eva_x_base] fold2 ep29  loss=0.3827  score=0.7870 acc=0.8315 dice=0.6831 tau*=0.460 g=0.000  (29.9s)
[ordfused/eva_x_base] fold2 SWA  score=0.7870 acc=0.8315 dice=0.6831 tau*=0.410 g=0.000
[ordfused/eva_x_base] fold2 BEST: {'score': 0.7869662921348315, 'tau': 0.4749999999999999, 'acc': 0.8314606741573034, 'dice': 0.6831460674157303, 'gate_mean': 0.0, 'epoch': 24}  -> /workspace/Code/runs/ordfused_eva_x_base_notab/fold2_best.pt
/workspace/Code/vendor/eva_x.py:180: FutureWarning: You are using `torch.load` with `weights_only=False` (the current default value), which uses the default pickle module implicitly. It is possible to construct malicious pickle data which will execute arbitrary code during unpickling (See https://github.com/pytorch/pytorch/blob/main/SECURITY.md#untrusted-models for more details). In a future release, the default value for `weights_only` will be flipped to `True`. This limits the functions that could be executed during unpickling. Arbitrary objects will no longer be allowed to be loaded via this mode unless they are explicitly allowlisted by the user via `torch.serialization.add_safe_globals`. We recommend you start setting `weights_only=True` for any use case where you don't have full control of the loaded file. Please open an issue on GitHub for any issues related to this experimental feature.
  eva_ckpt = checkpoint_filter_fn(torch.load(pretrained, map_location='cpu'),
<All keys matched successfully>
[ordfused/eva_x_base] fold 3 attempt 0: 87.6M params, train=356 val=88 tabular=False pos_weight=1.253 lr=3.0e-04 enc_mult=0.3 warmup=3
/workspace/Code/train_ordfused.py:204: FutureWarning: `torch.cuda.amp.GradScaler(args...)` is deprecated. Please use `torch.amp.GradScaler('cuda', args...)` instead.
  scaler = torch.cuda.amp.GradScaler(enabled=use_amp)
[ordfused/eva_x_base] fold3 ep00  loss=0.7707  score=0.5568 acc=0.5568 dice=0.5568 tau*=0.950 g=0.000  (31.9s)
[ordfused/eva_x_base] fold3 ep01  loss=0.7408  score=0.5568 acc=0.5568 dice=0.5568 tau*=0.950 g=0.000  (35.9s)
[ordfused/eva_x_base] fold3 ep02  loss=0.7003  score=0.5568 acc=0.5568 dice=0.5568 tau*=0.950 g=0.000  (27.4s)
[ordfused/eva_x_base] fold3 ep03  loss=0.7009  score=0.6077 acc=0.6364 dice=0.5409 tau*=0.515 g=0.000  (30.5s)
[ordfused/eva_x_base] fold3 ep04  loss=0.6753  score=0.6659 acc=0.6932 dice=0.6023 tau*=0.555 g=0.000  (35.3s)
[ordfused/eva_x_base] fold3 ep05  loss=0.6470  score=0.6900 acc=0.7159 dice=0.6295 tau*=0.645 g=0.000  (37.3s)
[ordfused/eva_x_base] fold3 ep06  loss=0.6259  score=0.7100 acc=0.7386 dice=0.6432 tau*=0.535 g=0.000  (39.4s)
[ordfused/eva_x_base] fold3 ep07  loss=0.5967  score=0.7400 acc=0.7727 dice=0.6636 tau*=0.690 g=0.000  (37.7s)
[ordfused/eva_x_base] fold3 ep08  loss=0.5599  score=0.7573 acc=0.7955 dice=0.6682 tau*=0.685 g=0.000  (39.0s)
[ordfused/eva_x_base] fold3 ep09  loss=0.5623  score=0.7600 acc=0.7955 dice=0.6773 tau*=0.810 g=0.000  (37.2s)
[ordfused/eva_x_base] fold3 ep10  loss=0.5446  score=0.7686 acc=0.8068 dice=0.6795 tau*=0.775 g=0.000  (36.5s)
[ordfused/eva_x_base] fold3 ep11  loss=0.5196  score=0.7627 acc=0.7955 dice=0.6864 tau*=0.755 g=0.000  (34.3s)
[ordfused/eva_x_base] fold3 ep12  loss=0.4962  score=0.7573 acc=0.7955 dice=0.6682 tau*=0.610 g=0.000  (33.6s)
[ordfused/eva_x_base] fold3 ep13  loss=0.4951  score=0.7586 acc=0.7955 dice=0.6727 tau*=0.680 g=0.000  (32.7s)
[ordfused/eva_x_base] fold3 ep14  loss=0.4569  score=0.7627 acc=0.7955 dice=0.6864 tau*=0.685 g=0.000  (31.4s)
[ordfused/eva_x_base] fold3 ep15  loss=0.4380  score=0.7586 acc=0.7955 dice=0.6727 tau*=0.655 g=0.000  (32.8s)
[ordfused/eva_x_base] fold3 ep16  loss=0.4458  score=0.7527 acc=0.7841 dice=0.6795 tau*=0.810 g=0.000  (31.9s)
[ordfused/eva_x_base] fold3 ep17  loss=0.4086  score=0.7586 acc=0.7955 dice=0.6727 tau*=0.890 g=0.000  (31.3s)
[ordfused/eva_x_base] fold3 ep18  loss=0.3936  score=0.7586 acc=0.7955 dice=0.6727 tau*=0.890 g=0.000  (29.9s)
[ordfused/eva_x_base] fold3 ep19  loss=0.3818  score=0.7586 acc=0.7955 dice=0.6727 tau*=0.870 g=0.000  (29.9s)
[ordfused/eva_x_base] fold3 ep20  loss=0.3390  score=0.7486 acc=0.7841 dice=0.6659 tau*=0.745 g=0.000  (28.0s)
[ordfused/eva_x_base] fold3 ep21  loss=0.3698  score=0.7486 acc=0.7841 dice=0.6659 tau*=0.855 g=0.000  (30.6s)
[ordfused/eva_x_base] fold3 ep22  loss=0.3203  score=0.7500 acc=0.7841 dice=0.6705 tau*=0.880 g=0.000  (31.1s)
[ordfused/eva_x_base] fold3 ep23  loss=0.3195  score=0.7486 acc=0.7841 dice=0.6659 tau*=0.855 g=0.000  (27.9s)
[ordfused/eva_x_base] fold3 ep24  loss=0.3716  score=0.7532 acc=0.7955 dice=0.6545 tau*=0.585 g=0.000  (31.4s)
[ordfused/eva_x_base] fold3 ep25  loss=0.3387  score=0.7486 acc=0.7841 dice=0.6659 tau*=0.890 g=0.000  (30.8s)
[ordfused/eva_x_base] fold3 ep26  loss=0.3408  score=0.7518 acc=0.7955 dice=0.6500 tau*=0.555 g=0.000  (33.2s)
[ordfused/eva_x_base] fold3 ep27  loss=0.3485  score=0.7486 acc=0.7841 dice=0.6659 tau*=0.850 g=0.000  (29.1s)
[ordfused/eva_x_base] fold3 ep28  loss=0.3408  score=0.7586 acc=0.7955 dice=0.6727 tau*=0.870 g=0.000  (31.7s)
[ordfused/eva_x_base] fold3 ep29  loss=0.3463  score=0.7459 acc=0.7841 dice=0.6568 tau*=0.650 g=0.000  (31.8s)
[ordfused/eva_x_base] fold3 SWA  score=0.7486 acc=0.7841 dice=0.6659 tau*=0.855 g=0.000
[ordfused/eva_x_base] fold3 BEST: {'score': 0.7686363636363636, 'tau': 0.7749999999999999, 'acc': 0.8068181818181818, 'dice': 0.6795454545454546, 'gate_mean': 0.0, 'epoch': 10}  -> /workspace/Code/runs/ordfused_eva_x_base_notab/fold3_best.pt
/workspace/Code/vendor/eva_x.py:180: FutureWarning: You are using `torch.load` with `weights_only=False` (the current default value), which uses the default pickle module implicitly. It is possible to construct malicious pickle data which will execute arbitrary code during unpickling (See https://github.com/pytorch/pytorch/blob/main/SECURITY.md#untrusted-models for more details). In a future release, the default value for `weights_only` will be flipped to `True`. This limits the functions that could be executed during unpickling. Arbitrary objects will no longer be allowed to be loaded via this mode unless they are explicitly allowlisted by the user via `torch.serialization.add_safe_globals`. We recommend you start setting `weights_only=True` for any use case where you don't have full control of the loaded file. Please open an issue on GitHub for any issues related to this experimental feature.
  eva_ckpt = checkpoint_filter_fn(torch.load(pretrained, map_location='cpu'),
<All keys matched successfully>
[ordfused/eva_x_base] fold 4 attempt 0: 87.6M params, train=355 val=89 tabular=False pos_weight=1.247 lr=3.0e-04 enc_mult=0.3 warmup=3
/workspace/Code/train_ordfused.py:204: FutureWarning: `torch.cuda.amp.GradScaler(args...)` is deprecated. Please use `torch.amp.GradScaler('cuda', args...)` instead.
  scaler = torch.cuda.amp.GradScaler(enabled=use_amp)
[ordfused/eva_x_base] fold4 ep00  loss=0.7293  score=0.6045 acc=0.6180 dice=0.5730 tau*=0.560 g=0.000  (29.4s)
[ordfused/eva_x_base] fold4 ep01  loss=0.7212  score=0.6737 acc=0.6966 dice=0.6202 tau*=0.545 g=0.000  (36.2s)
[ordfused/eva_x_base] fold4 ep02  loss=0.6981  score=0.7146 acc=0.7416 dice=0.6517 tau*=0.550 g=0.000  (36.5s)
[ordfused/eva_x_base] fold4 ep03  loss=0.6870  score=0.7218 acc=0.7528 dice=0.6494 tau*=0.565 g=0.000  (38.2s)
[ordfused/eva_x_base] fold4 ep04  loss=0.6667  score=0.7456 acc=0.7753 dice=0.6764 tau*=0.550 g=0.000  (34.5s)
[ordfused/eva_x_base] fold4 ep05  loss=0.6544  score=0.7569 acc=0.7865 dice=0.6876 tau*=0.575 g=0.000  (37.4s)
[ordfused/eva_x_base] fold4 ep06  loss=0.6096  score=0.7371 acc=0.7640 dice=0.6742 tau*=0.640 g=0.000  (36.7s)
[ordfused/eva_x_base] fold4 ep07  loss=0.5902  score=0.7416 acc=0.7753 dice=0.6629 tau*=0.430 g=0.000  (31.0s)
[ordfused/eva_x_base] fold4 ep08  loss=0.5654  score=0.7654 acc=0.7978 dice=0.6899 tau*=0.485 g=0.000  (28.5s)
[ordfused/eva_x_base] fold4 ep09  loss=0.5377  score=0.7640 acc=0.7978 dice=0.6854 tau*=0.645 g=0.000  (38.3s)
[ordfused/eva_x_base] fold4 ep10  loss=0.5312  score=0.7766 acc=0.8090 dice=0.7011 tau*=0.790 g=0.000  (30.0s)
[ordfused/eva_x_base] fold4 ep11  loss=0.5047  score=0.7753 acc=0.8090 dice=0.6966 tau*=0.750 g=0.000  (35.9s)
[ordfused/eva_x_base] fold4 ep12  loss=0.4986  score=0.7865 acc=0.8202 dice=0.7079 tau*=0.690 g=0.000  (30.0s)
[ordfused/eva_x_base] fold4 ep13  loss=0.4962  score=0.7766 acc=0.8090 dice=0.7011 tau*=0.645 g=0.000  (41.1s)
[ordfused/eva_x_base] fold4 ep14  loss=0.4629  score=0.7865 acc=0.8202 dice=0.7079 tau*=0.680 g=0.000  (31.0s)
[ordfused/eva_x_base] fold4 ep15  loss=0.4590  score=0.7766 acc=0.8090 dice=0.7011 tau*=0.875 g=0.000  (30.2s)
[ordfused/eva_x_base] fold4 ep16  loss=0.4451  score=0.7766 acc=0.8090 dice=0.7011 tau*=0.745 g=0.000  (30.6s)
[ordfused/eva_x_base] fold4 ep17  loss=0.3912  score=0.7726 acc=0.8090 dice=0.6876 tau*=0.755 g=0.000  (32.3s)
[ordfused/eva_x_base] fold4 ep18  loss=0.3857  score=0.7865 acc=0.8202 dice=0.7079 tau*=0.705 g=0.000  (31.0s)
[ordfused/eva_x_base] fold4 ep19  loss=0.3606  score=0.7811 acc=0.8202 dice=0.6899 tau*=0.460 g=0.000  (33.2s)
[ordfused/eva_x_base] fold4 ep20  loss=0.3314  score=0.7856 acc=0.8315 dice=0.6787 tau*=0.560 g=0.000  (29.8s)
[ordfused/eva_x_base] fold4 ep21  loss=0.3660  score=0.7937 acc=0.8315 dice=0.7056 tau*=0.760 g=0.000  (26.4s)
[ordfused/eva_x_base] fold4 ep22  loss=0.3406  score=0.7838 acc=0.8202 dice=0.6989 tau*=0.765 g=0.000  (38.2s)
[ordfused/eva_x_base] fold4 ep23  loss=0.2915  score=0.7856 acc=0.8315 dice=0.6787 tau*=0.595 g=0.000  (31.9s)
[ordfused/eva_x_base] fold4 ep24  loss=0.3449  score=0.7955 acc=0.8427 dice=0.6854 tau*=0.390 g=0.000  (28.9s)
[ordfused/eva_x_base] fold4 ep25  loss=0.2984  score=0.7856 acc=0.8315 dice=0.6787 tau*=0.430 g=0.000  (36.4s)
[ordfused/eva_x_base] fold4 ep26  loss=0.3216  score=0.7757 acc=0.8202 dice=0.6719 tau*=0.505 g=0.000  (33.5s)
[ordfused/eva_x_base] fold4 ep27  loss=0.2622  score=0.7856 acc=0.8315 dice=0.6787 tau*=0.415 g=0.000  (30.9s)
[ordfused/eva_x_base] fold4 ep28  loss=0.3197  score=0.7955 acc=0.8427 dice=0.6854 tau*=0.440 g=0.000  (29.9s)
[ordfused/eva_x_base] fold4 ep29  loss=0.2968  score=0.7829 acc=0.8315 dice=0.6697 tau*=0.350 g=0.000  (32.7s)
[ordfused/eva_x_base] fold4 SWA  score=0.7955 acc=0.8427 dice=0.6854 tau*=0.430 g=0.000
[ordfused/eva_x_base] fold4 BEST: {'score': 0.795505617977528, 'tau': 0.38999999999999996, 'acc': 0.8426966292134831, 'dice': 0.6853932584269662, 'gate_mean': 0.0, 'epoch': 24}  -> /workspace/Code/runs/ordfused_eva_x_base_notab/fold4_best.pt
[ordfused/eva_x_base_notab] CV mean score=0.8002 +/- 0.0262  (mean gate=0.000)
